Archive member included to satisfy reference by file (symbol)

d:/programs/atollic truestudio/truestudio for stm32 9.3.0/armtools/bin/../lib/gcc/arm-atollic-eabi/6.3.1/../../../../arm-atollic-eabi/lib/armv7-m\libstdc++_nano.a(del_op.o)
                              Core\Src\CanManager.o (operator delete(void*))
d:/programs/atollic truestudio/truestudio for stm32 9.3.0/armtools/bin/../lib/gcc/arm-atollic-eabi/6.3.1/../../../../arm-atollic-eabi/lib/armv7-m\libstdc++_nano.a(atexit_arm.o)
                              Core\Src\CanManager.o (__aeabi_atexit)
d:/programs/atollic truestudio/truestudio for stm32 9.3.0/armtools/bin/../lib/gcc/arm-atollic-eabi/6.3.1/../../../../arm-atollic-eabi/lib/armv7-m\libstdc++_nano.a(class_type_info.o)
                              Core\Src\CanManager.o (vtable for __cxxabiv1::__class_type_info)
d:/programs/atollic truestudio/truestudio for stm32 9.3.0/armtools/bin/../lib/gcc/arm-atollic-eabi/6.3.1/../../../../arm-atollic-eabi/lib/armv7-m\libstdc++_nano.a(tinfo.o)
                              d:/programs/atollic truestudio/truestudio for stm32 9.3.0/armtools/bin/../lib/gcc/arm-atollic-eabi/6.3.1/../../../../arm-atollic-eabi/lib/armv7-m\libstdc++_nano.a(class_type_info.o) (std::type_info::~type_info())
d:/programs/atollic truestudio/truestudio for stm32 9.3.0/armtools/bin/../lib/gcc/arm-atollic-eabi/6.3.1/../../../../arm-atollic-eabi/lib/armv7-m\libstdc++_nano.a(si_class_type_info.o)
                              d:/programs/atollic truestudio/truestudio for stm32 9.3.0/armtools/bin/../lib/gcc/arm-atollic-eabi/6.3.1/../../../../arm-atollic-eabi/lib/armv7-m\libstdc++_nano.a(class_type_info.o) (vtable for __cxxabiv1::__si_class_type_info)
d:/programs/atollic truestudio/truestudio for stm32 9.3.0/armtools/bin/../lib/gcc/arm-atollic-eabi/6.3.1/../../../../arm-atollic-eabi/lib/armv7-m\libstdc++_nano.a(del_ops.o)
                              d:/programs/atollic truestudio/truestudio for stm32 9.3.0/armtools/bin/../lib/gcc/arm-atollic-eabi/6.3.1/../../../../arm-atollic-eabi/lib/armv7-m\libstdc++_nano.a(class_type_info.o) (operator delete(void*, unsigned int))
d:/programs/atollic truestudio/truestudio for stm32 9.3.0/armtools/bin/../lib/gcc/arm-atollic-eabi/6.3.1/../../../../arm-atollic-eabi/lib/armv7-m\libm.a(lib_a-w_pow.o)
                              Core\Src\CanManager.o (pow)
d:/programs/atollic truestudio/truestudio for stm32 9.3.0/armtools/bin/../lib/gcc/arm-atollic-eabi/6.3.1/../../../../arm-atollic-eabi/lib/armv7-m\libm.a(lib_a-e_pow.o)
                              d:/programs/atollic truestudio/truestudio for stm32 9.3.0/armtools/bin/../lib/gcc/arm-atollic-eabi/6.3.1/../../../../arm-atollic-eabi/lib/armv7-m\libm.a(lib_a-w_pow.o) (__ieee754_pow)
d:/programs/atollic truestudio/truestudio for stm32 9.3.0/armtools/bin/../lib/gcc/arm-atollic-eabi/6.3.1/../../../../arm-atollic-eabi/lib/armv7-m\libm.a(lib_a-e_sqrt.o)
                              d:/programs/atollic truestudio/truestudio for stm32 9.3.0/armtools/bin/../lib/gcc/arm-atollic-eabi/6.3.1/../../../../arm-atollic-eabi/lib/armv7-m\libm.a(lib_a-e_pow.o) (__ieee754_sqrt)
d:/programs/atollic truestudio/truestudio for stm32 9.3.0/armtools/bin/../lib/gcc/arm-atollic-eabi/6.3.1/../../../../arm-atollic-eabi/lib/armv7-m\libm.a(lib_a-s_fabs.o)
                              d:/programs/atollic truestudio/truestudio for stm32 9.3.0/armtools/bin/../lib/gcc/arm-atollic-eabi/6.3.1/../../../../arm-atollic-eabi/lib/armv7-m\libm.a(lib_a-e_pow.o) (fabs)
d:/programs/atollic truestudio/truestudio for stm32 9.3.0/armtools/bin/../lib/gcc/arm-atollic-eabi/6.3.1/../../../../arm-atollic-eabi/lib/armv7-m\libm.a(lib_a-s_finite.o)
                              d:/programs/atollic truestudio/truestudio for stm32 9.3.0/armtools/bin/../lib/gcc/arm-atollic-eabi/6.3.1/../../../../arm-atollic-eabi/lib/armv7-m\libm.a(lib_a-w_pow.o) (finite)
d:/programs/atollic truestudio/truestudio for stm32 9.3.0/armtools/bin/../lib/gcc/arm-atollic-eabi/6.3.1/../../../../arm-atollic-eabi/lib/armv7-m\libm.a(lib_a-s_lib_ver.o)
                              d:/programs/atollic truestudio/truestudio for stm32 9.3.0/armtools/bin/../lib/gcc/arm-atollic-eabi/6.3.1/../../../../arm-atollic-eabi/lib/armv7-m\libm.a(lib_a-w_pow.o) (__fdlib_version)
d:/programs/atollic truestudio/truestudio for stm32 9.3.0/armtools/bin/../lib/gcc/arm-atollic-eabi/6.3.1/../../../../arm-atollic-eabi/lib/armv7-m\libm.a(lib_a-s_matherr.o)
                              d:/programs/atollic truestudio/truestudio for stm32 9.3.0/armtools/bin/../lib/gcc/arm-atollic-eabi/6.3.1/../../../../arm-atollic-eabi/lib/armv7-m\libm.a(lib_a-w_pow.o) (matherr)
d:/programs/atollic truestudio/truestudio for stm32 9.3.0/armtools/bin/../lib/gcc/arm-atollic-eabi/6.3.1/../../../../arm-atollic-eabi/lib/armv7-m\libm.a(lib_a-s_nan.o)
[...]
Memory Configuration

Name             Origin             Length             Attributes
RAM              0x20000000         0x0000c000         xrw
FLASH            0x08000000         0x00040000         xr
*default*        0x00000000         0xffffffff

Linker script and memory map

LOAD d:/programs/atollic truestudio/truestudio for stm32 9.3.0/armtools/bin/../lib/gcc/arm-atollic-eabi/6.3.1/armv7-m/crti.o
LOAD d:/programs/atollic truestudio/truestudio for stm32 9.3.0/armtools/bin/../lib/gcc/arm-atollic-eabi/6.3.1/armv7-m/crtbegin.o
LOAD Core\Src\Callbacks.o
LOAD Core\Src\CanManager.o
LOAD Core\Src\Joystick.o
LOAD Core\Src\ModeManager.o
LOAD Core\Src\adc.o
LOAD Core\Src\can.o
LOAD Core\Src\dma.o
LOAD Core\Src\gpio.o
LOAD Core\Src\main.o
LOAD Core\Src\stm32f1xx_hal_msp.o
LOAD Core\Src\stm32f1xx_it.o
LOAD Core\Src\syscalls.o
LOAD Core\Src\system_stm32f1xx.o
LOAD Core\Src\tim.o
LOAD Core\Src\usart.o
LOAD Drivers\STM32F1xx_HAL_Driver\Src\stm32f1xx_hal.o
LOAD Drivers\STM32F1xx_HAL_Driver\Src\stm32f1xx_hal_adc.o
LOAD Drivers\STM32F1xx_HAL_Driver\Src\stm32f1xx_hal_adc_ex.o
LOAD Drivers\STM32F1xx_HAL_Driver\Src\stm32f1xx_hal_can.o
LOAD Drivers\STM32F1xx_HAL_Driver\Src\stm32f1xx_hal_cortex.o
LOAD Drivers\STM32F1xx_HAL_Driver\Src\stm32f1xx_hal_dma.o
LOAD Drivers\STM32F1xx_HAL_Driver\Src\stm32f1xx_hal_exti.o
LOAD Drivers\STM32F1xx_HAL_Driver\Src\stm32f1xx_hal_flash.o
LOAD Drivers\STM32F1xx_HAL_Driver\Src\stm32f1xx_hal_flash_ex.o
LOAD Drivers\STM32F1xx_HAL_Driver\Src\stm32f1xx_hal_gpio.o
LOAD Drivers\STM32F1xx_HAL_Driver\Src\stm32f1xx_hal_gpio_ex.o
LOAD Drivers\STM32F1xx_HAL_Driver\Src\stm32f1xx_hal_pwr.o
LOAD Drivers\STM32F1xx_HAL_Driver\Src\stm32f1xx_hal_rcc.o
LOAD Drivers\STM32F1xx_HAL_Driver\Src\stm32f1xx_hal_rcc_ex.o
LOAD Drivers\STM32F1xx_HAL_Driver\Src\stm32f1xx_hal_tim.o
LOAD Drivers\STM32F1xx_HAL_Driver\Src\stm32f1xx_hal_tim_ex.o
LOAD Drivers\STM32F1xx_HAL_Driver\Src\stm32f1xx_hal_uart.o
LOAD startup\startup_stm32f103xe.o
                0x00001000                malloc_getpagesize_P = 0x1000
START GROUP
LOAD d:/programs/atollic truestudio/truestudio for stm32 9.3.0/armtools/bin/../lib/gcc/arm-atollic-eabi/6.3.1/../../../../arm-atollic-eabi/lib/armv7-m\libstdc++_nano.a
LOAD d:/programs/atollic truestudio/truestudio for stm32 9.3.0/armtools/bin/../lib/gcc/arm-atollic-eabi/6.3.1/../../../../arm-atollic-eabi/lib/armv7-m\libsupc++_nano.a
END GROUP
LOAD d:/programs/atollic truestudio/truestudio for stm32 9.3.0/armtools/bin/../lib/gcc/arm-atollic-eabi/6.3.1/../../../../arm-atollic-eabi/lib/armv7-m\libstdc++_nano.a
LOAD d:/programs/atollic truestudio/truestudio for stm32 9.3.0/armtools/bin/../lib/gcc/arm-atollic-eabi/6.3.1/../../../../arm-atollic-eabi/lib/armv7-m\libm.a
LOAD d:/programs/atollic truestudio/truestudio for stm32 9.3.0/armtools/bin/../lib/gcc/arm-atollic-eabi/6.3.1/../../../../arm-atollic-eabi/lib/armv7-m\libc_nano.a
START GROUP
LOAD d:/programs/atollic truestudio/truestudio for stm32 9.3.0/armtools/bin/../lib/gcc/arm-atollic-eabi/6.3.1/armv7-m\libgcc.a
LOAD d:/programs/atollic truestudio/truestudio for stm32 9.3.0/armtools/bin/../lib/gcc/arm-atollic-eabi/6.3.1/../../../../arm-atollic-eabi/lib/armv7-m\libc_nano.a
END GROUP
START GROUP
LOAD d:/programs/atollic truestudio/truestudio for stm32 9.3.0/armtools/bin/../lib/gcc/arm-atollic-eabi/6.3.1/armv7-m\libgcc.a
LOAD d:/programs/atollic truestudio/truestudio for stm32 9.3.0/armtools/bin/../lib/gcc/arm-atollic-eabi/6.3.1/../../../../arm-atollic-eabi/lib/armv7-m\libc_nano.a
LOAD d:/programs/atollic truestudio/truestudio for stm32 9.3.0/armtools/bin/../lib/gcc/arm-atollic-eabi/6.3.1/../../../../arm-atollic-eabi/lib/armv7-m\libnosys.a
END GROUP
START GROUP
LOAD d:/programs/atollic truestudio/truestudio for stm32 9.3.0/armtools/bin/../lib/gcc/arm-atollic-eabi/6.3.1/armv7-m\libgcc.a
LOAD d:/programs/atollic truestudio/truestudio for stm32 9.3.0/armtools/bin/../lib/gcc/arm-atollic-eabi/6.3.1/../../../../arm-atollic-eabi/lib/armv7-m\libc_nano.a
LOAD d:/programs/atollic truestudio/truestudio for stm32 9.3.0/armtools/bin/../lib/gcc/arm-atollic-eabi/6.3.1/../../../../arm-atollic-eabi/lib/armv7-m\libnosys.a
END GROUP
LOAD d:/programs/atollic truestudio/truestudio for stm32 9.3.0/armtools/bin/../lib/gcc/arm-atollic-eabi/6.3.1/armv7-m/crtend.o
LOAD d:/programs/atollic truestudio/truestudio for stm32 9.3.0/armtools/bin/../lib/gcc/arm-atollic-eabi/6.3.1/armv7-m/crtn.o
                0x2000c000                _estack = 0x2000c000
                0x00000100                _Min_Heap_Size = 0x100
                0x00000400                _Min_Stack_Size = 0x400

.isr_vector     0x08000000      0x1e4
                0x08000000                . = ALIGN (0x4)
 *(.isr_vector)
 .isr_vector    0x08000000      0x1e4 startup\startup_stm32f103xe.o
                0x08000000                g_pfnVectors
                0x080001e4                . = ALIGN (0x4)

.text           0x080001e8     0x67a4
                0x080001e8                . = ALIGN (0x4)
 *(.text)
 .text          0x080001e8       0x40 d:/programs/atollic truestudio/truestudio for stm32 9.3.0/armtools/bin/../lib/gcc/arm-atollic-eabi/6.3.1/armv7-m/crtbegin.o
 .text          0x08000228       0x14 d:/programs/atollic truestudio/truestudio for stm32 9.3.0/armtools/bin/../lib/gcc/arm-atollic-eabi/6.3.1/../../../../arm-atollic-eabi/lib/armv7-m\libc_nano.a(lib_a-strcmp.o)
                0x08000228                strcmp
 .text          0x0800023c      0x370 d:/programs/atollic truestudio/truestudio for stm32 9.3.0/armtools/bin/../lib/gcc/arm-atollic-eabi/6.3.1/armv7-m\libgcc.a(_arm_addsubdf3.o)
                0x0800023c                __aeabi_drsub
                0x08000244                __aeabi_dsub
                0x08000244                __subdf3
                0x08000248                __aeabi_dadd
                0x08000248                __adddf3
                0x080004c0                __floatunsidf
                0x080004c0                __aeabi_ui2d
                0x080004e0                __floatsidf
                0x080004e0                __aeabi_i2d
                0x08000504                __aeabi_f2d
                0x08000504                __extendsfdf2
                0x08000540                __floatundidf
                0x08000540                __aeabi_ul2d
                0x08000550                __floatdidf
                0x08000550                __aeabi_l2d
 .text          0x080005ac      0x424 d:/programs/atollic truestudio/truestudio for stm32 9.3.0/armtools/bin/../lib/gcc/arm-atollic-eabi/6.3.1/armv7-m\libgcc.a(_arm_muldivdf3.o)
                0x080005ac                __aeabi_dmul
                0x080005ac                __muldf3
                0x08000800                __divdf3
                0x08000800                __aeabi_ddiv
 .text          0x080009d0      0x110 d:/programs/atollic truestudio/truestudio for stm32 9.3.0/armtools/bin/../lib/gcc/arm-atollic-eabi/6.3.1/armv7-m\libgcc.a(_arm_cmpdf2.o)
                0x080009d0                __gtdf2
                0x080009d0                __gedf2
                0x080009d8                __ltdf2
                0x080009d8                __ledf2
                0x080009e0                __nedf2
                0x080009e0                __eqdf2
                0x080009e0                __cmpdf2
                0x08000a5c                __aeabi_cdrcmple
                0x08000a6c                __aeabi_cdcmpeq
                0x08000a6c                __aeabi_cdcmple
                0x08000a7c                __aeabi_dcmpeq
                0x08000a90                __aeabi_dcmplt
                0x08000aa4                __aeabi_dcmple
                0x08000ab8                __aeabi_dcmpge
                0x08000acc                __aeabi_dcmpgt
 .text          0x08000ae0       0x2c d:/programs/atollic truestudio/truestudio for stm32 9.3.0/armtools/bin/../lib/gcc/arm-atollic-eabi/6.3.1/armv7-m\libgcc.a(_arm_unorddf2.o)
                0x08000ae0                __unorddf2
                0x08000ae0                __aeabi_dcmpun
 .text          0x08000b0c       0x40 d:/programs/atollic truestudio/truestudio for stm32 9.3.0/armtools/bin/../lib/gcc/arm-atollic-eabi/6.3.1/armv7-m\libgcc.a(_arm_fixunsdfsi.o)
                0x08000b0c                __aeabi_d2uiz
                0x08000b0c                __fixunsdfsi
 .text          0x08000b4c      0x21c d:/programs/atollic truestudio/truestudio for stm32 9.3.0/armtools/bin/../lib/gcc/arm-atollic-eabi/6.3.1/armv7-m\libgcc.a(_arm_addsubsf3.o)
                0x08000b4c                __aeabi_frsub
                0x08000b54                __subsf3
                0x08000b54                __aeabi_fsub
                0x08000b58                __aeabi_fadd
                0x08000b58                __addsf3
                0x08000cb8                __aeabi_ui2f
                0x08000cb8                __floatunsisf
                0x08000cc0                __aeabi_i2f
                0x08000cc0                __floatsisf
                0x08000cdc                __aeabi_ul2f
                0x08000cdc                __floatundisf
                0x08000cec                __aeabi_l2f
                0x08000cec                __floatdisf
 .text          0x08000d68      0x2a0 d:/programs/atollic truestudio/truestudio for stm32 9.3.0/armtools/bin/../lib/gcc/arm-atollic-eabi/6.3.1/armv7-m\libgcc.a(_arm_muldivsf3.o)
                0x08000d68                __mulsf3
                0x08000d68                __aeabi_fmul
                0x08000ed0                __aeabi_fdiv
                0x08000ed0                __divsf3
 .text          0x08001008       0xec d:/programs/atollic truestudio/truestudio for stm32 9.3.0/armtools/bin/../lib/gcc/arm-atollic-eabi/6.3.1/armv7-m\libgcc.a(_arm_cmpsf2.o)
                0x08001008                __gesf2
                0x08001008                __gtsf2
                0x08001010                __lesf2
                0x08001010                __ltsf2
                0x08001018                __nesf2
                0x08001018                __eqsf2
                0x08001018                __cmpsf2
                0x08001078                __aeabi_cfrcmple
                0x08001080                __aeabi_cfcmpeq
                0x08001080                __aeabi_cfcmple
                0x08001090                __aeabi_fcmpeq
                0x080010a4                __aeabi_fcmplt
                0x080010b8                __aeabi_fcmple
                0x080010cc                __aeabi_fcmpge
                0x080010e0                __aeabi_fcmpgt
 .text          0x080010f4       0x40 d:/programs/atollic truestudio/truestudio for stm32 9.3.0/armtools/bin/../lib/gcc/arm-atollic-eabi/6.3.1/armv7-m\libgcc.a(_arm_fixunssfsi.o)
                0x080010f4                __fixunssfsi
                0x080010f4                __aeabi_f2uiz
 .text          0x08001134      0x9dc d:/programs/atollic truestudio/truestudio for stm32 9.3.0/armtools/bin/../lib/gcc/arm-atollic-eabi/6.3.1/armv7-m\libgcc.a(unwind-arm.o)
                0x080013f8                _Unwind_GetCFA
                0x080013fc                __gnu_Unwind_RaiseException
                0x0800145c                __gnu_Unwind_ForcedUnwind
                0x08001470                __gnu_Unwind_Resume
                0x080014b4                __gnu_Unwind_Resume_or_Rethrow
                0x080014c8                _Unwind_Complete
                0x080014cc                _Unwind_DeleteException
                0x080014d8                _Unwind_VRS_Get
                0x08001524                _Unwind_VRS_Set
                0x08001574                __gnu_Unwind_Backtrace
                0x080018b8                __aeabi_unwind_cpp_pr0
                0x080018bc                __aeabi_unwind_cpp_pr1
                0x080018c0                __aeabi_unwind_cpp_pr2
                0x080018c4                _Unwind_VRS_Pop
 .text          0x08001b10      0x1ac d:/programs/atollic truestudio/truestudio for stm32 9.3.0/armtools/bin/../lib/gcc/arm-atollic-eabi/6.3.1/armv7-m\libgcc.a(libunwind.o)
                0x08001b10                __restore_core_regs
                0x08001b10                restore_core_regs
                0x08001b28                __gnu_Unwind_Restore_VFP
                0x08001b30                __gnu_Unwind_Save_VFP
                0x08001b38                __gnu_Unwind_Restore_VFP_D
                0x08001b40                __gnu_Unwind_Save_VFP_D
                0x08001b48                __gnu_Unwind_Restore_VFP_D_16_to_31
                0x08001b50                __gnu_Unwind_Save_VFP_D_16_to_31
                0x08001b58                __gnu_Unwind_Restore_WMMXD
                0x08001b9c                __gnu_Unwind_Save_WMMXD
                0x08001be0                __gnu_Unwind_Restore_WMMXC
                0x08001bf4                __gnu_Unwind_Save_WMMXC
                0x08001c08                ___Unwind_RaiseException
                0x08001c08                _Unwind_RaiseException
                0x08001c2c                _Unwind_Resume
                0x08001c2c                ___Unwind_Resume
                0x08001c50                _Unwind_Resume_or_Rethrow
                0x08001c50                ___Unwind_Resume_or_Rethrow
                0x08001c74                _Unwind_ForcedUnwind
                0x08001c74                ___Unwind_ForcedUnwind
                0x08001c98                ___Unwind_Backtrace
                0x08001c98                _Unwind_Backtrace
 .text          0x08001cbc      0x384 d:/programs/atollic truestudio/truestudio for stm32 9.3.0/armtools/bin/../lib/gcc/arm-atollic-eabi/6.3.1/armv7-m\libgcc.a(pr-support.o)
                0x08001d14                __gnu_unwind_execute
                0x08001fe4                __gnu_unwind_frame
                0x08002010                _Unwind_GetRegionStart
                0x0800201c                _Unwind_GetLanguageSpecificData
                0x08002030                _Unwind_GetTextRelBase
                0x08002038                _Unwind_GetDataRelBase
 *(.text*)
 .text.HAL_TIM_PeriodElapsedCallback
                0x08002040       0x6c Core\Src\Callbacks.o
                0x08002040                HAL_TIM_PeriodElapsedCallback
 .text.HAL_CAN_RxFifo1MsgPendingCallback
                0x080020ac       0x2c Core\Src\Callbacks.o
                0x080020ac                HAL_CAN_RxFifo1MsgPendingCallback
 .text._ZN10CanManager4initEv
                0x080020d8       0x16 Core\Src\CanManager.o
                0x080020d8                CanManager::init()
 .text._ZN10CanManager7processEv
                0x080020ee       0x24 Core\Src\CanManager.o
                0x080020ee                CanManager::process()
 *fill*         0x08002112        0x2 
 .text._ZN10CanManager10getSign_RxEPh
                0x08002114       0x34 Core\Src\CanManager.o
                0x08002114                CanManager::getSign_Rx(unsigned char*)
 .text._ZN10CanManager26convertVelocityTurnData_RxEPh
                0x08002148       0x5c Core\Src\CanManager.o
                0x08002148                CanManager::convertVelocityTurnData_Rx(unsigned char*)
 .text._ZN10CanManager20convertStatusData_RxEPh
                0x080021a4       0x48 Core\Src\CanManager.o
                0x080021a4                CanManager::convertStatusData_Rx(unsigned char*)
 .text._ZN10CanManager18getRCmodeStatus_RxEh
                0x080021ec       0x3e Core\Src\CanManager.o
                0x080021ec                CanManager::getRCmodeStatus_Rx(unsigned char)
 .text._ZN10CanManager21getDriveModestatus_RxEh
                0x0800222a       0x2a Core\Src\CanManager.o
                0x0800222a                CanManager::getDriveModestatus_Rx(unsigned char)
 .text._ZN10CanManager15uint8_To_uint16EPhh
                0x08002254       0x36 Core\Src\CanManager.o
                0x08002254                CanManager::uint8_To_uint16(unsigned char*, unsigned char)
 *fill*         0x0800228a        0x2 
 .text._ZN10CanManager11setVelocityEfN11ModeManager10MSG_ORIGINE
                0x0800228c       0x3c Core\Src\CanManager.o
                0x0800228c                CanManager::setVelocity(float, ModeManager::MSG_ORIGIN)
 .text._ZN10CanManager7setTurnEfN11ModeManager10MSG_ORIGINE
                0x080022c8       0x3c Core\Src\CanManager.o
                0x080022c8                CanManager::setTurn(float, ModeManager::MSG_ORIGIN)
 .text._ZN10CanManager10getData_RxEmPhh
                0x08002304       0xa8 Core\Src\CanManager.o
                0x08002304                CanManager::getData_Rx(unsigned long, unsigned char*, unsigned char)
 .text._ZN10CanManager7sendMsgENS_9SEND_MODEEPh
                0x080023ac       0x40 Core\Src\CanManager.o
                0x080023ac                CanManager::sendMsg(CanManager::SEND_MODE, unsigned char*)
 .text._ZN10CanManager10getSign_TxEf
                0x080023ec       0x28 Core\Src\CanManager.o
                0x080023ec                CanManager::getSign_Tx(float)
 .text._ZN10CanManager21convertFloatToUint16tEff
                0x08002414       0x7c Core\Src\CanManager.o
                0x08002414                CanManager::convertFloatToUint16t(float, float)
 .text._ZN10CanManager17convertToFrame_TxEhtNS_9SEND_MODEE
                0x08002490       0x5a Core\Src\CanManager.o
                0x08002490                CanManager::convertToFrame_Tx(unsigned char, unsigned short, CanManager::SEND_MODE)
 .text._ZN10CanManager23encode_frame_big_endianEPhh
                0x080024ea       0x50 Core\Src\CanManager.o
                0x080024ea                CanManager::encode_frame_big_endian(unsigned char*, unsigned char)
 *fill*         0x0800253a        0x2 
 .text._ZN10CanManager26convertVelocityTurnData_TxEfNS_9SEND_MODEE
                0x0800253c       0x5c Core\Src\CanManager.o
                0x0800253c                CanManager::convertVelocityTurnData_Tx(float, CanManager::SEND_MODE)
 .text._ZN10CanManager12sendVelocityEf
                0x08002598       0x1c Core\Src\CanManager.o
                0x08002598                CanManager::sendVelocity(float)
 .text._ZN10CanManager8sendTurnEf
                0x080025b4       0x1c Core\Src\CanManager.o
                0x080025b4                CanManager::sendTurn(float)
 .text._ZN10CanManager13stopAllMotorsEv
                0x080025d0       0x28 Core\Src\CanManager.o
                0x080025d0                CanManager::stopAllMotors()
 .text._ZN10CanManager12hal_can_sendEthPh
                0x080025f8       0x54 Core\Src\CanManager.o
                0x080025f8                CanManager::hal_can_send(unsigned short, unsigned char, unsigned char*)
 .text._ZN10CanManager19hal_can_filter_initEv
                0x0800264c       0x4c Core\Src\CanManager.o
                0x0800264c                CanManager::hal_can_filter_init()
 .text._ZN10CanManagerC2Ev
                0x08002698       0x20 Core\Src\CanManager.o
                0x08002698                CanManager::CanManager()
                0x08002698                CanManager::CanManager()
 .text._ZN10CanManagerD2Ev
                0x080026b8       0x20 Core\Src\CanManager.o
                0x080026b8                CanManager::~CanManager()
                0x080026b8                CanManager::~CanManager()
 .text._ZN10CanManagerD0Ev
                0x080026d8       0x1e Core\Src\CanManager.o
                0x080026d8                CanManager::~CanManager()
 .text._ZSt3powIiiEN9__gnu_cxx11__promote_2IT_T0_NS0_9__promoteIS2_XsrSt12__is_integerIS2_E7__valueEE6__typeENS4_IS3_XsrS5_IS3_E7__valueEE6__typeEE6__typeES2_S3_
                0x080026f6       0x34 Core\Src\CanManager.o
                0x080026f6                __gnu_cxx::__promote_2<int, int, __gnu_cxx::__promote<int, std::__is_integer<int>::__value>::__type, __gnu_cxx::__promote<int, std::__is_integer<int>::__value>::__type>::__type std::pow<int, int>(int, int)
 *fill*         0x0800272a        0x2 
 .text._Z41__static_initialization_and_destruction_0ii
                0x0800272c       0x40 Core\Src\CanManager.o
 .text._GLOBAL__sub_I_canManager
                0x0800276c       0x10 Core\Src\CanManager.o
 .text._ZSt4fabsf
                0x0800277c       0x18 Core\Src\Joystick.o
                0x0800277c                std::fabs(float)
 .text._ZN8Joystick4initEv
                0x08002794       0xcc Core\Src\Joystick.o
                0x08002794                Joystick::init()
 .text._ZN8Joystick12get_adc_dataEPNS_13joystick_dataEPm
                0x08002860       0x42 Core\Src\Joystick.o
                0x08002860                Joystick::get_adc_data(Joystick::joystick_data*, unsigned long*)
 .text._ZN8Joystick20get_hal_adc_raw_dataEv
                0x080028a2       0x16 Core\Src\Joystick.o
                0x080028a2                Joystick::get_hal_adc_raw_data()
 .text._ZN8Joystick18convert_adc_valuesEv
                0x080028b8       0xd8 Core\Src\Joystick.o
                0x080028b8                Joystick::convert_adc_values()
 .text._ZN8Joystick20is_joy_near_neautralENS_9ax_paramsE
                0x08002990       0x88 Core\Src\Joystick.o
                0x08002990                Joystick::is_joy_near_neautral(Joystick::ax_params)
 .text._ZN8Joystick23calcualate_axis_voltageENS_9ax_paramsE
                0x08002a18      0x1e4 Core\Src\Joystick.o
                0x08002a18                Joystick::calcualate_axis_voltage(Joystick::ax_params)
 .text._ZN8Joystick18calculate_joy_dataEv
                0x08002bfc       0x40 Core\Src\Joystick.o
                0x08002bfc                Joystick::calculate_joy_data()
 .text._ZN8Joystick9sendToCanEv
                0x08002c3c       0x30 Core\Src\Joystick.o
                0x08002c3c                Joystick::sendToCan()
 .text._ZN8Joystick7processEv
                0x08002c6c       0x22 Core\Src\Joystick.o
                0x08002c6c                Joystick::process()
 *fill*         0x08002c8e        0x2 
 .text._ZN8JoystickC2Ev
                0x08002c90       0x4c Core\Src\Joystick.o
                0x08002c90                Joystick::Joystick()
                0x08002c90                Joystick::Joystick()
 .text._ZN8JoystickD2Ev
                0x08002cdc       0x20 Core\Src\Joystick.o
                0x08002cdc                Joystick::~Joystick()
                0x08002cdc                Joystick::~Joystick()
 .text._ZN8JoystickD0Ev
                0x08002cfc       0x1e Core\Src\Joystick.o
                0x08002cfc                Joystick::~Joystick()
 .text._ZSt3powIihEN9__gnu_cxx11__promote_2IT_T0_NS0_9__promoteIS2_XsrSt12__is_integerIS2_E7__valueEE6__typeENS4_IS3_XsrS5_IS3_E7__valueEE6__typeEE6__typeES2_S3_
                0x08002d1a       0x38 Core\Src\Joystick.o
                0x08002d1a                __gnu_cxx::__promote_2<int, unsigned char, __gnu_cxx::__promote<int, std::__is_integer<int>::__value>::__type, __gnu_cxx::__promote<unsigned char, std::__is_integer<unsigned char>::__value>::__type>::__type std::pow<int, unsigned char>(int, unsigned char)
 *fill*         0x08002d52        0x2 
 .text._Z41__static_initialization_and_destruction_0ii
                0x08002d54       0x40 Core\Src\Joystick.o
 .text._GLOBAL__sub_I_joystick
                0x08002d94       0x10 Core\Src\Joystick.o
 .text._ZN11ModeManager4initEv
                0x08002da4       0x28 Core\Src\ModeManager.o
                0x08002da4                ModeManager::init()
 .text._ZN11ModeManager18velocityPermissionENS_10MSG_ORIGINE
                0x08002dcc       0x82 Core\Src\ModeManager.o
                0x08002dcc                ModeManager::velocityPermission(ModeManager::MSG_ORIGIN)
 .text._ZN11ModeManager14turnPermissionENS_10MSG_ORIGINE
                0x08002e4e       0x82 Core\Src\ModeManager.o
                0x08002e4e                ModeManager::turnPermission(ModeManager::MSG_ORIGIN)
 .text._ZN11ModeManager12statusUpdateENS_7RC_MODEENS_10DRIVE_MODEE
                0x08002ed0       0x38 Core\Src\ModeManager.o
                0x08002ed0                ModeManager::statusUpdate(ModeManager::RC_MODE, ModeManager::DRIVE_MODE)
 .text._ZN11ModeManager14startIdleTimerEv
                0x08002f08       0x1c Core\Src\ModeManager.o
                0x08002f08                ModeManager::startIdleTimer()
 .text._ZN11ModeManager13stopIdleTimerEv
                0x08002f24       0x20 Core\Src\ModeManager.o
                0x08002f24                ModeManager::stopIdleTimer()
 .text._ZN11ModeManager14resetIdleTimerEv
                0x08002f44       0x20 Core\Src\ModeManager.o
                0x08002f44                ModeManager::resetIdleTimer()
 .text._ZN11ModeManager12getDriveModeEv
                0x08002f64       0x16 Core\Src\ModeManager.o
                0x08002f64                ModeManager::getDriveMode()
 .text._ZN11ModeManager9getRCmodeEv
                0x08002f7a       0x16 Core\Src\ModeManager.o
                0x08002f7a                ModeManager::getRCmode()
 .text._ZN11ModeManager14isJoystickModeEv
                0x08002f90       0x38 Core\Src\ModeManager.o
                0x08002f90                ModeManager::isJoystickMode()
 .text._ZN11ModeManagerC2Ev
                0x08002fc8       0x20 Core\Src\ModeManager.o
                0x08002fc8                ModeManager::ModeManager()
                0x08002fc8                ModeManager::ModeManager()
 .text._ZN11ModeManagerD2Ev
                0x08002fe8       0x20 Core\Src\ModeManager.o
                0x08002fe8                ModeManager::~ModeManager()
                0x08002fe8                ModeManager::~ModeManager()
 .text._ZN11ModeManagerD0Ev
                0x08003008       0x1e Core\Src\ModeManager.o
                0x08003008                ModeManager::~ModeManager()
 *fill*         0x08003026        0x2 
 .text._Z41__static_initialization_and_destruction_0ii
                0x08003028       0x40 Core\Src\ModeManager.o
 .text._GLOBAL__sub_I_modeManager
                0x08003068       0x10 Core\Src\ModeManager.o
 .text.MX_ADC1_Init
                0x08003078       0x9c Core\Src\adc.o
                0x08003078                MX_ADC1_Init
 .text.HAL_ADC_MspInit
                0x08003114       0xc0 Core\Src\adc.o
                0x08003114                HAL_ADC_MspInit
 .text.MX_CAN_Init
                0x080031d4       0x3c Core\Src\can.o
                0x080031d4                MX_CAN_Init
 .text.HAL_CAN_MspInit
                0x08003210       0xa0 Core\Src\can.o
                0x08003210                HAL_CAN_MspInit
 .text.MX_DMA_Init
                0x080032b0       0x50 Core\Src\dma.o
                0x080032b0                MX_DMA_Init
 .text.MX_GPIO_Init
                0x08003300      0x14c Core\Src\gpio.o
                0x08003300                MX_GPIO_Init
 .text.main     0x0800344c       0x44 Core\Src\main.o
                0x0800344c                main
 .text.SystemClock_Config
                0x08003490       0xcc Core\Src\main.o
                0x08003490                SystemClock_Config
 .text.Error_Handler
                0x0800355c        0xc Core\Src\main.o
                0x0800355c                Error_Handler
 .text.HAL_MspInit
                0x08003568       0x44 Core\Src\stm32f1xx_hal_msp.o
                0x08003568                HAL_MspInit
 .text.NMI_Handler
                0x080035ac        0x2 Core\Src\stm32f1xx_it.o
                0x080035ac                NMI_Handler
 .text.HardFault_Handler
                0x080035ae        0x2 Core\Src\stm32f1xx_it.o
                0x080035ae                HardFault_Handler
 .text.MemManage_Handler
                0x080035b0        0x2 Core\Src\stm32f1xx_it.o
                0x080035b0                MemManage_Handler
 .text.BusFault_Handler
                0x080035b2        0x2 Core\Src\stm32f1xx_it.o
                0x080035b2                BusFault_Handler
 .text.UsageFault_Handler
                0x080035b4        0x2 Core\Src\stm32f1xx_it.o
                0x080035b4                UsageFault_Handler
 .text.SVC_Handler
                0x080035b6        0x2 Core\Src\stm32f1xx_it.o
                0x080035b6                SVC_Handler
 .text.DebugMon_Handler
                0x080035b8        0x2 Core\Src\stm32f1xx_it.o
                0x080035b8                DebugMon_Handler
 .text.PendSV_Handler
                0x080035ba        0x2 Core\Src\stm32f1xx_it.o
                0x080035ba                PendSV_Handler
 .text.SysTick_Handler
                0x080035bc        0x4 Core\Src\stm32f1xx_it.o
                0x080035bc                SysTick_Handler
 .text.DMA1_Channel1_IRQHandler
                0x080035c0        0xc Core\Src\stm32f1xx_it.o
                0x080035c0                DMA1_Channel1_IRQHandler
 .text.DMA1_Channel4_IRQHandler
                0x080035cc        0xc Core\Src\stm32f1xx_it.o
                0x080035cc                DMA1_Channel4_IRQHandler
 .text.DMA1_Channel5_IRQHandler
                0x080035d8        0xc Core\Src\stm32f1xx_it.o
                0x080035d8                DMA1_Channel5_IRQHandler
 .text.CAN1_RX1_IRQHandler
                0x080035e4        0xc Core\Src\stm32f1xx_it.o
                0x080035e4                CAN1_RX1_IRQHandler
 .text.USB_LP_CAN1_RX0_IRQHandler
                0x080035f0        0x4 Core\Src\stm32f1xx_it.o
                0x080035f0                USB_LP_CAN1_RX0_IRQHandler
 .text.USB_HP_CAN1_TX_IRQHandler
                0x080035f4        0x4 Core\Src\stm32f1xx_it.o
                0x080035f4                USB_HP_CAN1_TX_IRQHandler
 .text.TIM3_IRQHandler
                0x080035f8        0xc Core\Src\stm32f1xx_it.o
                0x080035f8                TIM3_IRQHandler
 .text.TIM4_IRQHandler
                0x08003604        0xc Core\Src\stm32f1xx_it.o
                0x08003604                TIM4_IRQHandler
 .text._getpid  0x08003610        0x4 Core\Src\syscalls.o
                0x08003610                _getpid
 .text._kill    0x08003614       0x10 Core\Src\syscalls.o
                0x08003614                _kill
 .text._exit    0x08003624        0xc Core\Src\syscalls.o
                0x08003624                _exit
 .text._sbrk    0x08003630       0x34 Core\Src\syscalls.o
                0x08003630                _sbrk
 .text.SystemInit
                0x08003664       0x4c Core\Src\system_stm32f1xx.o
                0x08003664                SystemInit
 .text.MX_TIM3_Init
                0x080036b0       0x6c Core\Src\tim.o
                0x080036b0                MX_TIM3_Init
 .text.HAL_TIM_Base_MspInit
                0x0800371c       0x68 Core\Src\tim.o
                0x0800371c                HAL_TIM_Base_MspInit
 .text.MX_USART1_UART_Init
                0x08003784       0x38 Core\Src\usart.o
                0x08003784                MX_USART1_UART_Init
 .text.HAL_UART_MspInit
                0x080037bc       0xd8 Core\Src\usart.o
                0x080037bc                HAL_UART_MspInit
 .text.HAL_InitTick
                0x08003894       0x48 Drivers\STM32F1xx_HAL_Driver\Src\stm32f1xx_hal.o
                0x08003894                HAL_InitTick
 .text.HAL_Init
                0x080038dc       0x24 Drivers\STM32F1xx_HAL_Driver\Src\stm32f1xx_hal.o
                0x080038dc                HAL_Init
 .text.HAL_IncTick
                0x08003900       0x18 Drivers\STM32F1xx_HAL_Driver\Src\stm32f1xx_hal.o
                0x08003900                HAL_IncTick
 .text.HAL_GetTick
                0x08003918        0xc Drivers\STM32F1xx_HAL_Driver\Src\stm32f1xx_hal.o
                0x08003918                HAL_GetTick
 .text.HAL_ADC_ConvCpltCallback
                0x08003924        0x2 Drivers\STM32F1xx_HAL_Driver\Src\stm32f1xx_hal_adc.o
                0x08003924                HAL_ADC_ConvCpltCallback
 .text.ADC_DMAConvCplt
                0x08003926       0x4e Drivers\STM32F1xx_HAL_Driver\Src\stm32f1xx_hal_adc.o
                0x08003926                ADC_DMAConvCplt
 .text.HAL_ADC_ConvHalfCpltCallback
                0x08003974        0x2 Drivers\STM32F1xx_HAL_Driver\Src\stm32f1xx_hal_adc.o
                0x08003974                HAL_ADC_ConvHalfCpltCallback
 .text.ADC_DMAHalfConvCplt
                0x08003976        0xa Drivers\STM32F1xx_HAL_Driver\Src\stm32f1xx_hal_adc.o
                0x08003976                ADC_DMAHalfConvCplt
 .text.HAL_ADC_ErrorCallback
                0x08003980        0x2 Drivers\STM32F1xx_HAL_Driver\Src\stm32f1xx_hal_adc.o
                0x08003980                HAL_ADC_ErrorCallback
 .text.ADC_DMAError
                0x08003982       0x1a Drivers\STM32F1xx_HAL_Driver\Src\stm32f1xx_hal_adc.o
                0x08003982                ADC_DMAError
 .text.HAL_ADC_ConfigChannel
                0x0800399c      0x108 Drivers\STM32F1xx_HAL_Driver\Src\stm32f1xx_hal_adc.o
                0x0800399c                HAL_ADC_ConfigChannel
 .text.ADC_Enable
                0x08003aa4       0x70 Drivers\STM32F1xx_HAL_Driver\Src\stm32f1xx_hal_adc.o
                0x08003aa4                ADC_Enable
 .text.HAL_ADC_Start
                0x08003b14       0xc4 Drivers\STM32F1xx_HAL_Driver\Src\stm32f1xx_hal_adc.o
                0x08003b14                HAL_ADC_Start
 .text.HAL_ADC_Start_DMA
                0x08003bd8      0x11c Drivers\STM32F1xx_HAL_Driver\Src\stm32f1xx_hal_adc.o
                0x08003bd8                HAL_ADC_Start_DMA
 .text.ADC_ConversionStop_Disable
                0x08003cf4       0x44 Drivers\STM32F1xx_HAL_Driver\Src\stm32f1xx_hal_adc.o
                0x08003cf4                ADC_ConversionStop_Disable
 .text.HAL_ADC_Init
                0x08003d38      0x114 Drivers\STM32F1xx_HAL_Driver\Src\stm32f1xx_hal_adc.o
                0x08003d38                HAL_ADC_Init
 .text.HAL_CAN_Init
                0x08003e4c       0xf6 Drivers\STM32F1xx_HAL_Driver\Src\stm32f1xx_hal_can.o
                0x08003e4c                HAL_CAN_Init
 .text.HAL_CAN_ConfigFilter
                0x08003f42       0xd8 Drivers\STM32F1xx_HAL_Driver\Src\stm32f1xx_hal_can.o
                0x08003f42                HAL_CAN_ConfigFilter
 .text.HAL_CAN_AddTxMessage
                0x0800401a       0x9c Drivers\STM32F1xx_HAL_Driver\Src\stm32f1xx_hal_can.o
                0x0800401a                HAL_CAN_AddTxMessage
 .text.HAL_CAN_GetRxMessage
                0x080040b6       0xec Drivers\STM32F1xx_HAL_Driver\Src\stm32f1xx_hal_can.o
                0x080040b6                HAL_CAN_GetRxMessage
 .text.HAL_CAN_TxMailbox0CompleteCallback
                0x080041a2        0x2 Drivers\STM32F1xx_HAL_Driver\Src\stm32f1xx_hal_can.o
                0x080041a2                HAL_CAN_TxMailbox0CompleteCallback
 .text.HAL_CAN_TxMailbox1CompleteCallback
                0x080041a4        0x2 Drivers\STM32F1xx_HAL_Driver\Src\stm32f1xx_hal_can.o
                0x080041a4                HAL_CAN_TxMailbox1CompleteCallback
 .text.HAL_CAN_TxMailbox2CompleteCallback
                0x080041a6        0x2 Drivers\STM32F1xx_HAL_Driver\Src\stm32f1xx_hal_can.o
                0x080041a6                HAL_CAN_TxMailbox2CompleteCallback
 .text.HAL_CAN_TxMailbox0AbortCallback
                0x080041a8        0x2 Drivers\STM32F1xx_HAL_Driver\Src\stm32f1xx_hal_can.o
                0x080041a8                HAL_CAN_TxMailbox0AbortCallback
 .text.HAL_CAN_TxMailbox1AbortCallback
                0x080041aa        0x2 Drivers\STM32F1xx_HAL_Driver\Src\stm32f1xx_hal_can.o
                0x080041aa                HAL_CAN_TxMailbox1AbortCallback
 .text.HAL_CAN_TxMailbox2AbortCallback
                0x080041ac        0x2 Drivers\STM32F1xx_HAL_Driver\Src\stm32f1xx_hal_can.o
                0x080041ac                HAL_CAN_TxMailbox2AbortCallback
 .text.HAL_CAN_RxFifo0MsgPendingCallback
                0x080041ae        0x2 Drivers\STM32F1xx_HAL_Driver\Src\stm32f1xx_hal_can.o
                0x080041ae                HAL_CAN_RxFifo0MsgPendingCallback
 .text.HAL_CAN_RxFifo0FullCallback
                0x080041b0        0x2 Drivers\STM32F1xx_HAL_Driver\Src\stm32f1xx_hal_can.o
                0x080041b0                HAL_CAN_RxFifo0FullCallback
 .text.HAL_CAN_RxFifo1FullCallback
                0x080041b2        0x2 Drivers\STM32F1xx_HAL_Driver\Src\stm32f1xx_hal_can.o
                0x080041b2                HAL_CAN_RxFifo1FullCallback
 .text.HAL_CAN_SleepCallback
                0x080041b4        0x2 Drivers\STM32F1xx_HAL_Driver\Src\stm32f1xx_hal_can.o
                0x080041b4                HAL_CAN_SleepCallback
 .text.HAL_CAN_WakeUpFromRxMsgCallback
                0x080041b6        0x2 Drivers\STM32F1xx_HAL_Driver\Src\stm32f1xx_hal_can.o
                0x080041b6                HAL_CAN_WakeUpFromRxMsgCallback
 .text.HAL_CAN_ErrorCallback
                0x080041b8        0x2 Drivers\STM32F1xx_HAL_Driver\Src\stm32f1xx_hal_can.o
                0x080041b8                HAL_CAN_ErrorCallback
 .text.HAL_CAN_IRQHandler
                0x080041ba      0x1fc Drivers\STM32F1xx_HAL_Driver\Src\stm32f1xx_hal_can.o
                0x080041ba                HAL_CAN_IRQHandler
 *fill*         0x080043b6        0x2 
 .text.HAL_NVIC_SetPriorityGrouping
                0x080043b8       0x24 Drivers\STM32F1xx_HAL_Driver\Src\stm32f1xx_hal_cortex.o
                0x080043b8                HAL_NVIC_SetPriorityGrouping
 .text.HAL_NVIC_SetPriority
                0x080043dc       0x68 Drivers\STM32F1xx_HAL_Driver\Src\stm32f1xx_hal_cortex.o
                0x080043dc                HAL_NVIC_SetPriority
 .text.HAL_NVIC_EnableIRQ
                0x08004444       0x1c Drivers\STM32F1xx_HAL_Driver\Src\stm32f1xx_hal_cortex.o
                0x08004444                HAL_NVIC_EnableIRQ
 .text.HAL_SYSTICK_Config
                0x08004460       0x2c Drivers\STM32F1xx_HAL_Driver\Src\stm32f1xx_hal_cortex.o
                0x08004460                HAL_SYSTICK_Config
 .text.HAL_DMA_Init
                0x0800448c       0x80 Drivers\STM32F1xx_HAL_Driver\Src\stm32f1xx_hal_dma.o
                0x0800448c                HAL_DMA_Init
 .text.HAL_DMA_Start_IT
                0x0800450c       0x7a Drivers\STM32F1xx_HAL_Driver\Src\stm32f1xx_hal_dma.o
                0x0800450c                HAL_DMA_Start_IT
 *fill*         0x08004586        0x2 
 .text.HAL_DMA_IRQHandler
                0x08004588      0x1b8 Drivers\STM32F1xx_HAL_Driver\Src\stm32f1xx_hal_dma.o
                0x08004588                HAL_DMA_IRQHandler
 .text.HAL_GPIO_Init
                0x08004740      0x1d8 Drivers\STM32F1xx_HAL_Driver\Src\stm32f1xx_hal_gpio.o
                0x08004740                HAL_GPIO_Init
 .text.HAL_GPIO_WritePin
                0x08004918        0xa Drivers\STM32F1xx_HAL_Driver\Src\stm32f1xx_hal_gpio.o
                0x08004918                HAL_GPIO_WritePin
 *fill*         0x08004922        0x2 
 .text.HAL_RCC_OscConfig
                0x08004924      0x33c Drivers\STM32F1xx_HAL_Driver\Src\stm32f1xx_hal_rcc.o
                0x08004924                HAL_RCC_OscConfig
 .text.HAL_RCC_GetSysClockFreq
                0x08004c60       0x78 Drivers\STM32F1xx_HAL_Driver\Src\stm32f1xx_hal_rcc.o
                0x08004c60                HAL_RCC_GetSysClockFreq
 .text.HAL_RCC_ClockConfig
                0x08004cd8      0x13c Drivers\STM32F1xx_HAL_Driver\Src\stm32f1xx_hal_rcc.o
                0x08004cd8                HAL_RCC_ClockConfig
 .text.HAL_RCC_GetPCLK1Freq
                0x08004e14       0x20 Drivers\STM32F1xx_HAL_Driver\Src\stm32f1xx_hal_rcc.o
                0x08004e14                HAL_RCC_GetPCLK1Freq
 .text.HAL_RCC_GetPCLK2Freq
                0x08004e34       0x20 Drivers\STM32F1xx_HAL_Driver\Src\stm32f1xx_hal_rcc.o
                0x08004e34                HAL_RCC_GetPCLK2Freq
 .text.HAL_RCCEx_PeriphCLKConfig
                0x08004e54       0xf0 Drivers\STM32F1xx_HAL_Driver\Src\stm32f1xx_hal_rcc_ex.o
                0x08004e54                HAL_RCCEx_PeriphCLKConfig
 .text.HAL_TIM_Base_Start_IT
                0x08004f44       0x20 Drivers\STM32F1xx_HAL_Driver\Src\stm32f1xx_hal_tim.o
                0x08004f44                HAL_TIM_Base_Start_IT
 .text.HAL_TIM_Base_Stop_IT
                0x08004f64       0x2a Drivers\STM32F1xx_HAL_Driver\Src\stm32f1xx_hal_tim.o
                0x08004f64                HAL_TIM_Base_Stop_IT
 .text.HAL_TIM_OC_DelayElapsedCallback
                0x08004f8e        0x2 Drivers\STM32F1xx_HAL_Driver\Src\stm32f1xx_hal_tim.o
                0x08004f8e                HAL_TIM_OC_DelayElapsedCallback
 .text.HAL_TIM_IC_CaptureCallback
                0x08004f90        0x2 Drivers\STM32F1xx_HAL_Driver\Src\stm32f1xx_hal_tim.o
                0x08004f90                HAL_TIM_IC_CaptureCallback
 .text.HAL_TIM_PWM_PulseFinishedCallback
                0x08004f92        0x2 Drivers\STM32F1xx_HAL_Driver\Src\stm32f1xx_hal_tim.o
                0x08004f92                HAL_TIM_PWM_PulseFinishedCallback
 .text.HAL_TIM_TriggerCallback
                0x08004f94        0x2 Drivers\STM32F1xx_HAL_Driver\Src\stm32f1xx_hal_tim.o
                0x08004f94                HAL_TIM_TriggerCallback
 .text.HAL_TIM_IRQHandler
                0x08004f96      0x144 Drivers\STM32F1xx_HAL_Driver\Src\stm32f1xx_hal_tim.o
                0x08004f96                HAL_TIM_IRQHandler
 *fill*         0x080050da        0x2 
 .text.TIM_Base_SetConfig
                0x080050dc       0x98 Drivers\STM32F1xx_HAL_Driver\Src\stm32f1xx_hal_tim.o
                0x080050dc                TIM_Base_SetConfig
 .text.HAL_TIM_Base_Init
                0x08005174       0x34 Drivers\STM32F1xx_HAL_Driver\Src\stm32f1xx_hal_tim.o
                0x08005174                HAL_TIM_Base_Init
 .text.TIM_ETR_SetConfig
                0x080051a8       0x14 Drivers\STM32F1xx_HAL_Driver\Src\stm32f1xx_hal_tim.o
                0x080051a8                TIM_ETR_SetConfig
 .text.HAL_TIM_ConfigClockSource
                0x080051bc      0x128 Drivers\STM32F1xx_HAL_Driver\Src\stm32f1xx_hal_tim.o
                0x080051bc                HAL_TIM_ConfigClockSource
 .text.HAL_TIMEx_MasterConfigSynchronization
                0x080052e4       0x3c Drivers\STM32F1xx_HAL_Driver\Src\stm32f1xx_hal_tim_ex.o
                0x080052e4                HAL_TIMEx_MasterConfigSynchronization
 .text.HAL_TIMEx_CommutCallback
                0x08005320        0x2 Drivers\STM32F1xx_HAL_Driver\Src\stm32f1xx_hal_tim_ex.o
                0x08005320                HAL_TIMEx_CommutCallback
 .text.HAL_TIMEx_BreakCallback
                0x08005322        0x2 Drivers\STM32F1xx_HAL_Driver\Src\stm32f1xx_hal_tim_ex.o
                0x08005322                HAL_TIMEx_BreakCallback
 .text.UART_SetConfig
                0x08005324       0x74 Drivers\STM32F1xx_HAL_Driver\Src\stm32f1xx_hal_uart.o
 .text.HAL_UART_Init
                0x08005398       0x5c Drivers\STM32F1xx_HAL_Driver\Src\stm32f1xx_hal_uart.o
                0x08005398                HAL_UART_Init
 .text.Reset_Handler
                0x080053f4       0x48 startup\startup_stm32f103xe.o
                0x080053f4                Reset_Handler
 .text.Default_Handler
                0x0800543c        0x2 startup\startup_stm32f103xe.o
                0x0800543c                RTC_Alarm_IRQHandler
                0x0800543c                EXTI2_IRQHandler
                0x0800543c                TIM8_TRG_COM_IRQHandler
                0x0800543c                TIM8_CC_IRQHandler
                0x0800543c                TIM1_CC_IRQHandler
                0x0800543c                TIM6_IRQHandler
                0x0800543c                PVD_IRQHandler
                0x0800543c                SDIO_IRQHandler
                0x0800543c                EXTI3_IRQHandler
                0x0800543c                EXTI0_IRQHandler
                0x0800543c                I2C2_EV_IRQHandler
                0x0800543c                ADC1_2_IRQHandler
                0x0800543c                SPI1_IRQHandler
                0x0800543c                TAMPER_IRQHandler
                0x0800543c                TIM8_UP_IRQHandler
                0x0800543c                DMA2_Channel2_IRQHandler
                0x0800543c                USART3_IRQHandler
                0x0800543c                RTC_IRQHandler
                0x0800543c                DMA1_Channel7_IRQHandler
                0x0800543c                UART5_IRQHandler
                0x0800543c                ADC3_IRQHandler
                0x0800543c                DMA2_Channel1_IRQHandler
                0x0800543c                I2C1_EV_IRQHandler
                0x0800543c                DMA1_Channel6_IRQHandler
                0x0800543c                UART4_IRQHandler
                0x0800543c                RCC_IRQHandler
                0x0800543c                TIM1_TRG_COM_IRQHandler
                0x0800543c                Default_Handler
                0x0800543c                EXTI15_10_IRQHandler
                0x0800543c                TIM7_IRQHandler
                0x0800543c                TIM5_IRQHandler
                0x0800543c                EXTI9_5_IRQHandler
                0x0800543c                SPI2_IRQHandler
                0x0800543c                EXTI4_IRQHandler
                0x0800543c                DMA1_Channel3_IRQHandler
                0x0800543c                FSMC_IRQHandler
                0x0800543c                TIM1_UP_IRQHandler
                0x0800543c                WWDG_IRQHandler
                0x0800543c                TIM2_IRQHandler
                0x0800543c                TIM1_BRK_IRQHandler
                0x0800543c                EXTI1_IRQHandler
                0x0800543c                DMA2_Channel4_5_IRQHandler
                0x0800543c                USART2_IRQHandler
                0x0800543c                I2C2_ER_IRQHandler
                0x0800543c                DMA1_Channel2_IRQHandler
                0x0800543c                TIM8_BRK_IRQHandler
                0x0800543c                CAN1_SCE_IRQHandler
                0x0800543c                FLASH_IRQHandler
                0x0800543c                USART1_IRQHandler
                0x0800543c                SPI3_IRQHandler
                0x0800543c                I2C1_ER_IRQHandler
                0x0800543c                USBWakeUp_IRQHandler
                0x0800543c                DMA2_Channel3_IRQHandler
 .text._ZdlPv   0x0800543e        0x4 d:/programs/atollic truestudio/truestudio for stm32 9.3.0/armtools/bin/../lib/gcc/arm-atollic-eabi/6.3.1/../../../../arm-atollic-eabi/lib/armv7-m\libstdc++_nano.a(del_op.o)
                0x0800543e                operator delete(void*)
 .text.__aeabi_atexit
                0x08005442        0xa d:/programs/atollic truestudio/truestudio for stm32 9.3.0/armtools/bin/../lib/gcc/arm-atollic-eabi/6.3.1/../../../../arm-atollic-eabi/lib/armv7-m\libstdc++_nano.a(atexit_arm.o)
                0x08005442                __aeabi_atexit
 .text._ZNK10__cxxabiv117__class_type_info11__do_upcastEPKS0_PPv
                0x0800544c       0x34 d:/programs/atollic truestudio/truestudio for stm32 9.3.0/armtools/bin/../lib/gcc/arm-atollic-eabi/6.3.1/../../../../arm-atollic-eabi/lib/armv7-m\libstdc++_nano.a(class_type_info.o)
                0x0800544c                __cxxabiv1::__class_type_info::__do_upcast(__cxxabiv1::__class_type_info const*, void**) const
 .text._ZNK10__cxxabiv117__class_type_info20__do_find_public_srcEiPKvPKS0_S2_
                0x08005480        0xc d:/programs/atollic truestudio/truestudio for stm32 9.3.0/armtools/bin/../lib/gcc/arm-atollic-eabi/6.3.1/../../../../arm-atollic-eabi/lib/armv7-m\libstdc++_nano.a(class_type_info.o)
                0x08005480                __cxxabiv1::__class_type_info::__do_find_public_src(int, void const*, __cxxabiv1::__class_type_info const*, void const*) const
 .text._ZN10__cxxabiv117__class_type_infoD2Ev
                0x0800548c       0x14 d:/programs/atollic truestudio/truestudio for stm32 9.3.0/armtools/bin/../lib/gcc/arm-atollic-eabi/6.3.1/../../../../arm-atollic-eabi/lib/armv7-m\libstdc++_nano.a(class_type_info.o)
                0x0800548c                __cxxabiv1::__class_type_info::~__class_type_info()
                0x0800548c                __cxxabiv1::__class_type_info::~__class_type_info()
 .text._ZN10__cxxabiv117__class_type_infoD0Ev
                0x080054a0       0x14 d:/programs/atollic truestudio/truestudio for stm32 9.3.0/armtools/bin/../lib/gcc/arm-atollic-eabi/6.3.1/../../../../arm-atollic-eabi/lib/armv7-m\libstdc++_nano.a(class_type_info.o)
                0x080054a0                __cxxabiv1::__class_type_info::~__class_type_info()
 .text._ZNK10__cxxabiv117__class_type_info11__do_upcastEPKS0_PKvRNS0_15__upcast_resultE
                0x080054b4       0x18 d:/programs/atollic truestudio/truestudio for stm32 9.3.0/armtools/bin/../lib/gcc/arm-atollic-eabi/6.3.1/../../../../arm-atollic-eabi/lib/armv7-m\libstdc++_nano.a(class_type_info.o)
                0x080054b4                __cxxabiv1::__class_type_info::__do_upcast(__cxxabiv1::__class_type_info const*, void const*, __cxxabiv1::__class_type_info::__upcast_result&) const
 .text._ZNK10__cxxabiv117__class_type_info10__do_catchEPKSt9type_infoPPvj
                0x080054cc       0x2a d:/programs/atollic truestudio/truestudio for stm32 9.3.0/armtools/bin/../lib/gcc/arm-atollic-eabi/6.3.1/../../../../arm-atollic-eabi/lib/armv7-m\libstdc++_nano.a(class_type_info.o)
                0x080054cc                __cxxabiv1::__class_type_info::__do_catch(std::type_info const*, void**, unsigned int) const
 .text._ZNK10__cxxabiv117__class_type_info12__do_dyncastEiNS0_10__sub_kindEPKS0_PKvS3_S5_RNS0_16__dyncast_resultE
                0x080054f6       0x38 d:/programs/atollic truestudio/truestudio for stm32 9.3.0/armtools/bin/../lib/gcc/arm-atollic-eabi/6.3.1/../../../../arm-atollic-eabi/lib/armv7-m\libstdc++_nano.a(class_type_info.o)
                0x080054f6                __cxxabiv1::__class_type_info::__do_dyncast(int, __cxxabiv1::__class_type_info::__sub_kind, __cxxabiv1::__class_type_info const*, void const*, __cxxabiv1::__class_type_info const*, void const*, __cxxabiv1::__class_type_info::__dyncast_result&) const
 .text._ZNSt9type_infoD2Ev
                0x0800552e        0x2 d:/programs/atollic truestudio/truestudio for stm32 9.3.0/armtools/bin/../lib/gcc/arm-atollic-eabi/6.3.1/../../../../arm-atollic-eabi/lib/armv7-m\libstdc++_nano.a(tinfo.o)
                0x0800552e                std::type_info::~type_info()
                0x0800552e                std::type_info::~type_info()
 .text._ZNKSt9type_info15__is_function_pEv
                0x08005530        0x4 d:/programs/atollic truestudio/truestudio for stm32 9.3.0/armtools/bin/../lib/gcc/arm-atollic-eabi/6.3.1/../../../../arm-atollic-eabi/lib/armv7-m\libstdc++_nano.a(tinfo.o)
                0x08005530                std::type_info::__is_pointer_p() const
                0x08005530                std::type_info::__is_function_p() const
 .text._ZNKSt9type_infoeqERKS_
                0x08005534       0x2c d:/programs/atollic truestudio/truestudio for stm32 9.3.0/armtools/bin/../lib/gcc/arm-atollic-eabi/6.3.1/../../../../arm-atollic-eabi/lib/armv7-m\libstdc++_nano.a(tinfo.o)
                0x08005534                std::type_info::operator==(std::type_info const&) const
 .text._ZN10__cxxabiv120__si_class_type_infoD2Ev
                0x08005560       0x14 d:/programs/atollic truestudio/truestudio for stm32 9.3.0/armtools/bin/../lib/gcc/arm-atollic-eabi/6.3.1/../../../../arm-atollic-eabi/lib/armv7-m\libstdc++_nano.a(si_class_type_info.o)
                0x08005560                __cxxabiv1::__si_class_type_info::~__si_class_type_info()
                0x08005560                __cxxabiv1::__si_class_type_info::~__si_class_type_info()
 .text._ZN10__cxxabiv120__si_class_type_infoD0Ev
                0x08005574       0x14 d:/programs/atollic truestudio/truestudio for stm32 9.3.0/armtools/bin/../lib/gcc/arm-atollic-eabi/6.3.1/../../../../arm-atollic-eabi/lib/armv7-m\libstdc++_nano.a(si_class_type_info.o)
                0x08005574                __cxxabiv1::__si_class_type_info::~__si_class_type_info()
 .text._ZNK10__cxxabiv120__si_class_type_info20__do_find_public_srcEiPKvPKNS_17__class_type_infoES2_
                0x08005588       0x38 d:/programs/atollic truestudio/truestudio for stm32 9.3.0/armtools/bin/../lib/gcc/arm-atollic-eabi/6.3.1/../../../../arm-atollic-eabi/lib/armv7-m\libstdc++_nano.a(si_class_type_info.o)
                0x08005588                __cxxabiv1::__si_class_type_info::__do_find_public_src(int, void const*, __cxxabiv1::__class_type_info const*, void const*) const
 .text._ZNK10__cxxabiv120__si_class_type_info12__do_dyncastEiNS_17__class_type_info10__sub_kindEPKS1_PKvS4_S6_RNS1_16__dyncast_resultE
                0x080055c0       0x7c d:/programs/atollic truestudio/truestudio for stm32 9.3.0/armtools/bin/../lib/gcc/arm-atollic-eabi/6.3.1/../../../../arm-atollic-eabi/lib/armv7-m\libstdc++_nano.a(si_class_type_info.o)
                0x080055c0                __cxxabiv1::__si_class_type_info::__do_dyncast(int, __cxxabiv1::__class_type_info::__sub_kind, __cxxabiv1::__class_type_info const*, void const*, __cxxabiv1::__class_type_info const*, void const*, __cxxabiv1::__class_type_info::__dyncast_result&) const
 .text._ZNK10__cxxabiv120__si_class_type_info11__do_upcastEPKNS_17__class_type_infoEPKvRNS1_15__upcast_resultE
                0x0800563c       0x2a d:/programs/atollic truestudio/truestudio for stm32 9.3.0/armtools/bin/../lib/gcc/arm-atollic-eabi/6.3.1/../../../../arm-atollic-eabi/lib/armv7-m\libstdc++_nano.a(si_class_type_info.o)
                0x0800563c                __cxxabiv1::__si_class_type_info::__do_upcast(__cxxabiv1::__class_type_info const*, void const*, __cxxabiv1::__class_type_info::__upcast_result&) const
 .text._ZdlPvj  0x08005666        0x4 d:/programs/atollic truestudio/truestudio for stm32 9.3.0/armtools/bin/../lib/gcc/arm-atollic-eabi/6.3.1/../../../../arm-atollic-eabi/lib/armv7-m\libstdc++_nano.a(del_ops.o)
                0x08005666                operator delete(void*, unsigned int)
 *fill*         0x0800566a        0x2 
 .text.pow      0x0800566c      0x2c8 d:/programs/atollic truestudio/truestudio for stm32 9.3.0/armtools/bin/../lib/gcc/arm-atollic-eabi/6.3.1/../../../../arm-atollic-eabi/lib/armv7-m\libm.a(lib_a-w_pow.o)
                0x0800566c                pow
 *fill*         0x08005934        0x4 
 .text.__ieee754_pow
                0x08005938      0x9e4 d:/programs/atollic truestudio/truestudio for stm32 9.3.0/armtools/bin/../lib/gcc/arm-atollic-eabi/6.3.1/../../../../arm-atollic-eabi/lib/armv7-m\libm.a(lib_a-e_pow.o)
                0x08005938                __ieee754_pow
 .text.__ieee754_sqrt
                0x0800631c      0x158 d:/programs/atollic truestudio/truestudio for stm32 9.3.0/armtools/bin/../lib/gcc/arm-atollic-eabi/6.3.1/../../../../arm-atollic-eabi/lib/armv7-m\libm.a(lib_a-e_sqrt.o)
                0x0800631c                __ieee754_sqrt
 .text.fabs     0x08006474        0x6 d:/programs/atollic truestudio/truestudio for stm32 9.3.0/armtools/bin/../lib/gcc/arm-atollic-eabi/6.3.1/../../../../arm-atollic-eabi/lib/armv7-m\libm.a(lib_a-s_fabs.o)
                0x08006474                fabs
 .text.finite   0x0800647a        0xc d:/programs/atollic truestudio/truestudio for stm32 9.3.0/armtools/bin/../lib/gcc/arm-atollic-eabi/6.3.1/../../../../arm-atollic-eabi/lib/armv7-m\libm.a(lib_a-s_finite.o)
                0x0800647a                finite
 .text.matherr  0x08006486        0x4 d:/programs/atollic truestudio/truestudio for stm32 9.3.0/armtools/bin/../lib/gcc/arm-atollic-eabi/6.3.1/../../../../arm-atollic-eabi/lib/armv7-m\libm.a(lib_a-s_matherr.o)
                0x08006486                matherr
 *fill*         0x0800648a        0x2 
 .text.nan      0x0800648c        0xc d:/programs/atollic truestudio/truestudio for stm32 9.3.0/armtools/bin/../lib/gcc/arm-atollic-eabi/6.3.1/../../../../arm-atollic-eabi/lib/armv7-m\libm.a(lib_a-s_nan.o)
                0x0800648c                nan
 .text.rint     0x08006498      0x110 d:/programs/atollic truestudio/truestudio for stm32 9.3.0/armtools/bin/../lib/gcc/arm-atollic-eabi/6.3.1/../../../../arm-atollic-eabi/lib/armv7-m\libm.a(lib_a-s_rint.o)
                0x08006498                rint
 .text.scalbn   0x080065a8       0xdc d:/programs/atollic truestudio/truestudio for stm32 9.3.0/armtools/bin/../lib/gcc/arm-atollic-eabi/6.3.1/../../../../arm-atollic-eabi/lib/armv7-m\libm.a(lib_a-s_scalbn.o)
                0x080065a8                scalbn
 .text.copysign
                0x08006684        0xe d:/programs/atollic truestudio/truestudio for stm32 9.3.0/armtools/bin/../lib/gcc/arm-atollic-eabi/6.3.1/../../../../arm-atollic-eabi/lib/armv7-m\libm.a(lib_a-s_copysign.o)
                0x08006684                copysign
 *fill*         0x08006692        0x2 
 .text.calloc   0x08006694       0x10 d:/programs/atollic truestudio/truestudio for stm32 9.3.0/armtools/bin/../lib/gcc/arm-atollic-eabi/6.3.1/../../../../arm-atollic-eabi/lib/armv7-m\libc_nano.a(lib_a-calloc.o)
                0x08006694                calloc
 .text.__cxa_atexit
                0x080066a4       0x1c d:/programs/atollic truestudio/truestudio for stm32 9.3.0/armtools/bin/../lib/gcc/arm-atollic-eabi/6.3.1/../../../../arm-atollic-eabi/lib/armv7-m\libc_nano.a(lib_a-cxa_atexit.o)
                0x080066a4                __cxa_atexit
 .text.__errno  0x080066c0        0xc d:/programs/atollic truestudio/truestudio for stm32 9.3.0/armtools/bin/../lib/gcc/arm-atollic-eabi/6.3.1/../../../../arm-atollic-eabi/lib/armv7-m\libc_nano.a(lib_a-errno.o)
                0x080066c0                __errno
 .text.__libc_init_array
                0x080066cc       0x48 d:/programs/atollic truestudio/truestudio for stm32 9.3.0/armtools/bin/../lib/gcc/arm-atollic-eabi/6.3.1/../../../../arm-atollic-eabi/lib/armv7-m\libc_nano.a(lib_a-init.o)
                0x080066cc                __libc_init_array
 .text.free     0x08006714       0x10 d:/programs/atollic truestudio/truestudio for stm32 9.3.0/armtools/bin/../lib/gcc/arm-atollic-eabi/6.3.1/../../../../arm-atollic-eabi/lib/armv7-m\libc_nano.a(lib_a-malloc.o)
                0x08006714                free
 .text.memset   0x08006724       0x10 d:/programs/atollic truestudio/truestudio for stm32 9.3.0/armtools/bin/../lib/gcc/arm-atollic-eabi/6.3.1/../../../../arm-atollic-eabi/lib/armv7-m\libc_nano.a(lib_a-memset.o)
                0x08006724                memset
 .text._calloc_r
                0x08006734       0x1c d:/programs/atollic truestudio/truestudio for stm32 9.3.0/armtools/bin/../lib/gcc/arm-atollic-eabi/6.3.1/../../../../arm-atollic-eabi/lib/armv7-m\libc_nano.a(lib_a-nano-callocr.o)
                0x08006734                _calloc_r
 .text._free_r  0x08006750       0x98 d:/programs/atollic truestudio/truestudio for stm32 9.3.0/armtools/bin/../lib/gcc/arm-atollic-eabi/6.3.1/../../../../arm-atollic-eabi/lib/armv7-m\libc_nano.a(lib_a-nano-freer.o)
                0x08006750                _free_r
 .text._malloc_r
                0x080067e8       0xbc d:/programs/atollic truestudio/truestudio for stm32 9.3.0/armtools/bin/../lib/gcc/arm-atollic-eabi/6.3.1/../../../../arm-atollic-eabi/lib/armv7-m\libc_nano.a(lib_a-nano-mallocr.o)
                0x080067e8                _malloc_r
 .text._sbrk_r  0x080068a4       0x20 d:/programs/atollic truestudio/truestudio for stm32 9.3.0/armtools/bin/../lib/gcc/arm-atollic-eabi/6.3.1/../../../../arm-atollic-eabi/lib/armv7-m\libc_nano.a(lib_a-sbrkr.o)
                0x080068a4                _sbrk_r
 .text.__malloc_lock
                0x080068c4        0x2 d:/programs/atollic truestudio/truestudio for stm32 9.3.0/armtools/bin/../lib/gcc/arm-atollic-eabi/6.3.1/../../../../arm-atollic-eabi/lib/armv7-m\libc_nano.a(lib_a-mlock.o)
                0x080068c4                __malloc_lock
 .text.__malloc_unlock
                0x080068c6        0x2 d:/programs/atollic truestudio/truestudio for stm32 9.3.0/armtools/bin/../lib/gcc/arm-atollic-eabi/6.3.1/../../../../arm-atollic-eabi/lib/armv7-m\libc_nano.a(lib_a-mlock.o)
                0x080068c6                __malloc_unlock
 .text.abort    0x080068c8        0xe d:/programs/atollic truestudio/truestudio for stm32 9.3.0/armtools/bin/../lib/gcc/arm-atollic-eabi/6.3.1/../../../../arm-atollic-eabi/lib/armv7-m\libc_nano.a(lib_a-abort.o)
                0x080068c8                abort
 .text.memcpy   0x080068d6       0x16 d:/programs/atollic truestudio/truestudio for stm32 9.3.0/armtools/bin/../lib/gcc/arm-atollic-eabi/6.3.1/../../../../arm-atollic-eabi/lib/armv7-m\libc_nano.a(lib_a-memcpy-stub.o)
                0x080068d6                memcpy
 .text._raise_r
                0x080068ec       0x50 d:/programs/atollic truestudio/truestudio for stm32 9.3.0/armtools/bin/../lib/gcc/arm-atollic-eabi/6.3.1/../../../../arm-atollic-eabi/lib/armv7-m\libc_nano.a(lib_a-signal.o)
                0x080068ec                _raise_r
 .text.raise    0x0800693c       0x10 d:/programs/atollic truestudio/truestudio for stm32 9.3.0/armtools/bin/../lib/gcc/arm-atollic-eabi/6.3.1/../../../../arm-atollic-eabi/lib/armv7-m\libc_nano.a(lib_a-signal.o)
                0x0800693c                raise
 .text._kill_r  0x0800694c       0x24 d:/programs/atollic truestudio/truestudio for stm32 9.3.0/armtools/bin/../lib/gcc/arm-atollic-eabi/6.3.1/../../../../arm-atollic-eabi/lib/armv7-m\libc_nano.a(lib_a-signalr.o)
                0x0800694c                _kill_r
 .text._getpid_r
                0x08006970        0x4 d:/programs/atollic truestudio/truestudio for stm32 9.3.0/armtools/bin/../lib/gcc/arm-atollic-eabi/6.3.1/../../../../arm-atollic-eabi/lib/armv7-m\libc_nano.a(lib_a-signalr.o)
                0x08006970                _getpid_r
 *(.glue_7)
 .glue_7        0x08006974        0x0 linker stubs
 *(.glue_7t)
 .glue_7t       0x08006974        0x0 linker stubs
 *(.eh_frame)
 .eh_frame      0x08006974        0x0 d:/programs/atollic truestudio/truestudio for stm32 9.3.0/armtools/bin/../lib/gcc/arm-atollic-eabi/6.3.1/armv7-m/crtbegin.o
 *(.init)
 .init          0x08006974        0x4 d:/programs/atollic truestudio/truestudio for stm32 9.3.0/armtools/bin/../lib/gcc/arm-atollic-eabi/6.3.1/armv7-m/crti.o
                0x08006974                _init
 .init          0x08006978        0x8 d:/programs/atollic truestudio/truestudio for stm32 9.3.0/armtools/bin/../lib/gcc/arm-atollic-eabi/6.3.1/armv7-m/crtn.o
 *(.fini)
 .fini          0x08006980        0x4 d:/programs/atollic truestudio/truestudio for stm32 9.3.0/armtools/bin/../lib/gcc/arm-atollic-eabi/6.3.1/armv7-m/crti.o
                0x08006980                _fini
 .fini          0x08006984        0x8 d:/programs/atollic truestudio/truestudio for stm32 9.3.0/armtools/bin/../lib/gcc/arm-atollic-eabi/6.3.1/armv7-m/crtn.o
                0x0800698c                . = ALIGN (0x4)
                0x0800698c                _etext = .

.vfp11_veneer   0x0800698c        0x0
 .vfp11_veneer  0x0800698c        0x0 linker stubs

.v4_bx          0x0800698c        0x0
 .v4_bx         0x0800698c        0x0 linker stubs

.iplt           0x0800698c        0x0
 .iplt          0x0800698c        0x0 d:/programs/atollic truestudio/truestudio for stm32 9.3.0/armtools/bin/../lib/gcc/arm-atollic-eabi/6.3.1/armv7-m/crtbegin.o

.rodata         0x08006990      0x1d8
                0x08006990                . = ALIGN (0x4)
 *(.rodata)
 .rodata        0x08006990       0x25 Core\Src\CanManager.o
                0x08006990                vtable for CanManager
                0x080069a0                typeinfo for CanManager
                0x080069a8                typeinfo name for CanManager
 *fill*         0x080069b5        0x3 
 .rodata        0x080069b8       0x42 Core\Src\Joystick.o
                0x080069d8                vtable for Joystick
                0x080069e8                typeinfo for Joystick
                0x080069f0                typeinfo name for Joystick
 *fill*         0x080069fa        0x2 
 .rodata        0x080069fc       0x26 Core\Src\ModeManager.o
                0x080069fc                vtable for ModeManager
                0x08006a0c                typeinfo for ModeManager
                0x08006a14                typeinfo name for ModeManager
 .rodata        0x08006a22       0x10 Drivers\STM32F1xx_HAL_Driver\Src\stm32f1xx_hal_rcc.o
 *(.rodata*)
 .rodata.AHBPrescTable
                0x08006a32       0x10 Core\Src\system_stm32f1xx.o
                0x08006a32                AHBPrescTable
 .rodata.APBPrescTable
                0x08006a42        0x8 Core\Src\system_stm32f1xx.o
                0x08006a42                APBPrescTable
 *fill*         0x08006a4a        0x2 
 .rodata._ZTIN10__cxxabiv117__class_type_infoE
                0x08006a4c        0xc d:/programs/atollic truestudio/truestudio for stm32 9.3.0/armtools/bin/../lib/gcc/arm-atollic-eabi/6.3.1/../../../../arm-atollic-eabi/lib/armv7-m\libstdc++_nano.a(class_type_info.o)
                0x08006a4c                typeinfo for __cxxabiv1::__class_type_info
 .rodata._ZTSN10__cxxabiv117__class_type_infoE
                0x08006a58       0x22 d:/programs/atollic truestudio/truestudio for stm32 9.3.0/armtools/bin/../lib/gcc/arm-atollic-eabi/6.3.1/../../../../arm-atollic-eabi/lib/armv7-m\libstdc++_nano.a(class_type_info.o)
                0x08006a58                typeinfo name for __cxxabiv1::__class_type_info
 *fill*         0x08006a7a        0x2 
 .rodata._ZTVN10__cxxabiv117__class_type_infoE
                0x08006a7c       0x2c d:/programs/atollic truestudio/truestudio for stm32 9.3.0/armtools/bin/../lib/gcc/arm-atollic-eabi/6.3.1/../../../../arm-atollic-eabi/lib/armv7-m\libstdc++_nano.a(class_type_info.o)
                0x08006a7c                vtable for __cxxabiv1::__class_type_info
 .rodata._ZTISt9type_info
                0x08006aa8        0x8 d:/programs/atollic truestudio/truestudio for stm32 9.3.0/armtools/bin/../lib/gcc/arm-atollic-eabi/6.3.1/../../../../arm-atollic-eabi/lib/armv7-m\libstdc++_nano.a(tinfo.o)
                0x08006aa8                typeinfo for std::type_info
 .rodata._ZTSSt9type_info
                0x08006ab0        0xd d:/programs/atollic truestudio/truestudio for stm32 9.3.0/armtools/bin/../lib/gcc/arm-atollic-eabi/6.3.1/../../../../arm-atollic-eabi/lib/armv7-m\libstdc++_nano.a(tinfo.o)
                0x08006ab0                typeinfo name for std::type_info
 *fill*         0x08006abd        0x3 
 .rodata._ZTIN10__cxxabiv120__si_class_type_infoE
                0x08006ac0        0xc d:/programs/atollic truestudio/truestudio for stm32 9.3.0/armtools/bin/../lib/gcc/arm-atollic-eabi/6.3.1/../../../../arm-atollic-eabi/lib/armv7-m\libstdc++_nano.a(si_class_type_info.o)
                0x08006ac0                typeinfo for __cxxabiv1::__si_class_type_info
 .rodata._ZTSN10__cxxabiv120__si_class_type_infoE
                0x08006acc       0x25 d:/programs/atollic truestudio/truestudio for stm32 9.3.0/armtools/bin/../lib/gcc/arm-atollic-eabi/6.3.1/../../../../arm-atollic-eabi/lib/armv7-m\libstdc++_nano.a(si_class_type_info.o)
                0x08006acc                typeinfo name for __cxxabiv1::__si_class_type_info
 *fill*         0x08006af1        0x3 
 .rodata._ZTVN10__cxxabiv120__si_class_type_infoE
                0x08006af4       0x2c d:/programs/atollic truestudio/truestudio for stm32 9.3.0/armtools/bin/../lib/gcc/arm-atollic-eabi/6.3.1/../../../../arm-atollic-eabi/lib/armv7-m\libstdc++_nano.a(si_class_type_info.o)
                0x08006af4                vtable for __cxxabiv1::__si_class_type_info
 .rodata.pow.str1.1
                0x08006b20        0x4 d:/programs/atollic truestudio/truestudio for stm32 9.3.0/armtools/bin/../lib/gcc/arm-atollic-eabi/6.3.1/../../../../arm-atollic-eabi/lib/armv7-m\libm.a(lib_a-w_pow.o)
 .rodata.__ieee754_pow.str1.1
                0x08006b24        0x4 d:/programs/atollic truestudio/truestudio for stm32 9.3.0/armtools/bin/../lib/gcc/arm-atollic-eabi/6.3.1/../../../../arm-atollic-eabi/lib/armv7-m\libm.a(lib_a-e_pow.o)
                                  0x1 (size before relaxing)
 *fill*         0x08006b24        0x4 
 .rodata.bp     0x08006b28       0x10 d:/programs/atollic truestudio/truestudio for stm32 9.3.0/armtools/bin/../lib/gcc/arm-atollic-eabi/6.3.1/../../../../arm-atollic-eabi/lib/armv7-m\libm.a(lib_a-e_pow.o)
 .rodata.dp_h   0x08006b38       0x10 d:/programs/atollic truestudio/truestudio for stm32 9.3.0/armtools/bin/../lib/gcc/arm-atollic-eabi/6.3.1/../../../../arm-atollic-eabi/lib/armv7-m\libm.a(lib_a-e_pow.o)
 .rodata.dp_l   0x08006b48       0x10 d:/programs/atollic truestudio/truestudio for stm32 9.3.0/armtools/bin/../lib/gcc/arm-atollic-eabi/6.3.1/../../../../arm-atollic-eabi/lib/armv7-m\libm.a(lib_a-e_pow.o)
 .rodata.TWO52  0x08006b58       0x10 d:/programs/atollic truestudio/truestudio for stm32 9.3.0/armtools/bin/../lib/gcc/arm-atollic-eabi/6.3.1/../../../../arm-atollic-eabi/lib/armv7-m\libm.a(lib_a-s_rint.o)
                0x08006b68                . = ALIGN (0x4)

.ARM.extab      0x08006b68      0x12c
 *(.ARM.extab* .gnu.linkonce.armextab.*)
 .ARM.extab.text.HAL_TIM_PeriodElapsedCallback
                0x08006b68        0xc Core\Src\Callbacks.o
 .ARM.extab.text.HAL_CAN_RxFifo1MsgPendingCallback
                0x08006b74        0xc Core\Src\Callbacks.o
 .ARM.extab.text._ZN10CanManager4initEv
                0x08006b80        0xc Core\Src\CanManager.o
 .ARM.extab.text._ZN10CanManager7processEv
                0x08006b8c        0xc Core\Src\CanManager.o
 .ARM.extab.text._ZN10CanManager20convertStatusData_RxEPh
                0x08006b98        0xc Core\Src\CanManager.o
 .ARM.extab.text._ZN10CanManager11setVelocityEfN11ModeManager10MSG_ORIGINE
                0x08006ba4        0xc Core\Src\CanManager.o
 .ARM.extab.text._ZN10CanManager7setTurnEfN11ModeManager10MSG_ORIGINE
                0x08006bb0        0xc Core\Src\CanManager.o
 .ARM.extab.text._ZN10CanManager10getData_RxEmPhh
                0x08006bbc        0xc Core\Src\CanManager.o
 .ARM.extab.text._ZN10CanManager7sendMsgENS_9SEND_MODEEPh
                0x08006bc8        0xc Core\Src\CanManager.o
 .ARM.extab.text._ZN10CanManager26convertVelocityTurnData_TxEfNS_9SEND_MODEE
                0x08006bd4        0xc Core\Src\CanManager.o
 .ARM.extab.text._ZN10CanManager12sendVelocityEf
                0x08006be0        0xc Core\Src\CanManager.o
 .ARM.extab.text._ZN10CanManager8sendTurnEf
                0x08006bec        0xc Core\Src\CanManager.o
 .ARM.extab.text._ZN10CanManager13stopAllMotorsEv
                0x08006bf8        0xc Core\Src\CanManager.o
 .ARM.extab.text._ZN10CanManager12hal_can_sendEthPh
                0x08006c04        0xc Core\Src\CanManager.o
 .ARM.extab.text._ZN10CanManager19hal_can_filter_initEv
                0x08006c10        0xc Core\Src\CanManager.o
 .ARM.extab.text._ZSt3powIiiEN9__gnu_cxx11__promote_2IT_T0_NS0_9__promoteIS2_XsrSt12__is_integerIS2_E7__valueEE6__typeENS4_IS3_XsrS5_IS3_E7__valueEE6__typeEE6__typeES2_S3_
                0x08006c1c        0x0 Core\Src\CanManager.o
 .ARM.extab.text._ZSt4fabsf
                0x08006c1c        0x0 Core\Src\Joystick.o
 .ARM.extab.text._ZN8Joystick4initEv
                0x08006c1c        0xc Core\Src\Joystick.o
 .ARM.extab.text._ZN8Joystick9sendToCanEv
                0x08006c28        0xc Core\Src\Joystick.o
 .ARM.extab.text._ZN8Joystick7processEv
                0x08006c34        0xc Core\Src\Joystick.o
 .ARM.extab.text._ZSt3powIihEN9__gnu_cxx11__promote_2IT_T0_NS0_9__promoteIS2_XsrSt12__is_integerIS2_E7__valueEE6__typeENS4_IS3_XsrS5_IS3_E7__valueEE6__typeEE6__typeES2_S3_
                0x08006c40        0x0 Core\Src\Joystick.o
 .ARM.extab.text._ZN11ModeManager4initEv
                0x08006c40        0xc Core\Src\ModeManager.o
 .ARM.extab.text._ZN11ModeManager12statusUpdateENS_7RC_MODEENS_10DRIVE_MODEE
                0x08006c4c        0xc Core\Src\ModeManager.o
 .ARM.extab.text._ZN11ModeManager14startIdleTimerEv
                0x08006c58        0xc Core\Src\ModeManager.o
 .ARM.extab.text._ZN11ModeManager13stopIdleTimerEv
                0x08006c64        0xc Core\Src\ModeManager.o
 .ARM.extab.text.SystemClock_Config
                0x08006c70        0xc Core\Src\main.o
 .ARM.extab     0x08006c7c       0x18 d:/programs/atollic truestudio/truestudio for stm32 9.3.0/armtools/bin/../lib/gcc/arm-atollic-eabi/6.3.1/armv7-m\libgcc.a(pr-support.o)

.ARM            0x08006c94      0x1c0
                0x08006c94                __exidx_start = .
 *(.ARM.exidx*)
 .ARM.exidx.text.HAL_TIM_PeriodElapsedCallback
                0x08006d4c        0x8 Core\Src\Callbacks.o
 .ARM.exidx.text.HAL_CAN_RxFifo1MsgPendingCallback
                0x08006d54        0x8 Core\Src\Callbacks.o
 .ARM.exidx.text._ZN10CanManager4initEv
                0x08006d5c        0x8 Core\Src\CanManager.o
 .ARM.exidx.text._ZN10CanManager7processEv
                0x08006d64        0x8 Core\Src\CanManager.o
 .ARM.exidx.text._ZN10CanManager10getSign_RxEPh
                0x08006d6c        0x8 Core\Src\CanManager.o
 .ARM.exidx.text._ZN10CanManager26convertVelocityTurnData_RxEPh
                0x08006d74        0x0 Core\Src\CanManager.o
                                  0x8 (size before relaxing)
 .ARM.exidx.text._ZN10CanManager20convertStatusData_RxEPh
                0x08006d74        0x8 Core\Src\CanManager.o
 .ARM.exidx.text._ZN10CanManager18getRCmodeStatus_RxEh
                0x08006d7c        0x8 Core\Src\CanManager.o
 .ARM.exidx.text._ZN10CanManager21getDriveModestatus_RxEh
                0x08006d84        0x0 Core\Src\CanManager.o
                                  0x8 (size before relaxing)
 .ARM.exidx.text._ZN10CanManager15uint8_To_uint16EPhh
                0x08006d84        0x0 Core\Src\CanManager.o
                                  0x8 (size before relaxing)
 .ARM.exidx.text._ZN10CanManager11setVelocityEfN11ModeManager10MSG_ORIGINE
                0x08006d84        0x8 Core\Src\CanManager.o
 .ARM.exidx.text._ZN10CanManager7setTurnEfN11ModeManager10MSG_ORIGINE
                0x08006d8c        0x8 Core\Src\CanManager.o
 .ARM.exidx.text._ZN10CanManager10getData_RxEmPhh
                0x08006d94        0x8 Core\Src\CanManager.o
 .ARM.exidx.text._ZN10CanManager7sendMsgENS_9SEND_MODEEPh
                0x08006d9c        0x8 Core\Src\CanManager.o
 .ARM.exidx.text._ZN10CanManager10getSign_TxEf
                0x08006da4        0x8 Core\Src\CanManager.o
 .ARM.exidx.text._ZN10CanManager21convertFloatToUint16tEff
                0x08006dac        0x0 Core\Src\CanManager.o
                                  0x8 (size before relaxing)
 .ARM.exidx.text._ZN10CanManager17convertToFrame_TxEhtNS_9SEND_MODEE
                0x08006dac        0x0 Core\Src\CanManager.o
                                  0x8 (size before relaxing)
 .ARM.exidx.text._ZN10CanManager23encode_frame_big_endianEPhh
                0x08006dac        0x0 Core\Src\CanManager.o
                                  0x8 (size before relaxing)
 .ARM.exidx.text._ZN10CanManager26convertVelocityTurnData_TxEfNS_9SEND_MODEE
                0x08006dac        0x8 Core\Src\CanManager.o
 .ARM.exidx.text._ZN10CanManager12sendVelocityEf
                0x08006db4        0x8 Core\Src\CanManager.o
 .ARM.exidx.text._ZN10CanManager8sendTurnEf
                0x08006dbc        0x8 Core\Src\CanManager.o
 .ARM.exidx.text._ZN10CanManager13stopAllMotorsEv
                0x08006dc4        0x8 Core\Src\CanManager.o
 .ARM.exidx.text._ZN10CanManager12hal_can_sendEthPh
                0x08006dcc        0x8 Core\Src\CanManager.o
 .ARM.exidx.text._ZN10CanManager19hal_can_filter_initEv
                0x08006dd4        0x8 Core\Src\CanManager.o
 .ARM.exidx.text._ZN10CanManagerC2Ev
                0x08006ddc        0x8 Core\Src\CanManager.o
 .ARM.exidx.text._ZN10CanManagerD2Ev
                0x08006de4        0x0 Core\Src\CanManager.o
                                  0x8 (size before relaxing)
 .ARM.exidx.text._ZN10CanManagerD0Ev
                0x08006de4        0x0 Core\Src\CanManager.o
                                  0x8 (size before relaxing)
 .ARM.exidx.text._ZSt3powIiiEN9__gnu_cxx11__promote_2IT_T0_NS0_9__promoteIS2_XsrSt12__is_integerIS2_E7__valueEE6__typeENS4_IS3_XsrS5_IS3_E7__valueEE6__typeEE6__typeES2_S3_
                0x08006de4        0x0 Core\Src\CanManager.o
                                  0x8 (size before relaxing)
 .ARM.exidx.text._Z41__static_initialization_and_destruction_0ii
                0x08006de4        0x0 Core\Src\CanManager.o
                                  0x8 (size before relaxing)
 .ARM.exidx.text._GLOBAL__sub_I_canManager
                0x08006de4        0x0 Core\Src\CanManager.o
                                  0x8 (size before relaxing)
 .ARM.exidx.text._ZSt4fabsf
                0x08006de4        0x0 Core\Src\Joystick.o
                                  0x8 (size before relaxing)
 .ARM.exidx.text._ZN8Joystick4initEv
                0x08006de4        0x8 Core\Src\Joystick.o
 .ARM.exidx.text._ZN8Joystick12get_adc_dataEPNS_13joystick_dataEPm
                0x08006dec        0x8 Core\Src\Joystick.o
 .ARM.exidx.text._ZN8Joystick20get_hal_adc_raw_dataEv
                0x08006df4        0x0 Core\Src\Joystick.o
                                  0x8 (size before relaxing)
 .ARM.exidx.text._ZN8Joystick18convert_adc_valuesEv
                0x08006df4        0x0 Core\Src\Joystick.o
                                  0x8 (size before relaxing)
 .ARM.exidx.text._ZN8Joystick20is_joy_near_neautralENS_9ax_paramsE
                0x08006df4        0x0 Core\Src\Joystick.o
                                  0x8 (size before relaxing)
 .ARM.exidx.text._ZN8Joystick23calcualate_axis_voltageENS_9ax_paramsE
                0x08006df4        0x0 Core\Src\Joystick.o
                                  0x8 (size before relaxing)
 .ARM.exidx.text._ZN8Joystick18calculate_joy_dataEv
                0x08006df4        0x0 Core\Src\Joystick.o
                                  0x8 (size before relaxing)
 .ARM.exidx.text._ZN8Joystick9sendToCanEv
                0x08006df4        0x8 Core\Src\Joystick.o
 .ARM.exidx.text._ZN8Joystick7processEv
                0x08006dfc        0x8 Core\Src\Joystick.o
 .ARM.exidx.text._ZN8JoystickC2Ev
                0x08006e04        0x8 Core\Src\Joystick.o
 .ARM.exidx.text._ZN8JoystickD2Ev
                0x08006e0c        0x0 Core\Src\Joystick.o
                                  0x8 (size before relaxing)
 .ARM.exidx.text._ZN8JoystickD0Ev
                0x08006e0c        0x0 Core\Src\Joystick.o
                                  0x8 (size before relaxing)
 .ARM.exidx.text._ZSt3powIihEN9__gnu_cxx11__promote_2IT_T0_NS0_9__promoteIS2_XsrSt12__is_integerIS2_E7__valueEE6__typeENS4_IS3_XsrS5_IS3_E7__valueEE6__typeEE6__typeES2_S3_
                0x08006e0c        0x0 Core\Src\Joystick.o
                                  0x8 (size before relaxing)
 .ARM.exidx.text._Z41__static_initialization_and_destruction_0ii
                0x08006e0c        0x0 Core\Src\Joystick.o
                                  0x8 (size before relaxing)
 .ARM.exidx.text._GLOBAL__sub_I_joystick
                0x08006e0c        0x0 Core\Src\Joystick.o
                                  0x8 (size before relaxing)
 .ARM.exidx.text._ZN11ModeManager4initEv
                0x08006e0c        0x8 Core\Src\ModeManager.o
 .ARM.exidx.text._ZN11ModeManager18velocityPermissionENS_10MSG_ORIGINE
                0x08006e14        0x8 Core\Src\ModeManager.o
 .ARM.exidx.text._ZN11ModeManager14turnPermissionENS_10MSG_ORIGINE
                0x08006e1c        0x0 Core\Src\ModeManager.o
                                  0x8 (size before relaxing)
 .ARM.exidx.text._ZN11ModeManager12statusUpdateENS_7RC_MODEENS_10DRIVE_MODEE
                0x08006e1c        0x8 Core\Src\ModeManager.o
 .ARM.exidx.text._ZN11ModeManager14startIdleTimerEv
                0x08006e24        0x8 Core\Src\ModeManager.o
 .ARM.exidx.text._ZN11ModeManager13stopIdleTimerEv
                0x08006e2c        0x8 Core\Src\ModeManager.o
 .ARM.exidx.text._ZN11ModeManager14resetIdleTimerEv
                0x08006e34        0x8 Core\Src\ModeManager.o
 .ARM.exidx.text._ZN11ModeManager12getDriveModeEv
                0x08006e3c        0x0 Core\Src\ModeManager.o
                                  0x8 (size before relaxing)
 .ARM.exidx.text._ZN11ModeManager9getRCmodeEv
                0x08006e3c        0x0 Core\Src\ModeManager.o
                                  0x8 (size before relaxing)
 .ARM.exidx.text._ZN11ModeManager14isJoystickModeEv
                0x08006e3c        0x0 Core\Src\ModeManager.o
                                  0x8 (size before relaxing)
 .ARM.exidx.text._ZN11ModeManagerC2Ev
                0x08006e3c        0x0 Core\Src\ModeManager.o
                                  0x8 (size before relaxing)
 .ARM.exidx.text._ZN11ModeManagerD2Ev
                0x08006e3c        0x0 Core\Src\ModeManager.o
                                  0x8 (size before relaxing)
 .ARM.exidx.text._ZN11ModeManagerD0Ev
                0x08006e3c        0x0 Core\Src\ModeManager.o
                                  0x8 (size before relaxing)
 .ARM.exidx.text._Z41__static_initialization_and_destruction_0ii
                0x08006e3c        0x0 Core\Src\ModeManager.o
                                  0x8 (size before relaxing)
 .ARM.exidx.text._GLOBAL__sub_I_modeManager
                0x08006e3c        0x0 Core\Src\ModeManager.o
                                  0x8 (size before relaxing)
 .ARM.exidx.text.main
                0x08006e3c        0x8 Core\Src\main.o
 .ARM.exidx.text.SystemClock_Config
                0x08006e44        0x8 Core\Src\main.o
 .ARM.exidx.text.Error_Handler
                0x08006e4c        0x8 Core\Src\main.o
 .ARM.exidx     0x08006c94       0x80 d:/programs/atollic truestudio/truestudio for stm32 9.3.0/armtools/bin/../lib/gcc/arm-atollic-eabi/6.3.1/armv7-m\libgcc.a(unwind-arm.o)
                                 0xd8 (size before relaxing)
 .ARM.exidx     0x08006d14       0x38 d:/programs/atollic truestudio/truestudio for stm32 9.3.0/armtools/bin/../lib/gcc/arm-atollic-eabi/6.3.1/armv7-m\libgcc.a(pr-support.o)
                                 0x48 (size before relaxing)
                0x08006e54                __exidx_end = .

.rel.dyn        0x08006e54        0x0
 .rel.iplt      0x08006e54        0x0 d:/programs/atollic truestudio/truestudio for stm32 9.3.0/armtools/bin/../lib/gcc/arm-atollic-eabi/6.3.1/armv7-m/crtbegin.o

.preinit_array  0x08006e54        0x0
                0x08006e54                PROVIDE (__preinit_array_start, .)
 *(.preinit_array*)
                0x08006e54                PROVIDE (__preinit_array_end, .)

.init_array     0x08006e54       0x10
                0x08006e54                PROVIDE (__init_array_start, .)
 *(SORT(.init_array.*))
 *(.init_array*)
 .init_array    0x08006e54        0x4 d:/programs/atollic truestudio/truestudio for stm32 9.3.0/armtools/bin/../lib/gcc/arm-atollic-eabi/6.3.1/armv7-m/crtbegin.o
 .init_array    0x08006e58        0x4 Core\Src\CanManager.o
 .init_array    0x08006e5c        0x4 Core\Src\Joystick.o
 .init_array    0x08006e60        0x4 Core\Src\ModeManager.o
                0x08006e64                PROVIDE (__init_array_end, .)

.fini_array     0x08006e64        0x4
                [!provide]                PROVIDE (__fini_array_start, .)
 *(SORT(.fini_array.*))
 *(.fini_array*)
 .fini_array    0x08006e64        0x4 d:/programs/atollic truestudio/truestudio for stm32 9.3.0/armtools/bin/../lib/gcc/arm-atollic-eabi/6.3.1/armv7-m/crtbegin.o
                [!provide]                PROVIDE (__fini_array_end, .)
                0x08006e68                _sidata = LOADADDR (.data)

.data           0x20000000       0x78 load address 0x08006e68
                0x20000000                . = ALIGN (0x4)
                0x20000000                _sdata = .
 *(.data)
 .data          0x20000000        0x4 d:/programs/atollic truestudio/truestudio for stm32 9.3.0/armtools/bin/../lib/gcc/arm-atollic-eabi/6.3.1/armv7-m/crtbegin.o
                0x20000000                __dso_handle
 *(.data*)
 .data.SystemCoreClock
                0x20000004        0x4 Core\Src\system_stm32f1xx.o
                0x20000004                SystemCoreClock
 .data.uwTickFreq
                0x20000008        0x1 Drivers\STM32F1xx_HAL_Driver\Src\stm32f1xx_hal.o
                0x20000008                uwTickFreq
 *fill*         0x20000009        0x3 
 .data.uwTickPrio
                0x2000000c        0x4 Drivers\STM32F1xx_HAL_Driver\Src\stm32f1xx_hal.o
                0x2000000c                uwTickPrio
 .data.__fdlib_version
                0x20000010        0x1 d:/programs/atollic truestudio/truestudio for stm32 9.3.0/armtools/bin/../lib/gcc/arm-atollic-eabi/6.3.1/../../../../arm-atollic-eabi/lib/armv7-m\libm.a(lib_a-s_lib_ver.o)
                0x20000010                __fdlib_version
 *fill*         0x20000011        0x3 
 .data._impure_ptr
                0x20000014        0x4 d:/programs/atollic truestudio/truestudio for stm32 9.3.0/armtools/bin/../lib/gcc/arm-atollic-eabi/6.3.1/../../../../arm-atollic-eabi/lib/armv7-m\libc_nano.a(lib_a-impure.o)
                0x20000014                _impure_ptr
 .data.impure_data
                0x20000018       0x60 d:/programs/atollic truestudio/truestudio for stm32 9.3.0/armtools/bin/../lib/gcc/arm-atollic-eabi/6.3.1/../../../../arm-atollic-eabi/lib/armv7-m\libc_nano.a(lib_a-impure.o)
                0x20000078                . = ALIGN (0x4)
                0x20000078                _edata = .

.igot.plt       0x20000078        0x0 load address 0x08006ee0
 .igot.plt      0x20000078        0x0 d:/programs/atollic truestudio/truestudio for stm32 9.3.0/armtools/bin/../lib/gcc/arm-atollic-eabi/6.3.1/armv7-m/crtbegin.o
                0x20000078                . = ALIGN (0x4)

.bss            0x20000078      0x320 load address 0x08006ee0
                0x20000078                _sbss = .
                0x20000078                __bss_start__ = _sbss
 *(.bss)
 .bss           0x20000078       0x1c d:/programs/atollic truestudio/truestudio for stm32 9.3.0/armtools/bin/../lib/gcc/arm-atollic-eabi/6.3.1/armv7-m/crtbegin.o
 .bss           0x20000094       0x50 Core\Src\CanManager.o
                0x20000094                canManager
 .bss           0x200000e4       0xb4 Core\Src\Joystick.o
                0x200000e4                joystick
 .bss           0x20000198        0x8 Core\Src\ModeManager.o
                0x20000198                modeManager
 *(.bss*)
 .bss.heap_end.5887
                0x200001a0        0x4 Core\Src\syscalls.o
 .bss.__malloc_free_list
                0x200001a4        0x4 d:/programs/atollic truestudio/truestudio for stm32 9.3.0/armtools/bin/../lib/gcc/arm-atollic-eabi/6.3.1/../../../../arm-atollic-eabi/lib/armv7-m\libc_nano.a(lib_a-nano-mallocr.o)
                0x200001a4                __malloc_free_list
 .bss.__malloc_sbrk_start
                0x200001a8        0x4 d:/programs/atollic truestudio/truestudio for stm32 9.3.0/armtools/bin/../lib/gcc/arm-atollic-eabi/6.3.1/../../../../arm-atollic-eabi/lib/armv7-m\libc_nano.a(lib_a-nano-mallocr.o)
                0x200001a8                __malloc_sbrk_start
 *(COMMON)
 COMMON         0x200001ac       0x74 Core\Src\adc.o
                0x200001ac                hadc1
                0x200001dc                hdma_adc1
 COMMON         0x20000220       0x28 Core\Src\can.o
                0x20000220                hcan
 COMMON         0x20000248       0x80 Core\Src\tim.o
                0x20000248                htim4
                0x20000288                htim3
 COMMON         0x200002c8       0xc8 Core\Src\usart.o
                0x200002c8                hdma_usart1_tx
                0x2000030c                hdma_usart1_rx
                0x20000350                huart1
 COMMON         0x20000390        0x4 Drivers\STM32F1xx_HAL_Driver\Src\stm32f1xx_hal.o
                0x20000390                uwTick
 COMMON         0x20000394        0x4 d:/programs/atollic truestudio/truestudio for stm32 9.3.0/armtools/bin/../lib/gcc/arm-atollic-eabi/6.3.1/../../../../arm-atollic-eabi/lib/armv7-m\libc_nano.a(lib_a-reent.o)
                0x20000394                errno
                0x20000398                . = ALIGN (0x4)
                0x20000398                _ebss = .
                0x20000398                __bss_end__ = _ebss

._user_heap_stack
                0x20000398      0x500 load address 0x08006ee0
                0x20000398                . = ALIGN (0x4)
                0x20000398                PROVIDE (end, .)
                [!provide]                PROVIDE (_end, .)
                0x20000498                . = (. + _Min_Heap_Size)
 *fill*         0x20000398      0x100 
                0x20000898                . = (. + _Min_Stack_Size)
 *fill*         0x20000498      0x400 
                0x20000898                . = ALIGN (0x4)

/DISCARD/
 libc.a(*)
 libm.a(*)
 libgcc.a(*)

.ARM.attributes
                0x00000000       0x29
 *(.ARM.attributes)
 .ARM.attributes
                0x00000000       0x1d d:/programs/atollic truestudio/truestudio for stm32 9.3.0/armtools/bin/../lib/gcc/arm-atollic-eabi/6.3.1/armv7-m/crti.o
 .ARM.attributes
                0x0000001d       0x2d d:/programs/atollic truestudio/truestudio for stm32 9.3.0/armtools/bin/../lib/gcc/arm-atollic-eabi/6.3.1/armv7-m/crtbegin.o
 .ARM.attributes
                0x0000004a       0x33 Core\Src\Callbacks.o
 .ARM.attributes
                0x0000007d       0x33 Core\Src\CanManager.o
 .ARM.attributes
                0x000000b0       0x33 Core\Src\Joystick.o
 .ARM.attributes
                0x000000e3       0x33 Core\Src\ModeManager.o
 .ARM.attributes
                0x00000116       0x33 Core\Src\adc.o
 .ARM.attributes
                0x00000149       0x33 Core\Src\can.o
 .ARM.attributes
                0x0000017c       0x33 Core\Src\dma.o
 .ARM.attributes
                0x000001af       0x33 Core\Src\gpio.o
 .ARM.attributes
                0x000001e2       0x33 Core\Src\main.o
 .ARM.attributes
                0x00000215       0x33 Core\Src\stm32f1xx_hal_msp.o
 .ARM.attributes
                0x00000248       0x33 Core\Src\stm32f1xx_it.o
 .ARM.attributes
                0x0000027b       0x33 Core\Src\syscalls.o
 .ARM.attributes
                0x000002ae       0x33 Core\Src\system_stm32f1xx.o
 .ARM.attributes
                0x000002e1       0x33 Core\Src\tim.o
 .ARM.attributes
                0x00000314       0x33 Core\Src\usart.o
 .ARM.attributes
                0x00000347       0x33 Drivers\STM32F1xx_HAL_Driver\Src\stm32f1xx_hal.o
 .ARM.attributes
                0x0000037a       0x33 Drivers\STM32F1xx_HAL_Driver\Src\stm32f1xx_hal_adc.o
 .ARM.attributes
                0x000003ad       0x33 Drivers\STM32F1xx_HAL_Driver\Src\stm32f1xx_hal_can.o
 .ARM.attributes
                0x000003e0       0x33 Drivers\STM32F1xx_HAL_Driver\Src\stm32f1xx_hal_cortex.o
 .ARM.attributes
                0x00000413       0x33 Drivers\STM32F1xx_HAL_Driver\Src\stm32f1xx_hal_dma.o
 .ARM.attributes
                0x00000446       0x33 Drivers\STM32F1xx_HAL_Driver\Src\stm32f1xx_hal_gpio.o
 .ARM.attributes
                0x00000479       0x33 Drivers\STM32F1xx_HAL_Driver\Src\stm32f1xx_hal_rcc.o
 .ARM.attributes
                0x000004ac       0x33 Drivers\STM32F1xx_HAL_Driver\Src\stm32f1xx_hal_rcc_ex.o
 .ARM.attributes
                0x000004df       0x33 Drivers\STM32F1xx_HAL_Driver\Src\stm32f1xx_hal_tim.o
 .ARM.attributes
                0x00000512       0x33 Drivers\STM32F1xx_HAL_Driver\Src\stm32f1xx_hal_tim_ex.o
 .ARM.attributes
                0x00000545       0x33 Drivers\STM32F1xx_HAL_Driver\Src\stm32f1xx_hal_uart.o
 .ARM.attributes
                0x00000578       0x21 startup\startup_stm32f103xe.o
 .ARM.attributes
                0x00000599       0x2d d:/programs/atollic truestudio/truestudio for stm32 9.3.0/armtools/bin/../lib/gcc/arm-atollic-eabi/6.3.1/../../../../arm-atollic-eabi/lib/armv7-m\libstdc++_nano.a(del_op.o)
 .ARM.attributes
                0x000005c6       0x2d d:/programs/atollic truestudio/truestudio for stm32 9.3.0/armtools/bin/../lib/gcc/arm-atollic-eabi/6.3.1/../../../../arm-atollic-eabi/lib/armv7-m\libstdc++_nano.a(atexit_arm.o)
 .ARM.attributes
                0x000005f3       0x2d d:/programs/atollic truestudio/truestudio for stm32 9.3.0/armtools/bin/../lib/gcc/arm-atollic-eabi/6.3.1/../../../../arm-atollic-eabi/lib/armv7-m\libstdc++_nano.a(class_type_info.o)
 .ARM.attributes
                0x00000620       0x2d d:/programs/atollic truestudio/truestudio for stm32 9.3.0/armtools/bin/../lib/gcc/arm-atollic-eabi/6.3.1/../../../../arm-atollic-eabi/lib/armv7-m\libstdc++_nano.a(tinfo.o)
 .ARM.attributes
                0x0000064d       0x2d d:/programs/atollic truestudio/truestudio for stm32 9.3.0/armtools/bin/../lib/gcc/arm-atollic-eabi/6.3.1/../../../../arm-atollic-eabi/lib/armv7-m\libstdc++_nano.a(si_class_type_info.o)
 .ARM.attributes
                0x0000067a       0x2d d:/programs/atollic truestudio/truestudio for stm32 9.3.0/armtools/bin/../lib/gcc/arm-atollic-eabi/6.3.1/../../../../arm-atollic-eabi/lib/armv7-m\libstdc++_nano.a(del_ops.o)
 .ARM.attributes
                0x000006a7       0x2d d:/programs/atollic truestudio/truestudio for stm32 9.3.0/armtools/bin/../lib/gcc/arm-atollic-eabi/6.3.1/../../../../arm-atollic-eabi/lib/armv7-m\libm.a(lib_a-w_pow.o)
 .ARM.attributes
                0x000006d4       0x2d d:/programs/atollic truestudio/truestudio for stm32 9.3.0/armtools/bin/../lib/gcc/arm-atollic-eabi/6.3.1/../../../../arm-atollic-eabi/lib/armv7-m\libm.a(lib_a-e_pow.o)
 .ARM.attributes
                0x00000701       0x2d d:/programs/atollic truestudio/truestudio for stm32 9.3.0/armtools/bin/../lib/gcc/arm-atollic-eabi/6.3.1/../../../../arm-atollic-eabi/lib/armv7-m\libm.a(lib_a-e_sqrt.o)
 .ARM.attributes
                0x0000072e       0x2d d:/programs/atollic truestudio/truestudio for stm32 9.3.0/armtools/bin/../lib/gcc/arm-atollic-eabi/6.3.1/../../../../arm-atollic-eabi/lib/armv7-m\libm.a(lib_a-s_fabs.o)
 .ARM.attributes
                0x0000075b       0x2d d:/programs/atollic truestudio/truestudio for stm32 9.3.0/armtools/bin/../lib/gcc/arm-atollic-eabi/6.3.1/../../../../arm-atollic-eabi/lib/armv7-m\libm.a(lib_a-s_finite.o)
 .ARM.attributes
                0x00000788       0x2d d:/programs/atollic truestudio/truestudio for stm32 9.3.0/armtools/bin/../lib/gcc/arm-atollic-eabi/6.3.1/../../../../arm-atollic-eabi/lib/armv7-m\libm.a(lib_a-s_lib_ver.o)
 .ARM.attributes
                0x000007b5       0x2d d:/programs/atollic truestudio/truestudio for stm32 9.3.0/armtools/bin/../lib/gcc/arm-atollic-eabi/6.3.1/../../../../arm-atollic-eabi/lib/armv7-m\libm.a(lib_a-s_matherr.o)
 .ARM.attributes