Archive member included to satisfy reference by file (symbol)

d:/programs/atollic truestudio/truestudio for stm32 9.3.0/armtools/bin/../lib/gcc/arm-atollic-eabi/6.3.1/../../../../arm-atollic-eabi/lib/armv7-m\libstdc++_nano.a(del_op.o)
                              Core\Src\CanManager.o (operator delete(void*))
d:/programs/atollic truestudio/truestudio for stm32 9.3.0/armtools/bin/../lib/gcc/arm-atollic-eabi/6.3.1/../../../../arm-atollic-eabi/lib/armv7-m\libstdc++_nano.a(atexit_arm.o)
                              Core\Src\CanManager.o (__aeabi_atexit)
d:/programs/atollic truestudio/truestudio for stm32 9.3.0/armtools/bin/../lib/gcc/arm-atollic-eabi/6.3.1/../../../../arm-atollic-eabi/lib/armv7-m\libstdc++_nano.a(class_type_info.o)
                              Core\Src\CanManager.o (vtable for __cxxabiv1::__class_type_info)
d:/programs/atollic truestudio/truestudio for stm32 9.3.0/armtools/bin/../lib/gcc/arm-atollic-eabi/6.3.1/../../../../arm-atollic-eabi/lib/armv7-m\libstdc++_nano.a(tinfo.o)
                              d:/programs/atollic truestudio/truestudio for stm32 9.3.0/armtools/bin/../lib/gcc/arm-atollic-eabi/6.3.1/../../../../arm-atollic-eabi/lib/armv7-m\libstdc++_nano.a(class_type_info.o) (std::type_info::~type_info())
d:/programs/atollic truestudio/truestudio for stm32 9.3.0/armtools/bin/../lib/gcc/arm-atollic-eabi/6.3.1/../../../../arm-atollic-eabi/lib/armv7-m\libstdc++_nano.a(si_class_type_info.o)
                              d:/programs/atollic truestudio/truestudio for stm32 9.3.0/armtools/bin/../lib/gcc/arm-atollic-eabi/6.3.1/../../../../arm-atollic-eabi/lib/armv7-m\libstdc++_nano.a(class_type_info.o) (vtable for __cxxabiv1::__si_class_type_info)
d:/programs/atollic truestudio/truestudio for stm32 9.3.0/armtools/bin/../lib/gcc/arm-atollic-eabi/6.3.1/../../../../arm-atollic-eabi/lib/armv7-m\libstdc++_nano.a(del_ops.o)
                              d:/programs/atollic truestudio/truestudio for stm32 9.3.0/armtools/bin/../lib/gcc/arm-atollic-eabi/6.3.1/../../../../arm-atollic-eabi/lib/armv7-m\libstdc++_nano.a(class_type_info.o) (operator delete(void*, unsigned int))
d:/programs/atollic truestudio/truestudio for stm32 9.3.0/armtools/bin/../lib/gcc/arm-atollic-eabi/6.3.1/../../../../arm-atollic-eabi/lib/armv7-m\libm.a(lib_a-w_pow.o)
                              Core\Src\CanManager.o (pow)
d:/programs/atollic truestudio/truestudio for stm32 9.3.0/armtools/bin/../lib/gcc/arm-atollic-eabi/6.3.1/../../../../arm-atollic-eabi/lib/armv7-m\libm.a(lib_a-e_pow.o)
                              d:/programs/atollic truestudio/truestudio for stm32 9.3.0/armtools/bin/../lib/gcc/arm-atollic-eabi/6.3.1/../../../../arm-atollic-eabi/lib/armv7-m\libm.a(lib_a-w_pow.o) (__ieee754_pow)
d:/programs/atollic truestudio/truestudio for stm32 9.3.0/armtools/bin/../lib/gcc/arm-atollic-eabi/6.3.1/../../../../arm-atollic-eabi/lib/armv7-m\libm.a(lib_a-e_sqrt.o)
                              d:/programs/atollic truestudio/truestudio for stm32 9.3.0/armtools/bin/../lib/gcc/arm-atollic-eabi/6.3.1/../../../../arm-atollic-eabi/lib/armv7-m\libm.a(lib_a-e_pow.o) (__ieee754_sqrt)
d:/programs/atollic truestudio/truestudio for stm32 9.3.0/armtools/bin/../lib/gcc/arm-atollic-eabi/6.3.1/../../../../arm-atollic-eabi/lib/armv7-m\libm.a(lib_a-s_fabs.o)
                              d:/programs/atollic truestudio/truestudio for stm32 9.3.0/armtools/bin/../lib/gcc/arm-atollic-eabi/6.3.1/../../../../arm-atollic-eabi/lib/armv7-m\libm.a(lib_a-e_pow.o) (fabs)
d:/programs/atollic truestudio/truestudio for stm32 9.3.0/armtools/bin/../lib/gcc/arm-atollic-eabi/6.3.1/../../../../arm-atollic-eabi/lib/armv7-m\libm.a(lib_a-s_finite.o)
                              d:/programs/atollic truestudio/truestudio for stm32 9.3.0/armtools/bin/../lib/gcc/arm-atollic-eabi/6.3.1/../../../../arm-atollic-eabi/lib/armv7-m\libm.a(lib_a-w_pow.o) (finite)
d:/programs/atollic truestudio/truestudio for stm32 9.3.0/armtools/bin/../lib/gcc/arm-atollic-eabi/6.3.1/../../../../arm-atollic-eabi/lib/armv7-m\libm.a(lib_a-s_lib_ver.o)
                              d:/programs/atollic truestudio/truestudio for stm32 9.3.0/armtools/bin/../lib/gcc/arm-atollic-eabi/6.3.1/../../../../arm-atollic-eabi/lib/armv7-m\libm.a(lib_a-w_pow.o) (__fdlib_version)
d:/programs/atollic truestudio/truestudio for stm32 9.3.0/armtools/bin/../lib/gcc/arm-atollic-eabi/6.3.1/../../../../arm-atollic-eabi/lib/armv7-m\libm.a(lib_a-s_matherr.o)
                              d:/programs/atollic truestudio/truestudio for stm32 9.3.0/armtools/bin/../lib/gcc/arm-atollic-eabi/6.3.1/../../../../arm-atollic-eabi/lib/armv7-m\libm.a(lib_a-w_pow.o) (matherr)
d:/programs/atollic truestudio/truestudio for stm32 9.3.0/armtools/bin/../lib/gcc/arm-atollic-eabi/6.3.1/../../../../arm-atollic-eabi/lib/armv7-m\libm.a(lib_a-s_nan.o)
[...]
Memory Configuration

Name             Origin             Length             Attributes
RAM              0x20000000         0x0000c000         xrw
FLASH            0x08000000         0x00040000         xr
*default*        0x00000000         0xffffffff

Linker script and memory map

LOAD d:/programs/atollic truestudio/truestudio for stm32 9.3.0/armtools/bin/../lib/gcc/arm-atollic-eabi/6.3.1/armv7-m/crti.o
LOAD d:/programs/atollic truestudio/truestudio for stm32 9.3.0/armtools/bin/../lib/gcc/arm-atollic-eabi/6.3.1/armv7-m/crtbegin.o
LOAD Core\Src\Callbacks.o
LOAD Core\Src\CanManager.o
LOAD Core\Src\Joystick.o
LOAD Core\Src\ModeManager.o
LOAD Core\Src\adc.o
LOAD Core\Src\can.o
LOAD Core\Src\dma.o
LOAD Core\Src\gpio.o
LOAD Core\Src\main.o
LOAD Core\Src\stm32f1xx_hal_msp.o
LOAD Core\Src\stm32f1xx_it.o
LOAD Core\Src\syscalls.o
LOAD Core\Src\system_stm32f1xx.o
LOAD Core\Src\tim.o
LOAD Core\Src\usart.o
LOAD Drivers\STM32F1xx_HAL_Driver\Src\stm32f1xx_hal.o
LOAD Drivers\STM32F1xx_HAL_Driver\Src\stm32f1xx_hal_adc.o
LOAD Drivers\STM32F1xx_HAL_Driver\Src\stm32f1xx_hal_adc_ex.o
LOAD Drivers\STM32F1xx_HAL_Driver\Src\stm32f1xx_hal_can.o
LOAD Drivers\STM32F1xx_HAL_Driver\Src\stm32f1xx_hal_cortex.o
LOAD Drivers\STM32F1xx_HAL_Driver\Src\stm32f1xx_hal_dma.o
LOAD Drivers\STM32F1xx_HAL_Driver\Src\stm32f1xx_hal_exti.o
LOAD Drivers\STM32F1xx_HAL_Driver\Src\stm32f1xx_hal_flash.o
LOAD Drivers\STM32F1xx_HAL_Driver\Src\stm32f1xx_hal_flash_ex.o
LOAD Drivers\STM32F1xx_HAL_Driver\Src\stm32f1xx_hal_gpio.o
LOAD Drivers\STM32F1xx_HAL_Driver\Src\stm32f1xx_hal_gpio_ex.o
LOAD Drivers\STM32F1xx_HAL_Driver\Src\stm32f1xx_hal_pwr.o
LOAD Drivers\STM32F1xx_HAL_Driver\Src\stm32f1xx_hal_rcc.o
LOAD Drivers\STM32F1xx_HAL_Driver\Src\stm32f1xx_hal_rcc_ex.o
LOAD Drivers\STM32F1xx_HAL_Driver\Src\stm32f1xx_hal_tim.o
LOAD Drivers\STM32F1xx_HAL_Driver\Src\stm32f1xx_hal_tim_ex.o
LOAD Drivers\STM32F1xx_HAL_Driver\Src\stm32f1xx_hal_uart.o
LOAD startup\startup_stm32f103xe.o
                0x00001000                malloc_getpagesize_P = 0x1000
START GROUP
LOAD d:/programs/atollic truestudio/truestudio for stm32 9.3.0/armtools/bin/../lib/gcc/arm-atollic-eabi/6.3.1/../../../../arm-atollic-eabi/lib/armv7-m\libstdc++_nano.a
LOAD d:/programs/atollic truestudio/truestudio for stm32 9.3.0/armtools/bin/../lib/gcc/arm-atollic-eabi/6.3.1/../../../../arm-atollic-eabi/lib/armv7-m\libsupc++_nano.a
END GROUP
LOAD d:/programs/atollic truestudio/truestudio for stm32 9.3.0/armtools/bin/../lib/gcc/arm-atollic-eabi/6.3.1/../../../../arm-atollic-eabi/lib/armv7-m\libstdc++_nano.a
LOAD d:/programs/atollic truestudio/truestudio for stm32 9.3.0/armtools/bin/../lib/gcc/arm-atollic-eabi/6.3.1/../../../../arm-atollic-eabi/lib/armv7-m\libm.a
LOAD d:/programs/atollic truestudio/truestudio for stm32 9.3.0/armtools/bin/../lib/gcc/arm-atollic-eabi/6.3.1/../../../../arm-atollic-eabi/lib/armv7-m\libc_nano.a
START GROUP
LOAD d:/programs/atollic truestudio/truestudio for stm32 9.3.0/armtools/bin/../lib/gcc/arm-atollic-eabi/6.3.1/armv7-m\libgcc.a
LOAD d:/programs/atollic truestudio/truestudio for stm32 9.3.0/armtools/bin/../lib/gcc/arm-atollic-eabi/6.3.1/../../../../arm-atollic-eabi/lib/armv7-m\libc_nano.a
END GROUP
START GROUP
LOAD d:/programs/atollic truestudio/truestudio for stm32 9.3.0/armtools/bin/../lib/gcc/arm-atollic-eabi/6.3.1/armv7-m\libgcc.a
LOAD d:/programs/atollic truestudio/truestudio for stm32 9.3.0/armtools/bin/../lib/gcc/arm-atollic-eabi/6.3.1/../../../../arm-atollic-eabi/lib/armv7-m\libc_nano.a
LOAD d:/programs/atollic truestudio/truestudio for stm32 9.3.0/armtools/bin/../lib/gcc/arm-atollic-eabi/6.3.1/../../../../arm-atollic-eabi/lib/armv7-m\libnosys.a
END GROUP
START GROUP
LOAD d:/programs/atollic truestudio/truestudio for stm32 9.3.0/armtools/bin/../lib/gcc/arm-atollic-eabi/6.3.1/armv7-m\libgcc.a
LOAD d:/programs/atollic truestudio/truestudio for stm32 9.3.0/armtools/bin/../lib/gcc/arm-atollic-eabi/6.3.1/../../../../arm-atollic-eabi/lib/armv7-m\libc_nano.a
LOAD d:/programs/atollic truestudio/truestudio for stm32 9.3.0/armtools/bin/../lib/gcc/arm-atollic-eabi/6.3.1/../../../../arm-atollic-eabi/lib/armv7-m\libnosys.a
END GROUP
LOAD d:/programs/atollic truestudio/truestudio for stm32 9.3.0/armtools/bin/../lib/gcc/arm-atollic-eabi/6.3.1/armv7-m/crtend.o
LOAD d:/programs/atollic truestudio/truestudio for stm32 9.3.0/armtools/bin/../lib/gcc/arm-atollic-eabi/6.3.1/armv7-m/crtn.o
                0x2000c000                _estack = 0x2000c000
                0x00000100                _Min_Heap_Size = 0x100
                0x00000400                _Min_Stack_Size = 0x400

.isr_vector     0x08000000      0x1e4
                0x08000000                . = ALIGN (0x4)
 *(.isr_vector)
 .isr_vector    0x08000000      0x1e4 startup\startup_stm32f103xe.o
                0x08000000                g_pfnVectors
                0x080001e4                . = ALIGN (0x4)

.text           0x080001e8     0x66a4
                0x080001e8                . = ALIGN (0x4)
 *(.text)
 .text          0x080001e8       0x40 d:/programs/atollic truestudio/truestudio for stm32 9.3.0/armtools/bin/../lib/gcc/arm-atollic-eabi/6.3.1/armv7-m/crtbegin.o
 .text          0x08000228       0x14 d:/programs/atollic truestudio/truestudio for stm32 9.3.0/armtools/bin/../lib/gcc/arm-atollic-eabi/6.3.1/../../../../arm-atollic-eabi/lib/armv7-m\libc_nano.a(lib_a-strcmp.o)
                0x08000228                strcmp
 .text          0x0800023c      0x370 d:/programs/atollic truestudio/truestudio for stm32 9.3.0/armtools/bin/../lib/gcc/arm-atollic-eabi/6.3.1/armv7-m\libgcc.a(_arm_addsubdf3.o)
                0x0800023c                __aeabi_drsub
                0x08000244                __aeabi_dsub
                0x08000244                __subdf3
                0x08000248                __aeabi_dadd
                0x08000248                __adddf3
                0x080004c0                __floatunsidf
                0x080004c0                __aeabi_ui2d
                0x080004e0                __floatsidf
                0x080004e0                __aeabi_i2d
                0x08000504                __aeabi_f2d
                0x08000504                __extendsfdf2
                0x08000540                __floatundidf
                0x08000540                __aeabi_ul2d
                0x08000550                __floatdidf
                0x08000550                __aeabi_l2d
 .text          0x080005ac      0x424 d:/programs/atollic truestudio/truestudio for stm32 9.3.0/armtools/bin/../lib/gcc/arm-atollic-eabi/6.3.1/armv7-m\libgcc.a(_arm_muldivdf3.o)
                0x080005ac                __aeabi_dmul
                0x080005ac                __muldf3
                0x08000800                __divdf3
                0x08000800                __aeabi_ddiv
 .text          0x080009d0      0x110 d:/programs/atollic truestudio/truestudio for stm32 9.3.0/armtools/bin/../lib/gcc/arm-atollic-eabi/6.3.1/armv7-m\libgcc.a(_arm_cmpdf2.o)
                0x080009d0                __gtdf2
                0x080009d0                __gedf2
                0x080009d8                __ltdf2
                0x080009d8                __ledf2
                0x080009e0                __nedf2
                0x080009e0                __eqdf2
                0x080009e0                __cmpdf2
                0x08000a5c                __aeabi_cdrcmple
                0x08000a6c                __aeabi_cdcmpeq
                0x08000a6c                __aeabi_cdcmple
                0x08000a7c                __aeabi_dcmpeq
                0x08000a90                __aeabi_dcmplt
                0x08000aa4                __aeabi_dcmple
                0x08000ab8                __aeabi_dcmpge
                0x08000acc                __aeabi_dcmpgt
 .text          0x08000ae0       0x2c d:/programs/atollic truestudio/truestudio for stm32 9.3.0/armtools/bin/../lib/gcc/arm-atollic-eabi/6.3.1/armv7-m\libgcc.a(_arm_unorddf2.o)
                0x08000ae0                __unorddf2
                0x08000ae0                __aeabi_dcmpun
 .text          0x08000b0c       0x40 d:/programs/atollic truestudio/truestudio for stm32 9.3.0/armtools/bin/../lib/gcc/arm-atollic-eabi/6.3.1/armv7-m\libgcc.a(_arm_fixunsdfsi.o)
                0x08000b0c                __aeabi_d2uiz
                0x08000b0c                __fixunsdfsi
 .text          0x08000b4c      0x21c d:/programs/atollic truestudio/truestudio for stm32 9.3.0/armtools/bin/../lib/gcc/arm-atollic-eabi/6.3.1/armv7-m\libgcc.a(_arm_addsubsf3.o)
                0x08000b4c                __aeabi_frsub
                0x08000b54                __subsf3
                0x08000b54                __aeabi_fsub
                0x08000b58                __aeabi_fadd
                0x08000b58                __addsf3
                0x08000cb8                __aeabi_ui2f
                0x08000cb8                __floatunsisf
                0x08000cc0                __aeabi_i2f
                0x08000cc0                __floatsisf
                0x08000cdc                __aeabi_ul2f
                0x08000cdc                __floatundisf
                0x08000cec                __aeabi_l2f
                0x08000cec                __floatdisf
 .text          0x08000d68      0x2a0 d:/programs/atollic truestudio/truestudio for stm32 9.3.0/armtools/bin/../lib/gcc/arm-atollic-eabi/6.3.1/armv7-m\libgcc.a(_arm_muldivsf3.o)
                0x08000d68                __mulsf3
                0x08000d68                __aeabi_fmul
                0x08000ed0                __aeabi_fdiv
                0x08000ed0                __divsf3
 .text          0x08001008       0xec d:/programs/atollic truestudio/truestudio for stm32 9.3.0/armtools/bin/../lib/gcc/arm-atollic-eabi/6.3.1/armv7-m\libgcc.a(_arm_cmpsf2.o)
                0x08001008                __gesf2
                0x08001008                __gtsf2
                0x08001010                __lesf2
                0x08001010                __ltsf2
                0x08001018                __nesf2
                0x08001018                __eqsf2
                0x08001018                __cmpsf2
                0x08001078                __aeabi_cfrcmple
                0x08001080                __aeabi_cfcmpeq
                0x08001080                __aeabi_cfcmple
                0x08001090                __aeabi_fcmpeq
                0x080010a4                __aeabi_fcmplt
                0x080010b8                __aeabi_fcmple
                0x080010cc                __aeabi_fcmpge
                0x080010e0                __aeabi_fcmpgt
 .text          0x080010f4       0x40 d:/programs/atollic truestudio/truestudio for stm32 9.3.0/armtools/bin/../lib/gcc/arm-atollic-eabi/6.3.1/armv7-m\libgcc.a(_arm_fixunssfsi.o)
                0x080010f4                __fixunssfsi
                0x080010f4                __aeabi_f2uiz
 .text          0x08001134      0x9dc d:/programs/atollic truestudio/truestudio for stm32 9.3.0/armtools/bin/../lib/gcc/arm-atollic-eabi/6.3.1/armv7-m\libgcc.a(unwind-arm.o)
                0x080013f8                _Unwind_GetCFA
                0x080013fc                __gnu_Unwind_RaiseException
                0x0800145c                __gnu_Unwind_ForcedUnwind
                0x08001470                __gnu_Unwind_Resume
                0x080014b4                __gnu_Unwind_Resume_or_Rethrow
                0x080014c8                _Unwind_Complete
                0x080014cc                _Unwind_DeleteException
                0x080014d8                _Unwind_VRS_Get
                0x08001524                _Unwind_VRS_Set
                0x08001574                __gnu_Unwind_Backtrace
                0x080018b8                __aeabi_unwind_cpp_pr0
                0x080018bc                __aeabi_unwind_cpp_pr1
                0x080018c0                __aeabi_unwind_cpp_pr2
                0x080018c4                _Unwind_VRS_Pop
 .text          0x08001b10      0x1ac d:/programs/atollic truestudio/truestudio for stm32 9.3.0/armtools/bin/../lib/gcc/arm-atollic-eabi/6.3.1/armv7-m\libgcc.a(libunwind.o)
                0x08001b10                __restore_core_regs
                0x08001b10                restore_core_regs
                0x08001b28                __gnu_Unwind_Restore_VFP
                0x08001b30                __gnu_Unwind_Save_VFP
                0x08001b38                __gnu_Unwind_Restore_VFP_D
                0x08001b40                __gnu_Unwind_Save_VFP_D
                0x08001b48                __gnu_Unwind_Restore_VFP_D_16_to_31
                0x08001b50                __gnu_Unwind_Save_VFP_D_16_to_31
                0x08001b58                __gnu_Unwind_Restore_WMMXD
                0x08001b9c                __gnu_Unwind_Save_WMMXD
                0x08001be0                __gnu_Unwind_Restore_WMMXC
                0x08001bf4                __gnu_Unwind_Save_WMMXC
                0x08001c08                ___Unwind_RaiseException
                0x08001c08                _Unwind_RaiseException
                0x08001c2c                _Unwind_Resume
                0x08001c2c                ___Unwind_Resume
                0x08001c50                _Unwind_Resume_or_Rethrow
                0x08001c50                ___Unwind_Resume_or_Rethrow
                0x08001c74                _Unwind_ForcedUnwind
                0x08001c74                ___Unwind_ForcedUnwind
                0x08001c98                ___Unwind_Backtrace
                0x08001c98                _Unwind_Backtrace
 .text          0x08001cbc      0x384 d:/programs/atollic truestudio/truestudio for stm32 9.3.0/armtools/bin/../lib/gcc/arm-atollic-eabi/6.3.1/armv7-m\libgcc.a(pr-support.o)
                0x08001d14                __gnu_unwind_execute
                0x08001fe4                __gnu_unwind_frame
                0x08002010                _Unwind_GetRegionStart
                0x0800201c                _Unwind_GetLanguageSpecificData
                0x08002030                _Unwind_GetTextRelBase
                0x08002038                _Unwind_GetDataRelBase
 *(.text*)
 .text.HAL_TIM_PeriodElapsedCallback
                0x08002040       0x6c Core\Src\Callbacks.o
                0x08002040                HAL_TIM_PeriodElapsedCallback
 .text.HAL_CAN_RxFifo1MsgPendingCallback
                0x080020ac       0x2c Core\Src\Callbacks.o
                0x080020ac                HAL_CAN_RxFifo1MsgPendingCallback
 .text._ZN10CanManager4initEv
                0x080020d8       0x16 Core\Src\CanManager.o
                0x080020d8                CanManager::init()
 .text._ZN10CanManager7processEv
                0x080020ee       0x24 Core\Src\CanManager.o
                0x080020ee                CanManager::process()
 *fill*         0x08002112        0x2 
 .text._ZN10CanManager20convertStatusData_RxEPh
                0x08002114       0x48 Core\Src\CanManager.o
                0x08002114                CanManager::convertStatusData_Rx(unsigned char*)
 .text._ZN10CanManager18getRCmodeStatus_RxEh
                0x0800215c       0x3e Core\Src\CanManager.o
                0x0800215c                CanManager::getRCmodeStatus_Rx(unsigned char)
 .text._ZN10CanManager21getDriveModestatus_RxEh
                0x0800219a       0x2a Core\Src\CanManager.o
                0x0800219a                CanManager::getDriveModestatus_Rx(unsigned char)
 .text._ZN10CanManager11setVelocityEPhN11ModeManager10MSG_ORIGINE
                0x080021c4       0x40 Core\Src\CanManager.o
                0x080021c4                CanManager::setVelocity(unsigned char*, ModeManager::MSG_ORIGIN)
 .text._ZN10CanManager7setTurnEPhN11ModeManager10MSG_ORIGINE
                0x08002204       0x40 Core\Src\CanManager.o
                0x08002204                CanManager::setTurn(unsigned char*, ModeManager::MSG_ORIGIN)
 .text._ZN10CanManager10getData_RxEmPhh
                0x08002244       0x80 Core\Src\CanManager.o
                0x08002244                CanManager::getData_Rx(unsigned long, unsigned char*, unsigned char)
 .text._ZN10CanManager7sendMsgENS_9SEND_MODEEPh
                0x080022c4       0x40 Core\Src\CanManager.o
                0x080022c4                CanManager::sendMsg(CanManager::SEND_MODE, unsigned char*)
 .text._ZN10CanManager21convertFloatToUint16tEf
                0x08002304       0x7a Core\Src\CanManager.o
                0x08002304                CanManager::convertFloatToUint16t(float)
 .text._ZN10CanManager17convertToFrame_TxEhtNS_9SEND_MODEE
                0x0800237e       0x5c Core\Src\CanManager.o
                0x0800237e                CanManager::convertToFrame_Tx(unsigned char, unsigned short, CanManager::SEND_MODE)
 .text._ZN10CanManager23encode_frame_big_endianEPhh
                0x080023da       0x50 Core\Src\CanManager.o
                0x080023da                CanManager::encode_frame_big_endian(unsigned char*, unsigned char)
 .text._ZN10CanManager26convertVelocityTurnData_TxEfhNS_9SEND_MODEE
                0x0800242a       0x46 Core\Src\CanManager.o
                0x0800242a                CanManager::convertVelocityTurnData_Tx(float, unsigned char, CanManager::SEND_MODE)
 .text._ZN10CanManager12sendVelocityEfh
                0x08002470       0x22 Core\Src\CanManager.o
                0x08002470                CanManager::sendVelocity(float, unsigned char)
 .text._ZN10CanManager8sendTurnEfh
                0x08002492       0x22 Core\Src\CanManager.o
                0x08002492                CanManager::sendTurn(float, unsigned char)
 .text._ZN10CanManager13stopAllMotorsEv
                0x080024b4       0x2c Core\Src\CanManager.o
                0x080024b4                CanManager::stopAllMotors()
 .text._ZN10CanManager12hal_can_sendEthPh
                0x080024e0       0x54 Core\Src\CanManager.o
                0x080024e0                CanManager::hal_can_send(unsigned short, unsigned char, unsigned char*)
 .text._ZN10CanManager19hal_can_filter_initEv
                0x08002534       0x4c Core\Src\CanManager.o
                0x08002534                CanManager::hal_can_filter_init()
 .text._ZN10CanManagerC2Ev
                0x08002580       0x20 Core\Src\CanManager.o
                0x08002580                CanManager::CanManager()
                0x08002580                CanManager::CanManager()
 .text._ZN10CanManagerD2Ev
                0x080025a0       0x20 Core\Src\CanManager.o
                0x080025a0                CanManager::~CanManager()
                0x080025a0                CanManager::~CanManager()
 .text._ZN10CanManagerD0Ev
                0x080025c0       0x1e Core\Src\CanManager.o
                0x080025c0                CanManager::~CanManager()
 .text._ZSt3powIiiEN9__gnu_cxx11__promote_2IT_T0_NS0_9__promoteIS2_XsrSt12__is_integerIS2_E7__valueEE6__typeENS4_IS3_XsrS5_IS3_E7__valueEE6__typeEE6__typeES2_S3_
                0x080025de       0x34 Core\Src\CanManager.o
                0x080025de                __gnu_cxx::__promote_2<int, int, __gnu_cxx::__promote<int, std::__is_integer<int>::__value>::__type, __gnu_cxx::__promote<int, std::__is_integer<int>::__value>::__type>::__type std::pow<int, int>(int, int)
 *fill*         0x08002612        0x2 
 .text._Z41__static_initialization_and_destruction_0ii
                0x08002614       0x40 Core\Src\CanManager.o
 .text._GLOBAL__sub_I_canManager
                0x08002654       0x10 Core\Src\CanManager.o
 .text._ZSt4fabsf
                0x08002664       0x18 Core\Src\Joystick.o
                0x08002664                std::fabs(float)
 .text._ZN8Joystick4initEv
                0x0800267c       0xcc Core\Src\Joystick.o
                0x0800267c                Joystick::init()
 .text._ZN8Joystick12get_adc_dataEPNS_13joystick_dataEPm
                0x08002748       0x42 Core\Src\Joystick.o
                0x08002748                Joystick::get_adc_data(Joystick::joystick_data*, unsigned long*)
 .text._ZN8Joystick20get_hal_adc_raw_dataEv
                0x0800278a       0x16 Core\Src\Joystick.o
                0x0800278a                Joystick::get_hal_adc_raw_data()
 .text._ZN8Joystick18convert_adc_valuesEv
                0x080027a0       0xd8 Core\Src\Joystick.o
                0x080027a0                Joystick::convert_adc_values()
 .text._ZN8Joystick20is_joy_near_neautralENS_9ax_paramsE
                0x08002878       0x88 Core\Src\Joystick.o
                0x08002878                Joystick::is_joy_near_neautral(Joystick::ax_params)
 .text._ZN8Joystick23calcualate_axis_voltageENS_9ax_paramsE
                0x08002900      0x1e4 Core\Src\Joystick.o
                0x08002900                Joystick::calcualate_axis_voltage(Joystick::ax_params)
 .text._ZN8Joystick18calculate_joy_dataEv
                0x08002ae4       0x40 Core\Src\Joystick.o
                0x08002ae4                Joystick::calculate_joy_data()
 .text._ZN8Joystick9sendToCanEv
                0x08002b24       0x48 Core\Src\Joystick.o
                0x08002b24                Joystick::sendToCan()
 .text._ZN8Joystick7processEv
                0x08002b6c       0x22 Core\Src\Joystick.o
                0x08002b6c                Joystick::process()
 *fill*         0x08002b8e        0x2 
 .text._ZN8JoystickC2Ev
                0x08002b90       0x4c Core\Src\Joystick.o
                0x08002b90                Joystick::Joystick()
                0x08002b90                Joystick::Joystick()
 .text._ZN8JoystickD2Ev
                0x08002bdc       0x20 Core\Src\Joystick.o
                0x08002bdc                Joystick::~Joystick()
                0x08002bdc                Joystick::~Joystick()
 .text._ZN8JoystickD0Ev
                0x08002bfc       0x1e Core\Src\Joystick.o
                0x08002bfc                Joystick::~Joystick()
 .text._ZSt3powIihEN9__gnu_cxx11__promote_2IT_T0_NS0_9__promoteIS2_XsrSt12__is_integerIS2_E7__valueEE6__typeENS4_IS3_XsrS5_IS3_E7__valueEE6__typeEE6__typeES2_S3_
                0x08002c1a       0x38 Core\Src\Joystick.o
                0x08002c1a                __gnu_cxx::__promote_2<int, unsigned char, __gnu_cxx::__promote<int, std::__is_integer<int>::__value>::__type, __gnu_cxx::__promote<unsigned char, std::__is_integer<unsigned char>::__value>::__type>::__type std::pow<int, unsigned char>(int, unsigned char)
 *fill*         0x08002c52        0x2 
 .text._Z41__static_initialization_and_destruction_0ii
                0x08002c54       0x40 Core\Src\Joystick.o
 .text._GLOBAL__sub_I_joystick
                0x08002c94       0x10 Core\Src\Joystick.o
 .text._ZN11ModeManager4initEv
                0x08002ca4       0x28 Core\Src\ModeManager.o
                0x08002ca4                ModeManager::init()
 .text._ZN11ModeManager18velocityPermissionENS_10MSG_ORIGINE
                0x08002ccc       0x82 Core\Src\ModeManager.o
                0x08002ccc                ModeManager::velocityPermission(ModeManager::MSG_ORIGIN)
 .text._ZN11ModeManager14turnPermissionENS_10MSG_ORIGINE
                0x08002d4e       0x82 Core\Src\ModeManager.o
                0x08002d4e                ModeManager::turnPermission(ModeManager::MSG_ORIGIN)
 .text._ZN11ModeManager12statusUpdateENS_7RC_MODEENS_10DRIVE_MODEE
                0x08002dd0       0x38 Core\Src\ModeManager.o
                0x08002dd0                ModeManager::statusUpdate(ModeManager::RC_MODE, ModeManager::DRIVE_MODE)
 .text._ZN11ModeManager14startIdleTimerEv
                0x08002e08       0x1c Core\Src\ModeManager.o
                0x08002e08                ModeManager::startIdleTimer()
 .text._ZN11ModeManager13stopIdleTimerEv
                0x08002e24       0x20 Core\Src\ModeManager.o
                0x08002e24                ModeManager::stopIdleTimer()
 .text._ZN11ModeManager14resetIdleTimerEv
                0x08002e44       0x20 Core\Src\ModeManager.o
                0x08002e44                ModeManager::resetIdleTimer()
 .text._ZN11ModeManager12getDriveModeEv
                0x08002e64       0x16 Core\Src\ModeManager.o
                0x08002e64                ModeManager::getDriveMode()
 .text._ZN11ModeManager9getRCmodeEv
                0x08002e7a       0x16 Core\Src\ModeManager.o
                0x08002e7a                ModeManager::getRCmode()
 .text._ZN11ModeManager14isJoystickModeEv
                0x08002e90       0x38 Core\Src\ModeManager.o
                0x08002e90                ModeManager::isJoystickMode()
 .text._ZN11ModeManagerC2Ev
                0x08002ec8       0x20 Core\Src\ModeManager.o
                0x08002ec8                ModeManager::ModeManager()
                0x08002ec8                ModeManager::ModeManager()
 .text._ZN11ModeManagerD2Ev
                0x08002ee8       0x20 Core\Src\ModeManager.o
                0x08002ee8                ModeManager::~ModeManager()
                0x08002ee8                ModeManager::~ModeManager()
 .text._ZN11ModeManagerD0Ev
                0x08002f08       0x1e Core\Src\ModeManager.o
                0x08002f08                ModeManager::~ModeManager()
 *fill*         0x08002f26        0x2 
 .text._Z41__static_initialization_and_destruction_0ii
                0x08002f28       0x40 Core\Src\ModeManager.o
 .text._GLOBAL__sub_I_modeManager
                0x08002f68       0x10 Core\Src\ModeManager.o
 .text.MX_ADC1_Init
                0x08002f78       0x9c Core\Src\adc.o
                0x08002f78                MX_ADC1_Init
 .text.HAL_ADC_MspInit
                0x08003014       0xc0 Core\Src\adc.o
                0x08003014                HAL_ADC_MspInit
 .text.MX_CAN_Init
                0x080030d4       0x3c Core\Src\can.o
                0x080030d4                MX_CAN_Init
 .text.HAL_CAN_MspInit
                0x08003110       0xa0 Core\Src\can.o
                0x08003110                HAL_CAN_MspInit
 .text.MX_DMA_Init
                0x080031b0       0x50 Core\Src\dma.o
                0x080031b0                MX_DMA_Init
 .text.MX_GPIO_Init
                0x08003200      0x14c Core\Src\gpio.o
                0x08003200                MX_GPIO_Init
 .text.main     0x0800334c       0x44 Core\Src\main.o
                0x0800334c                main
 .text.SystemClock_Config
                0x08003390       0xcc Core\Src\main.o
                0x08003390                SystemClock_Config
 .text.Error_Handler
                0x0800345c        0xc Core\Src\main.o
                0x0800345c                Error_Handler
 .text.HAL_MspInit
                0x08003468       0x44 Core\Src\stm32f1xx_hal_msp.o
                0x08003468                HAL_MspInit
 .text.NMI_Handler
                0x080034ac        0x2 Core\Src\stm32f1xx_it.o
                0x080034ac                NMI_Handler
 .text.HardFault_Handler
                0x080034ae        0x2 Core\Src\stm32f1xx_it.o
                0x080034ae                HardFault_Handler
 .text.MemManage_Handler
                0x080034b0        0x2 Core\Src\stm32f1xx_it.o
                0x080034b0                MemManage_Handler
 .text.BusFault_Handler
                0x080034b2        0x2 Core\Src\stm32f1xx_it.o
                0x080034b2                BusFault_Handler
 .text.UsageFault_Handler
                0x080034b4        0x2 Core\Src\stm32f1xx_it.o
                0x080034b4                UsageFault_Handler
 .text.SVC_Handler
                0x080034b6        0x2 Core\Src\stm32f1xx_it.o
                0x080034b6                SVC_Handler
 .text.DebugMon_Handler
                0x080034b8        0x2 Core\Src\stm32f1xx_it.o
                0x080034b8                DebugMon_Handler
 .text.PendSV_Handler
                0x080034ba        0x2 Core\Src\stm32f1xx_it.o
                0x080034ba                PendSV_Handler
 .text.SysTick_Handler
                0x080034bc        0x4 Core\Src\stm32f1xx_it.o
                0x080034bc                SysTick_Handler
 .text.DMA1_Channel1_IRQHandler
                0x080034c0        0xc Core\Src\stm32f1xx_it.o
                0x080034c0                DMA1_Channel1_IRQHandler
 .text.DMA1_Channel4_IRQHandler
                0x080034cc        0xc Core\Src\stm32f1xx_it.o
                0x080034cc                DMA1_Channel4_IRQHandler
 .text.DMA1_Channel5_IRQHandler
                0x080034d8        0xc Core\Src\stm32f1xx_it.o
                0x080034d8                DMA1_Channel5_IRQHandler
 .text.CAN1_RX1_IRQHandler
                0x080034e4        0xc Core\Src\stm32f1xx_it.o
                0x080034e4                CAN1_RX1_IRQHandler
 .text.USB_LP_CAN1_RX0_IRQHandler
                0x080034f0        0x4 Core\Src\stm32f1xx_it.o
                0x080034f0                USB_LP_CAN1_RX0_IRQHandler
 .text.USB_HP_CAN1_TX_IRQHandler
                0x080034f4        0x4 Core\Src\stm32f1xx_it.o
                0x080034f4                USB_HP_CAN1_TX_IRQHandler
 .text.TIM3_IRQHandler
                0x080034f8        0xc Core\Src\stm32f1xx_it.o
                0x080034f8                TIM3_IRQHandler
 .text.TIM4_IRQHandler
                0x08003504        0xc Core\Src\stm32f1xx_it.o
                0x08003504                TIM4_IRQHandler
 .text._getpid  0x08003510        0x4 Core\Src\syscalls.o
                0x08003510                _getpid
 .text._kill    0x08003514       0x10 Core\Src\syscalls.o
                0x08003514                _kill
 .text._exit    0x08003524        0xc Core\Src\syscalls.o
                0x08003524                _exit
 .text._sbrk    0x08003530       0x34 Core\Src\syscalls.o
                0x08003530                _sbrk
 .text.SystemInit
                0x08003564       0x4c Core\Src\system_stm32f1xx.o
                0x08003564                SystemInit
 .text.MX_TIM3_Init
                0x080035b0       0x6c Core\Src\tim.o
                0x080035b0                MX_TIM3_Init
 .text.HAL_TIM_Base_MspInit
                0x0800361c       0x68 Core\Src\tim.o
                0x0800361c                HAL_TIM_Base_MspInit
 .text.MX_USART1_UART_Init
                0x08003684       0x38 Core\Src\usart.o
                0x08003684                MX_USART1_UART_Init
 .text.HAL_UART_MspInit
                0x080036bc       0xd8 Core\Src\usart.o
                0x080036bc                HAL_UART_MspInit
 .text.HAL_InitTick
                0x08003794       0x48 Drivers\STM32F1xx_HAL_Driver\Src\stm32f1xx_hal.o
                0x08003794                HAL_InitTick
 .text.HAL_Init
                0x080037dc       0x24 Drivers\STM32F1xx_HAL_Driver\Src\stm32f1xx_hal.o
                0x080037dc                HAL_Init
 .text.HAL_IncTick
                0x08003800       0x18 Drivers\STM32F1xx_HAL_Driver\Src\stm32f1xx_hal.o
                0x08003800                HAL_IncTick
 .text.HAL_GetTick
                0x08003818        0xc Drivers\STM32F1xx_HAL_Driver\Src\stm32f1xx_hal.o
                0x08003818                HAL_GetTick
 .text.HAL_ADC_ConvCpltCallback
                0x08003824        0x2 Drivers\STM32F1xx_HAL_Driver\Src\stm32f1xx_hal_adc.o
                0x08003824                HAL_ADC_ConvCpltCallback
 .text.ADC_DMAConvCplt
                0x08003826       0x4e Drivers\STM32F1xx_HAL_Driver\Src\stm32f1xx_hal_adc.o
                0x08003826                ADC_DMAConvCplt
 .text.HAL_ADC_ConvHalfCpltCallback
                0x08003874        0x2 Drivers\STM32F1xx_HAL_Driver\Src\stm32f1xx_hal_adc.o
                0x08003874                HAL_ADC_ConvHalfCpltCallback
 .text.ADC_DMAHalfConvCplt
                0x08003876        0xa Drivers\STM32F1xx_HAL_Driver\Src\stm32f1xx_hal_adc.o
                0x08003876                ADC_DMAHalfConvCplt
 .text.HAL_ADC_ErrorCallback
                0x08003880        0x2 Drivers\STM32F1xx_HAL_Driver\Src\stm32f1xx_hal_adc.o
                0x08003880                HAL_ADC_ErrorCallback
 .text.ADC_DMAError
                0x08003882       0x1a Drivers\STM32F1xx_HAL_Driver\Src\stm32f1xx_hal_adc.o
                0x08003882                ADC_DMAError
 .text.HAL_ADC_ConfigChannel
                0x0800389c      0x108 Drivers\STM32F1xx_HAL_Driver\Src\stm32f1xx_hal_adc.o
                0x0800389c                HAL_ADC_ConfigChannel
 .text.ADC_Enable
                0x080039a4       0x70 Drivers\STM32F1xx_HAL_Driver\Src\stm32f1xx_hal_adc.o
                0x080039a4                ADC_Enable
 .text.HAL_ADC_Start
                0x08003a14       0xc4 Drivers\STM32F1xx_HAL_Driver\Src\stm32f1xx_hal_adc.o
                0x08003a14                HAL_ADC_Start
 .text.HAL_ADC_Start_DMA
                0x08003ad8      0x11c Drivers\STM32F1xx_HAL_Driver\Src\stm32f1xx_hal_adc.o
                0x08003ad8                HAL_ADC_Start_DMA
 .text.ADC_ConversionStop_Disable
                0x08003bf4       0x44 Drivers\STM32F1xx_HAL_Driver\Src\stm32f1xx_hal_adc.o
                0x08003bf4                ADC_ConversionStop_Disable
 .text.HAL_ADC_Init
                0x08003c38      0x114 Drivers\STM32F1xx_HAL_Driver\Src\stm32f1xx_hal_adc.o
                0x08003c38                HAL_ADC_Init
 .text.HAL_CAN_Init
                0x08003d4c       0xf6 Drivers\STM32F1xx_HAL_Driver\Src\stm32f1xx_hal_can.o
                0x08003d4c                HAL_CAN_Init
 .text.HAL_CAN_ConfigFilter
                0x08003e42       0xd8 Drivers\STM32F1xx_HAL_Driver\Src\stm32f1xx_hal_can.o
                0x08003e42                HAL_CAN_ConfigFilter
 .text.HAL_CAN_AddTxMessage
                0x08003f1a       0x9c Drivers\STM32F1xx_HAL_Driver\Src\stm32f1xx_hal_can.o
                0x08003f1a                HAL_CAN_AddTxMessage
 .text.HAL_CAN_GetRxMessage
                0x08003fb6       0xec Drivers\STM32F1xx_HAL_Driver\Src\stm32f1xx_hal_can.o
                0x08003fb6                HAL_CAN_GetRxMessage
 .text.HAL_CAN_TxMailbox0CompleteCallback
                0x080040a2        0x2 Drivers\STM32F1xx_HAL_Driver\Src\stm32f1xx_hal_can.o
                0x080040a2                HAL_CAN_TxMailbox0CompleteCallback
 .text.HAL_CAN_TxMailbox1CompleteCallback
                0x080040a4        0x2 Drivers\STM32F1xx_HAL_Driver\Src\stm32f1xx_hal_can.o
                0x080040a4                HAL_CAN_TxMailbox1CompleteCallback
 .text.HAL_CAN_TxMailbox2CompleteCallback
                0x080040a6        0x2 Drivers\STM32F1xx_HAL_Driver\Src\stm32f1xx_hal_can.o
                0x080040a6                HAL_CAN_TxMailbox2CompleteCallback
 .text.HAL_CAN_TxMailbox0AbortCallback
                0x080040a8        0x2 Drivers\STM32F1xx_HAL_Driver\Src\stm32f1xx_hal_can.o
                0x080040a8                HAL_CAN_TxMailbox0AbortCallback
 .text.HAL_CAN_TxMailbox1AbortCallback
                0x080040aa        0x2 Drivers\STM32F1xx_HAL_Driver\Src\stm32f1xx_hal_can.o
                0x080040aa                HAL_CAN_TxMailbox1AbortCallback
 .text.HAL_CAN_TxMailbox2AbortCallback
                0x080040ac        0x2 Drivers\STM32F1xx_HAL_Driver\Src\stm32f1xx_hal_can.o
                0x080040ac                HAL_CAN_TxMailbox2AbortCallback
 .text.HAL_CAN_RxFifo0MsgPendingCallback
                0x080040ae        0x2 Drivers\STM32F1xx_HAL_Driver\Src\stm32f1xx_hal_can.o
                0x080040ae                HAL_CAN_RxFifo0MsgPendingCallback
 .text.HAL_CAN_RxFifo0FullCallback
                0x080040b0        0x2 Drivers\STM32F1xx_HAL_Driver\Src\stm32f1xx_hal_can.o
                0x080040b0                HAL_CAN_RxFifo0FullCallback
 .text.HAL_CAN_RxFifo1FullCallback
                0x080040b2        0x2 Drivers\STM32F1xx_HAL_Driver\Src\stm32f1xx_hal_can.o
                0x080040b2                HAL_CAN_RxFifo1FullCallback
 .text.HAL_CAN_SleepCallback
                0x080040b4        0x2 Drivers\STM32F1xx_HAL_Driver\Src\stm32f1xx_hal_can.o
                0x080040b4                HAL_CAN_SleepCallback
 .text.HAL_CAN_WakeUpFromRxMsgCallback
                0x080040b6        0x2 Drivers\STM32F1xx_HAL_Driver\Src\stm32f1xx_hal_can.o
                0x080040b6                HAL_CAN_WakeUpFromRxMsgCallback
 .text.HAL_CAN_ErrorCallback
                0x080040b8        0x2 Drivers\STM32F1xx_HAL_Driver\Src\stm32f1xx_hal_can.o
                0x080040b8                HAL_CAN_ErrorCallback
 .text.HAL_CAN_IRQHandler
                0x080040ba      0x1fc Drivers\STM32F1xx_HAL_Driver\Src\stm32f1xx_hal_can.o
                0x080040ba                HAL_CAN_IRQHandler
 *fill*         0x080042b6        0x2 
 .text.HAL_NVIC_SetPriorityGrouping
                0x080042b8       0x24 Drivers\STM32F1xx_HAL_Driver\Src\stm32f1xx_hal_cortex.o
                0x080042b8                HAL_NVIC_SetPriorityGrouping
 .text.HAL_NVIC_SetPriority
                0x080042dc       0x68 Drivers\STM32F1xx_HAL_Driver\Src\stm32f1xx_hal_cortex.o
                0x080042dc                HAL_NVIC_SetPriority
 .text.HAL_NVIC_EnableIRQ
                0x08004344       0x1c Drivers\STM32F1xx_HAL_Driver\Src\stm32f1xx_hal_cortex.o
                0x08004344                HAL_NVIC_EnableIRQ
 .text.HAL_SYSTICK_Config
                0x08004360       0x2c Drivers\STM32F1xx_HAL_Driver\Src\stm32f1xx_hal_cortex.o
                0x08004360                HAL_SYSTICK_Config
 .text.HAL_DMA_Init
                0x0800438c       0x80 Drivers\STM32F1xx_HAL_Driver\Src\stm32f1xx_hal_dma.o
                0x0800438c                HAL_DMA_Init
 .text.HAL_DMA_Start_IT
                0x0800440c       0x7a Drivers\STM32F1xx_HAL_Driver\Src\stm32f1xx_hal_dma.o
                0x0800440c                HAL_DMA_Start_IT
 *fill*         0x08004486        0x2 
 .text.HAL_DMA_IRQHandler
                0x08004488      0x1b8 Drivers\STM32F1xx_HAL_Driver\Src\stm32f1xx_hal_dma.o
                0x08004488                HAL_DMA_IRQHandler
 .text.HAL_GPIO_Init
                0x08004640      0x1d8 Drivers\STM32F1xx_HAL_Driver\Src\stm32f1xx_hal_gpio.o
                0x08004640                HAL_GPIO_Init
 .text.HAL_GPIO_WritePin
                0x08004818        0xa Drivers\STM32F1xx_HAL_Driver\Src\stm32f1xx_hal_gpio.o
                0x08004818                HAL_GPIO_WritePin
 *fill*         0x08004822        0x2 
 .text.HAL_RCC_OscConfig
                0x08004824      0x33c Drivers\STM32F1xx_HAL_Driver\Src\stm32f1xx_hal_rcc.o
                0x08004824                HAL_RCC_OscConfig
 .text.HAL_RCC_GetSysClockFreq
                0x08004b60       0x78 Drivers\STM32F1xx_HAL_Driver\Src\stm32f1xx_hal_rcc.o
                0x08004b60                HAL_RCC_GetSysClockFreq
 .text.HAL_RCC_ClockConfig
                0x08004bd8      0x13c Drivers\STM32F1xx_HAL_Driver\Src\stm32f1xx_hal_rcc.o
                0x08004bd8                HAL_RCC_ClockConfig
 .text.HAL_RCC_GetPCLK1Freq
                0x08004d14       0x20 Drivers\STM32F1xx_HAL_Driver\Src\stm32f1xx_hal_rcc.o
                0x08004d14                HAL_RCC_GetPCLK1Freq
 .text.HAL_RCC_GetPCLK2Freq
                0x08004d34       0x20 Drivers\STM32F1xx_HAL_Driver\Src\stm32f1xx_hal_rcc.o
                0x08004d34                HAL_RCC_GetPCLK2Freq
 .text.HAL_RCCEx_PeriphCLKConfig
                0x08004d54       0xf0 Drivers\STM32F1xx_HAL_Driver\Src\stm32f1xx_hal_rcc_ex.o
                0x08004d54                HAL_RCCEx_PeriphCLKConfig
 .text.HAL_TIM_Base_Start_IT
                0x08004e44       0x20 Drivers\STM32F1xx_HAL_Driver\Src\stm32f1xx_hal_tim.o
                0x08004e44                HAL_TIM_Base_Start_IT
 .text.HAL_TIM_Base_Stop_IT
                0x08004e64       0x2a Drivers\STM32F1xx_HAL_Driver\Src\stm32f1xx_hal_tim.o
                0x08004e64                HAL_TIM_Base_Stop_IT
 .text.HAL_TIM_OC_DelayElapsedCallback
                0x08004e8e        0x2 Drivers\STM32F1xx_HAL_Driver\Src\stm32f1xx_hal_tim.o
                0x08004e8e                HAL_TIM_OC_DelayElapsedCallback
 .text.HAL_TIM_IC_CaptureCallback
                0x08004e90        0x2 Drivers\STM32F1xx_HAL_Driver\Src\stm32f1xx_hal_tim.o
                0x08004e90                HAL_TIM_IC_CaptureCallback
 .text.HAL_TIM_PWM_PulseFinishedCallback
                0x08004e92        0x2 Drivers\STM32F1xx_HAL_Driver\Src\stm32f1xx_hal_tim.o
                0x08004e92                HAL_TIM_PWM_PulseFinishedCallback
 .text.HAL_TIM_TriggerCallback
                0x08004e94        0x2 Drivers\STM32F1xx_HAL_Driver\Src\stm32f1xx_hal_tim.o
                0x08004e94                HAL_TIM_TriggerCallback
 .text.HAL_TIM_IRQHandler
                0x08004e96      0x144 Drivers\STM32F1xx_HAL_Driver\Src\stm32f1xx_hal_tim.o
                0x08004e96                HAL_TIM_IRQHandler
 *fill*         0x08004fda        0x2 
 .text.TIM_Base_SetConfig
                0x08004fdc       0x98 Drivers\STM32F1xx_HAL_Driver\Src\stm32f1xx_hal_tim.o
                0x08004fdc                TIM_Base_SetConfig
 .text.HAL_TIM_Base_Init
                0x08005074       0x34 Drivers\STM32F1xx_HAL_Driver\Src\stm32f1xx_hal_tim.o
                0x08005074                HAL_TIM_Base_Init
 .text.TIM_ETR_SetConfig
                0x080050a8       0x14 Drivers\STM32F1xx_HAL_Driver\Src\stm32f1xx_hal_tim.o
                0x080050a8                TIM_ETR_SetConfig
 .text.HAL_TIM_ConfigClockSource
                0x080050bc      0x128 Drivers\STM32F1xx_HAL_Driver\Src\stm32f1xx_hal_tim.o
                0x080050bc                HAL_TIM_ConfigClockSource
 .text.HAL_TIMEx_MasterConfigSynchronization
                0x080051e4       0x3c Drivers\STM32F1xx_HAL_Driver\Src\stm32f1xx_hal_tim_ex.o
                0x080051e4                HAL_TIMEx_MasterConfigSynchronization
 .text.HAL_TIMEx_CommutCallback
                0x08005220        0x2 Drivers\STM32F1xx_HAL_Driver\Src\stm32f1xx_hal_tim_ex.o
                0x08005220                HAL_TIMEx_CommutCallback
 .text.HAL_TIMEx_BreakCallback
                0x08005222        0x2 Drivers\STM32F1xx_HAL_Driver\Src\stm32f1xx_hal_tim_ex.o
                0x08005222                HAL_TIMEx_BreakCallback
 .text.UART_SetConfig
                0x08005224       0x74 Drivers\STM32F1xx_HAL_Driver\Src\stm32f1xx_hal_uart.o
 .text.HAL_UART_Init
                0x08005298       0x5c Drivers\STM32F1xx_HAL_Driver\Src\stm32f1xx_hal_uart.o
                0x08005298                HAL_UART_Init
 .text.Reset_Handler
                0x080052f4       0x48 startup\startup_stm32f103xe.o
                0x080052f4                Reset_Handler
 .text.Default_Handler
                0x0800533c        0x2 startup\startup_stm32f103xe.o
                0x0800533c                RTC_Alarm_IRQHandler
                0x0800533c                EXTI2_IRQHandler
                0x0800533c                TIM8_TRG_COM_IRQHandler
                0x0800533c                TIM8_CC_IRQHandler
                0x0800533c                TIM1_CC_IRQHandler
                0x0800533c                TIM6_IRQHandler
                0x0800533c                PVD_IRQHandler
                0x0800533c                SDIO_IRQHandler
                0x0800533c                EXTI3_IRQHandler
                0x0800533c                EXTI0_IRQHandler
                0x0800533c                I2C2_EV_IRQHandler
                0x0800533c                ADC1_2_IRQHandler
                0x0800533c                SPI1_IRQHandler
                0x0800533c                TAMPER_IRQHandler
                0x0800533c                TIM8_UP_IRQHandler
                0x0800533c                DMA2_Channel2_IRQHandler
                0x0800533c                USART3_IRQHandler
                0x0800533c                RTC_IRQHandler
                0x0800533c                DMA1_Channel7_IRQHandler
                0x0800533c                UART5_IRQHandler
                0x0800533c                ADC3_IRQHandler
                0x0800533c                DMA2_Channel1_IRQHandler
                0x0800533c                I2C1_EV_IRQHandler
                0x0800533c                DMA1_Channel6_IRQHandler
                0x0800533c                UART4_IRQHandler
                0x0800533c                RCC_IRQHandler
                0x0800533c                TIM1_TRG_COM_IRQHandler
                0x0800533c                Default_Handler
                0x0800533c                EXTI15_10_IRQHandler
                0x0800533c                TIM7_IRQHandler
                0x0800533c                TIM5_IRQHandler
                0x0800533c                EXTI9_5_IRQHandler
                0x0800533c                SPI2_IRQHandler
                0x0800533c                EXTI4_IRQHandler
                0x0800533c                DMA1_Channel3_IRQHandler
                0x0800533c                FSMC_IRQHandler
                0x0800533c                TIM1_UP_IRQHandler
                0x0800533c                WWDG_IRQHandler
                0x0800533c                TIM2_IRQHandler
                0x0800533c                TIM1_BRK_IRQHandler
                0x0800533c                EXTI1_IRQHandler
                0x0800533c                DMA2_Channel4_5_IRQHandler
                0x0800533c                USART2_IRQHandler
                0x0800533c                I2C2_ER_IRQHandler
                0x0800533c                DMA1_Channel2_IRQHandler
                0x0800533c                TIM8_BRK_IRQHandler
                0x0800533c                CAN1_SCE_IRQHandler
                0x0800533c                FLASH_IRQHandler
                0x0800533c                USART1_IRQHandler
                0x0800533c                SPI3_IRQHandler
                0x0800533c                I2C1_ER_IRQHandler
                0x0800533c                USBWakeUp_IRQHandler
                0x0800533c                DMA2_Channel3_IRQHandler
 .text._ZdlPv   0x0800533e        0x4 d:/programs/atollic truestudio/truestudio for stm32 9.3.0/armtools/bin/../lib/gcc/arm-atollic-eabi/6.3.1/../../../../arm-atollic-eabi/lib/armv7-m\libstdc++_nano.a(del_op.o)
                0x0800533e                operator delete(void*)
 .text.__aeabi_atexit
                0x08005342        0xa d:/programs/atollic truestudio/truestudio for stm32 9.3.0/armtools/bin/../lib/gcc/arm-atollic-eabi/6.3.1/../../../../arm-atollic-eabi/lib/armv7-m\libstdc++_nano.a(atexit_arm.o)
                0x08005342                __aeabi_atexit
 .text._ZNK10__cxxabiv117__class_type_info11__do_upcastEPKS0_PPv
                0x0800534c       0x34 d:/programs/atollic truestudio/truestudio for stm32 9.3.0/armtools/bin/../lib/gcc/arm-atollic-eabi/6.3.1/../../../../arm-atollic-eabi/lib/armv7-m\libstdc++_nano.a(class_type_info.o)
                0x0800534c                __cxxabiv1::__class_type_info::__do_upcast(__cxxabiv1::__class_type_info const*, void**) const
 .text._ZNK10__cxxabiv117__class_type_info20__do_find_public_srcEiPKvPKS0_S2_
                0x08005380        0xc d:/programs/atollic truestudio/truestudio for stm32 9.3.0/armtools/bin/../lib/gcc/arm-atollic-eabi/6.3.1/../../../../arm-atollic-eabi/lib/armv7-m\libstdc++_nano.a(class_type_info.o)
                0x08005380                __cxxabiv1::__class_type_info::__do_find_public_src(int, void const*, __cxxabiv1::__class_type_info const*, void const*) const
 .text._ZN10__cxxabiv117__class_type_infoD2Ev
                0x0800538c       0x14 d:/programs/atollic truestudio/truestudio for stm32 9.3.0/armtools/bin/../lib/gcc/arm-atollic-eabi/6.3.1/../../../../arm-atollic-eabi/lib/armv7-m\libstdc++_nano.a(class_type_info.o)
                0x0800538c                __cxxabiv1::__class_type_info::~__class_type_info()
                0x0800538c                __cxxabiv1::__class_type_info::~__class_type_info()
 .text._ZN10__cxxabiv117__class_type_infoD0Ev
                0x080053a0       0x14 d:/programs/atollic truestudio/truestudio for stm32 9.3.0/armtools/bin/../lib/gcc/arm-atollic-eabi/6.3.1/../../../../arm-atollic-eabi/lib/armv7-m\libstdc++_nano.a(class_type_info.o)
                0x080053a0                __cxxabiv1::__class_type_info::~__class_type_info()
 .text._ZNK10__cxxabiv117__class_type_info11__do_upcastEPKS0_PKvRNS0_15__upcast_resultE
                0x080053b4       0x18 d:/programs/atollic truestudio/truestudio for stm32 9.3.0/armtools/bin/../lib/gcc/arm-atollic-eabi/6.3.1/../../../../arm-atollic-eabi/lib/armv7-m\libstdc++_nano.a(class_type_info.o)
                0x080053b4                __cxxabiv1::__class_type_info::__do_upcast(__cxxabiv1::__class_type_info const*, void const*, __cxxabiv1::__class_type_info::__upcast_result&) const
 .text._ZNK10__cxxabiv117__class_type_info10__do_catchEPKSt9type_infoPPvj
                0x080053cc       0x2a d:/programs/atollic truestudio/truestudio for stm32 9.3.0/armtools/bin/../lib/gcc/arm-atollic-eabi/6.3.1/../../../../arm-atollic-eabi/lib/armv7-m\libstdc++_nano.a(class_type_info.o)
                0x080053cc                __cxxabiv1::__class_type_info::__do_catch(std::type_info const*, void**, unsigned int) const
 .text._ZNK10__cxxabiv117__class_type_info12__do_dyncastEiNS0_10__sub_kindEPKS0_PKvS3_S5_RNS0_16__dyncast_resultE
                0x080053f6       0x38 d:/programs/atollic truestudio/truestudio for stm32 9.3.0/armtools/bin/../lib/gcc/arm-atollic-eabi/6.3.1/../../../../arm-atollic-eabi/lib/armv7-m\libstdc++_nano.a(class_type_info.o)
                0x080053f6                __cxxabiv1::__class_type_info::__do_dyncast(int, __cxxabiv1::__class_type_info::__sub_kind, __cxxabiv1::__class_type_info const*, void const*, __cxxabiv1::__class_type_info const*, void const*, __cxxabiv1::__class_type_info::__dyncast_result&) const
 .text._ZNSt9type_infoD2Ev
                0x0800542e        0x2 d:/programs/atollic truestudio/truestudio for stm32 9.3.0/armtools/bin/../lib/gcc/arm-atollic-eabi/6.3.1/../../../../arm-atollic-eabi/lib/armv7-m\libstdc++_nano.a(tinfo.o)
                0x0800542e                std::type_info::~type_info()
                0x0800542e                std::type_info::~type_info()
 .text._ZNKSt9type_info15__is_function_pEv
                0x08005430        0x4 d:/programs/atollic truestudio/truestudio for stm32 9.3.0/armtools/bin/../lib/gcc/arm-atollic-eabi/6.3.1/../../../../arm-atollic-eabi/lib/armv7-m\libstdc++_nano.a(tinfo.o)
                0x08005430                std::type_info::__is_pointer_p() const
                0x08005430                std::type_info::__is_function_p() const
 .text._ZNKSt9type_infoeqERKS_
                0x08005434       0x2c d:/programs/atollic truestudio/truestudio for stm32 9.3.0/armtools/bin/../lib/gcc/arm-atollic-eabi/6.3.1/../../../../arm-atollic-eabi/lib/armv7-m\libstdc++_nano.a(tinfo.o)
                0x08005434                std::type_info::operator==(std::type_info const&) const
 .text._ZN10__cxxabiv120__si_class_type_infoD2Ev
                0x08005460       0x14 d:/programs/atollic truestudio/truestudio for stm32 9.3.0/armtools/bin/../lib/gcc/arm-atollic-eabi/6.3.1/../../../../arm-atollic-eabi/lib/armv7-m\libstdc++_nano.a(si_class_type_info.o)
                0x08005460                __cxxabiv1::__si_class_type_info::~__si_class_type_info()
                0x08005460                __cxxabiv1::__si_class_type_info::~__si_class_type_info()
 .text._ZN10__cxxabiv120__si_class_type_infoD0Ev
                0x08005474       0x14 d:/programs/atollic truestudio/truestudio for stm32 9.3.0/armtools/bin/../lib/gcc/arm-atollic-eabi/6.3.1/../../../../arm-atollic-eabi/lib/armv7-m\libstdc++_nano.a(si_class_type_info.o)
                0x08005474                __cxxabiv1::__si_class_type_info::~__si_class_type_info()
 .text._ZNK10__cxxabiv120__si_class_type_info20__do_find_public_srcEiPKvPKNS_17__class_type_infoES2_
                0x08005488       0x38 d:/programs/atollic truestudio/truestudio for stm32 9.3.0/armtools/bin/../lib/gcc/arm-atollic-eabi/6.3.1/../../../../arm-atollic-eabi/lib/armv7-m\libstdc++_nano.a(si_class_type_info.o)
                0x08005488                __cxxabiv1::__si_class_type_info::__do_find_public_src(int, void const*, __cxxabiv1::__class_type_info const*, void const*) const
 .text._ZNK10__cxxabiv120__si_class_type_info12__do_dyncastEiNS_17__class_type_info10__sub_kindEPKS1_PKvS4_S6_RNS1_16__dyncast_resultE
                0x080054c0       0x7c d:/programs/atollic truestudio/truestudio for stm32 9.3.0/armtools/bin/../lib/gcc/arm-atollic-eabi/6.3.1/../../../../arm-atollic-eabi/lib/armv7-m\libstdc++_nano.a(si_class_type_info.o)
                0x080054c0                __cxxabiv1::__si_class_type_info::__do_dyncast(int, __cxxabiv1::__class_type_info::__sub_kind, __cxxabiv1::__class_type_info const*, void const*, __cxxabiv1::__class_type_info const*, void const*, __cxxabiv1::__class_type_info::__dyncast_result&) const
 .text._ZNK10__cxxabiv120__si_class_type_info11__do_upcastEPKNS_17__class_type_infoEPKvRNS1_15__upcast_resultE
                0x0800553c       0x2a d:/programs/atollic truestudio/truestudio for stm32 9.3.0/armtools/bin/../lib/gcc/arm-atollic-eabi/6.3.1/../../../../arm-atollic-eabi/lib/armv7-m\libstdc++_nano.a(si_class_type_info.o)
                0x0800553c                __cxxabiv1::__si_class_type_info::__do_upcast(__cxxabiv1::__class_type_info const*, void const*, __cxxabiv1::__class_type_info::__upcast_result&) const
 .text._ZdlPvj  0x08005566        0x4 d:/programs/atollic truestudio/truestudio for stm32 9.3.0/armtools/bin/../lib/gcc/arm-atollic-eabi/6.3.1/../../../../arm-atollic-eabi/lib/armv7-m\libstdc++_nano.a(del_ops.o)
                0x08005566                operator delete(void*, unsigned int)
 *fill*         0x0800556a        0x2 
 .text.pow      0x0800556c      0x2c8 d:/programs/atollic truestudio/truestudio for stm32 9.3.0/armtools/bin/../lib/gcc/arm-atollic-eabi/6.3.1/../../../../arm-atollic-eabi/lib/armv7-m\libm.a(lib_a-w_pow.o)
                0x0800556c                pow
 *fill*         0x08005834        0x4 
 .text.__ieee754_pow
                0x08005838      0x9e4 d:/programs/atollic truestudio/truestudio for stm32 9.3.0/armtools/bin/../lib/gcc/arm-atollic-eabi/6.3.1/../../../../arm-atollic-eabi/lib/armv7-m\libm.a(lib_a-e_pow.o)
                0x08005838                __ieee754_pow
 .text.__ieee754_sqrt
                0x0800621c      0x158 d:/programs/atollic truestudio/truestudio for stm32 9.3.0/armtools/bin/../lib/gcc/arm-atollic-eabi/6.3.1/../../../../arm-atollic-eabi/lib/armv7-m\libm.a(lib_a-e_sqrt.o)
                0x0800621c                __ieee754_sqrt
 .text.fabs     0x08006374        0x6 d:/programs/atollic truestudio/truestudio for stm32 9.3.0/armtools/bin/../lib/gcc/arm-atollic-eabi/6.3.1/../../../../arm-atollic-eabi/lib/armv7-m\libm.a(lib_a-s_fabs.o)
                0x08006374                fabs
 .text.finite   0x0800637a        0xc d:/programs/atollic truestudio/truestudio for stm32 9.3.0/armtools/bin/../lib/gcc/arm-atollic-eabi/6.3.1/../../../../arm-atollic-eabi/lib/armv7-m\libm.a(lib_a-s_finite.o)
                0x0800637a                finite
 .text.matherr  0x08006386        0x4 d:/programs/atollic truestudio/truestudio for stm32 9.3.0/armtools/bin/../lib/gcc/arm-atollic-eabi/6.3.1/../../../../arm-atollic-eabi/lib/armv7-m\libm.a(lib_a-s_matherr.o)
                0x08006386                matherr
 *fill*         0x0800638a        0x2 
 .text.nan      0x0800638c        0xc d:/programs/atollic truestudio/truestudio for stm32 9.3.0/armtools/bin/../lib/gcc/arm-atollic-eabi/6.3.1/../../../../arm-atollic-eabi/lib/armv7-m\libm.a(lib_a-s_nan.o)
                0x0800638c                nan
 .text.rint     0x08006398      0x110 d:/programs/atollic truestudio/truestudio for stm32 9.3.0/armtools/bin/../lib/gcc/arm-atollic-eabi/6.3.1/../../../../arm-atollic-eabi/lib/armv7-m\libm.a(lib_a-s_rint.o)
                0x08006398                rint
 .text.scalbn   0x080064a8       0xdc d:/programs/atollic truestudio/truestudio for stm32 9.3.0/armtools/bin/../lib/gcc/arm-atollic-eabi/6.3.1/../../../../arm-atollic-eabi/lib/armv7-m\libm.a(lib_a-s_scalbn.o)
                0x080064a8                scalbn
 .text.copysign
                0x08006584        0xe d:/programs/atollic truestudio/truestudio for stm32 9.3.0/armtools/bin/../lib/gcc/arm-atollic-eabi/6.3.1/../../../../arm-atollic-eabi/lib/armv7-m\libm.a(lib_a-s_copysign.o)
                0x08006584                copysign
 *fill*         0x08006592        0x2 
 .text.calloc   0x08006594       0x10 d:/programs/atollic truestudio/truestudio for stm32 9.3.0/armtools/bin/../lib/gcc/arm-atollic-eabi/6.3.1/../../../../arm-atollic-eabi/lib/armv7-m\libc_nano.a(lib_a-calloc.o)
                0x08006594                calloc
 .text.__cxa_atexit
                0x080065a4       0x1c d:/programs/atollic truestudio/truestudio for stm32 9.3.0/armtools/bin/../lib/gcc/arm-atollic-eabi/6.3.1/../../../../arm-atollic-eabi/lib/armv7-m\libc_nano.a(lib_a-cxa_atexit.o)
                0x080065a4                __cxa_atexit
 .text.__errno  0x080065c0        0xc d:/programs/atollic truestudio/truestudio for stm32 9.3.0/armtools/bin/../lib/gcc/arm-atollic-eabi/6.3.1/../../../../arm-atollic-eabi/lib/armv7-m\libc_nano.a(lib_a-errno.o)
                0x080065c0                __errno
 .text.__libc_init_array
                0x080065cc       0x48 d:/programs/atollic truestudio/truestudio for stm32 9.3.0/armtools/bin/../lib/gcc/arm-atollic-eabi/6.3.1/../../../../arm-atollic-eabi/lib/armv7-m\libc_nano.a(lib_a-init.o)
                0x080065cc                __libc_init_array
 .text.free     0x08006614       0x10 d:/programs/atollic truestudio/truestudio for stm32 9.3.0/armtools/bin/../lib/gcc/arm-atollic-eabi/6.3.1/../../../../arm-atollic-eabi/lib/armv7-m\libc_nano.a(lib_a-malloc.o)
                0x08006614                free
 .text.memset   0x08006624       0x10 d:/programs/atollic truestudio/truestudio for stm32 9.3.0/armtools/bin/../lib/gcc/arm-atollic-eabi/6.3.1/../../../../arm-atollic-eabi/lib/armv7-m\libc_nano.a(lib_a-memset.o)
                0x08006624                memset
 .text._calloc_r
                0x08006634       0x1c d:/programs/atollic truestudio/truestudio for stm32 9.3.0/armtools/bin/../lib/gcc/arm-atollic-eabi/6.3.1/../../../../arm-atollic-eabi/lib/armv7-m\libc_nano.a(lib_a-nano-callocr.o)
                0x08006634                _calloc_r
 .text._free_r  0x08006650       0x98 d:/programs/atollic truestudio/truestudio for stm32 9.3.0/armtools/bin/../lib/gcc/arm-atollic-eabi/6.3.1/../../../../arm-atollic-eabi/lib/armv7-m\libc_nano.a(lib_a-nano-freer.o)
                0x08006650                _free_r
 .text._malloc_r
                0x080066e8       0xbc d:/programs/atollic truestudio/truestudio for stm32 9.3.0/armtools/bin/../lib/gcc/arm-atollic-eabi/6.3.1/../../../../arm-atollic-eabi/lib/armv7-m\libc_nano.a(lib_a-nano-mallocr.o)
                0x080066e8                _malloc_r
 .text._sbrk_r  0x080067a4       0x20 d:/programs/atollic truestudio/truestudio for stm32 9.3.0/armtools/bin/../lib/gcc/arm-atollic-eabi/6.3.1/../../../../arm-atollic-eabi/lib/armv7-m\libc_nano.a(lib_a-sbrkr.o)
                0x080067a4                _sbrk_r
 .text.__malloc_lock
                0x080067c4        0x2 d:/programs/atollic truestudio/truestudio for stm32 9.3.0/armtools/bin/../lib/gcc/arm-atollic-eabi/6.3.1/../../../../arm-atollic-eabi/lib/armv7-m\libc_nano.a(lib_a-mlock.o)
                0x080067c4                __malloc_lock
 .text.__malloc_unlock
                0x080067c6        0x2 d:/programs/atollic truestudio/truestudio for stm32 9.3.0/armtools/bin/../lib/gcc/arm-atollic-eabi/6.3.1/../../../../arm-atollic-eabi/lib/armv7-m\libc_nano.a(lib_a-mlock.o)
                0x080067c6                __malloc_unlock
 .text.abort    0x080067c8        0xe d:/programs/atollic truestudio/truestudio for stm32 9.3.0/armtools/bin/../lib/gcc/arm-atollic-eabi/6.3.1/../../../../arm-atollic-eabi/lib/armv7-m\libc_nano.a(lib_a-abort.o)
                0x080067c8                abort
 .text.memcpy   0x080067d6       0x16 d:/programs/atollic truestudio/truestudio for stm32 9.3.0/armtools/bin/../lib/gcc/arm-atollic-eabi/6.3.1/../../../../arm-atollic-eabi/lib/armv7-m\libc_nano.a(lib_a-memcpy-stub.o)
                0x080067d6                memcpy
 .text._raise_r
                0x080067ec       0x50 d:/programs/atollic truestudio/truestudio for stm32 9.3.0/armtools/bin/../lib/gcc/arm-atollic-eabi/6.3.1/../../../../arm-atollic-eabi/lib/armv7-m\libc_nano.a(lib_a-signal.o)
                0x080067ec                _raise_r
 .text.raise    0x0800683c       0x10 d:/programs/atollic truestudio/truestudio for stm32 9.3.0/armtools/bin/../lib/gcc/arm-atollic-eabi/6.3.1/../../../../arm-atollic-eabi/lib/armv7-m\libc_nano.a(lib_a-signal.o)
                0x0800683c                raise
 .text._kill_r  0x0800684c       0x24 d:/programs/atollic truestudio/truestudio for stm32 9.3.0/armtools/bin/../lib/gcc/arm-atollic-eabi/6.3.1/../../../../arm-atollic-eabi/lib/armv7-m\libc_nano.a(lib_a-signalr.o)
                0x0800684c                _kill_r
 .text._getpid_r
                0x08006870        0x4 d:/programs/atollic truestudio/truestudio for stm32 9.3.0/armtools/bin/../lib/gcc/arm-atollic-eabi/6.3.1/../../../../arm-atollic-eabi/lib/armv7-m\libc_nano.a(lib_a-signalr.o)
                0x08006870                _getpid_r
 *(.glue_7)
 .glue_7        0x08006874        0x0 linker stubs
 *(.glue_7t)
 .glue_7t       0x08006874        0x0 linker stubs
 *(.eh_frame)
 .eh_frame      0x08006874        0x0 d:/programs/atollic truestudio/truestudio for stm32 9.3.0/armtools/bin/../lib/gcc/arm-atollic-eabi/6.3.1/armv7-m/crtbegin.o
 *(.init)
 .init          0x08006874        0x4 d:/programs/atollic truestudio/truestudio for stm32 9.3.0/armtools/bin/../lib/gcc/arm-atollic-eabi/6.3.1/armv7-m/crti.o
                0x08006874                _init
 .init          0x08006878        0x8 d:/programs/atollic truestudio/truestudio for stm32 9.3.0/armtools/bin/../lib/gcc/arm-atollic-eabi/6.3.1/armv7-m/crtn.o
 *(.fini)
 .fini          0x08006880        0x4 d:/programs/atollic truestudio/truestudio for stm32 9.3.0/armtools/bin/../lib/gcc/arm-atollic-eabi/6.3.1/armv7-m/crti.o
                0x08006880                _fini
 .fini          0x08006884        0x8 d:/programs/atollic truestudio/truestudio for stm32 9.3.0/armtools/bin/../lib/gcc/arm-atollic-eabi/6.3.1/armv7-m/crtn.o
                0x0800688c                . = ALIGN (0x4)
                0x0800688c                _etext = .

.vfp11_veneer   0x0800688c        0x0
 .vfp11_veneer  0x0800688c        0x0 linker stubs

.v4_bx          0x0800688c        0x0
 .v4_bx         0x0800688c        0x0 linker stubs

.iplt           0x0800688c        0x0
 .iplt          0x0800688c        0x0 d:/programs/atollic truestudio/truestudio for stm32 9.3.0/armtools/bin/../lib/gcc/arm-atollic-eabi/6.3.1/armv7-m/crtbegin.o

.rodata         0x08006890      0x1d8
                0x08006890                . = ALIGN (0x4)
 *(.rodata)
 .rodata        0x08006890       0x25 Core\Src\CanManager.o
                0x08006890                vtable for CanManager
                0x080068a0                typeinfo for CanManager
                0x080068a8                typeinfo name for CanManager
 *fill*         0x080068b5        0x3 
 .rodata        0x080068b8       0x42 Core\Src\Joystick.o
                0x080068d8                vtable for Joystick
                0x080068e8                typeinfo for Joystick
                0x080068f0                typeinfo name for Joystick
 *fill*         0x080068fa        0x2 
 .rodata        0x080068fc       0x26 Core\Src\ModeManager.o
                0x080068fc                vtable for ModeManager
                0x0800690c                typeinfo for ModeManager
                0x08006914                typeinfo name for ModeManager
 .rodata        0x08006922       0x10 Drivers\STM32F1xx_HAL_Driver\Src\stm32f1xx_hal_rcc.o
 *(.rodata*)
 .rodata.AHBPrescTable
                0x08006932       0x10 Core\Src\system_stm32f1xx.o
                0x08006932                AHBPrescTable
 .rodata.APBPrescTable
                0x08006942        0x8 Core\Src\system_stm32f1xx.o
                0x08006942                APBPrescTable
 *fill*         0x0800694a        0x2 
 .rodata._ZTIN10__cxxabiv117__class_type_infoE
                0x0800694c        0xc d:/programs/atollic truestudio/truestudio for stm32 9.3.0/armtools/bin/../lib/gcc/arm-atollic-eabi/6.3.1/../../../../arm-atollic-eabi/lib/armv7-m\libstdc++_nano.a(class_type_info.o)
                0x0800694c                typeinfo for __cxxabiv1::__class_type_info
 .rodata._ZTSN10__cxxabiv117__class_type_infoE
                0x08006958       0x22 d:/programs/atollic truestudio/truestudio for stm32 9.3.0/armtools/bin/../lib/gcc/arm-atollic-eabi/6.3.1/../../../../arm-atollic-eabi/lib/armv7-m\libstdc++_nano.a(class_type_info.o)
                0x08006958                typeinfo name for __cxxabiv1::__class_type_info
 *fill*         0x0800697a        0x2 
 .rodata._ZTVN10__cxxabiv117__class_type_infoE
                0x0800697c       0x2c d:/programs/atollic truestudio/truestudio for stm32 9.3.0/armtools/bin/../lib/gcc/arm-atollic-eabi/6.3.1/../../../../arm-atollic-eabi/lib/armv7-m\libstdc++_nano.a(class_type_info.o)
                0x0800697c                vtable for __cxxabiv1::__class_type_info
 .rodata._ZTISt9type_info
                0x080069a8        0x8 d:/programs/atollic truestudio/truestudio for stm32 9.3.0/armtools/bin/../lib/gcc/arm-atollic-eabi/6.3.1/../../../../arm-atollic-eabi/lib/armv7-m\libstdc++_nano.a(tinfo.o)
                0x080069a8                typeinfo for std::type_info
 .rodata._ZTSSt9type_info
                0x080069b0        0xd d:/programs/atollic truestudio/truestudio for stm32 9.3.0/armtools/bin/../lib/gcc/arm-atollic-eabi/6.3.1/../../../../arm-atollic-eabi/lib/armv7-m\libstdc++_nano.a(tinfo.o)
                0x080069b0                typeinfo name for std::type_info
 *fill*         0x080069bd        0x3 
 .rodata._ZTIN10__cxxabiv120__si_class_type_infoE
                0x080069c0        0xc d:/programs/atollic truestudio/truestudio for stm32 9.3.0/armtools/bin/../lib/gcc/arm-atollic-eabi/6.3.1/../../../../arm-atollic-eabi/lib/armv7-m\libstdc++_nano.a(si_class_type_info.o)
                0x080069c0                typeinfo for __cxxabiv1::__si_class_type_info
 .rodata._ZTSN10__cxxabiv120__si_class_type_infoE
                0x080069cc       0x25 d:/programs/atollic truestudio/truestudio for stm32 9.3.0/armtools/bin/../lib/gcc/arm-atollic-eabi/6.3.1/../../../../arm-atollic-eabi/lib/armv7-m\libstdc++_nano.a(si_class_type_info.o)
                0x080069cc                typeinfo name for __cxxabiv1::__si_class_type_info
 *fill*         0x080069f1        0x3 
 .rodata._ZTVN10__cxxabiv120__si_class_type_infoE
                0x080069f4       0x2c d:/programs/atollic truestudio/truestudio for stm32 9.3.0/armtools/bin/../lib/gcc/arm-atollic-eabi/6.3.1/../../../../arm-atollic-eabi/lib/armv7-m\libstdc++_nano.a(si_class_type_info.o)
                0x080069f4                vtable for __cxxabiv1::__si_class_type_info
 .rodata.pow.str1.1
                0x08006a20        0x4 d:/programs/atollic truestudio/truestudio for stm32 9.3.0/armtools/bin/../lib/gcc/arm-atollic-eabi/6.3.1/../../../../arm-atollic-eabi/lib/armv7-m\libm.a(lib_a-w_pow.o)
 .rodata.__ieee754_pow.str1.1
                0x08006a24        0x4 d:/programs/atollic truestudio/truestudio for stm32 9.3.0/armtools/bin/../lib/gcc/arm-atollic-eabi/6.3.1/../../../../arm-atollic-eabi/lib/armv7-m\libm.a(lib_a-e_pow.o)
                                  0x1 (size before relaxing)
 *fill*         0x08006a24        0x4 
 .rodata.bp     0x08006a28       0x10 d:/programs/atollic truestudio/truestudio for stm32 9.3.0/armtools/bin/../lib/gcc/arm-atollic-eabi/6.3.1/../../../../arm-atollic-eabi/lib/armv7-m\libm.a(lib_a-e_pow.o)
 .rodata.dp_h   0x08006a38       0x10 d:/programs/atollic truestudio/truestudio for stm32 9.3.0/armtools/bin/../lib/gcc/arm-atollic-eabi/6.3.1/../../../../arm-atollic-eabi/lib/armv7-m\libm.a(lib_a-e_pow.o)
 .rodata.dp_l   0x08006a48       0x10 d:/programs/atollic truestudio/truestudio for stm32 9.3.0/armtools/bin/../lib/gcc/arm-atollic-eabi/6.3.1/../../../../arm-atollic-eabi/lib/armv7-m\libm.a(lib_a-e_pow.o)
 .rodata.TWO52  0x08006a58       0x10 d:/programs/atollic truestudio/truestudio for stm32 9.3.0/armtools/bin/../lib/gcc/arm-atollic-eabi/6.3.1/../../../../arm-atollic-eabi/lib/armv7-m\libm.a(lib_a-s_rint.o)
                0x08006a68                . = ALIGN (0x4)

.ARM.extab      0x08006a68      0x12c
 *(.ARM.extab* .gnu.linkonce.armextab.*)
 .ARM.extab.text.HAL_TIM_PeriodElapsedCallback
                0x08006a68        0xc Core\Src\Callbacks.o
 .ARM.extab.text.HAL_CAN_RxFifo1MsgPendingCallback
                0x08006a74        0xc Core\Src\Callbacks.o
 .ARM.extab.text._ZN10CanManager4initEv
                0x08006a80        0xc Core\Src\CanManager.o
 .ARM.extab.text._ZN10CanManager7processEv
                0x08006a8c        0xc Core\Src\CanManager.o
 .ARM.extab.text._ZN10CanManager20convertStatusData_RxEPh
                0x08006a98        0xc Core\Src\CanManager.o
 .ARM.extab.text._ZN10CanManager11setVelocityEPhN11ModeManager10MSG_ORIGINE
                0x08006aa4        0xc Core\Src\CanManager.o
 .ARM.extab.text._ZN10CanManager7setTurnEPhN11ModeManager10MSG_ORIGINE
                0x08006ab0        0xc Core\Src\CanManager.o
 .ARM.extab.text._ZN10CanManager10getData_RxEmPhh
                0x08006abc        0xc Core\Src\CanManager.o
 .ARM.extab.text._ZN10CanManager7sendMsgENS_9SEND_MODEEPh
                0x08006ac8        0xc Core\Src\CanManager.o
 .ARM.extab.text._ZN10CanManager26convertVelocityTurnData_TxEfhNS_9SEND_MODEE
                0x08006ad4        0xc Core\Src\CanManager.o
 .ARM.extab.text._ZN10CanManager12sendVelocityEfh
                0x08006ae0        0xc Core\Src\CanManager.o
 .ARM.extab.text._ZN10CanManager8sendTurnEfh
                0x08006aec        0xc Core\Src\CanManager.o
 .ARM.extab.text._ZN10CanManager13stopAllMotorsEv
                0x08006af8        0xc Core\Src\CanManager.o
 .ARM.extab.text._ZN10CanManager12hal_can_sendEthPh
                0x08006b04        0xc Core\Src\CanManager.o
 .ARM.extab.text._ZN10CanManager19hal_can_filter_initEv
                0x08006b10        0xc Core\Src\CanManager.o
 .ARM.extab.text._ZSt3powIiiEN9__gnu_cxx11__promote_2IT_T0_NS0_9__promoteIS2_XsrSt12__is_integerIS2_E7__valueEE6__typeENS4_IS3_XsrS5_IS3_E7__valueEE6__typeEE6__typeES2_S3_
                0x08006b1c        0x0 Core\Src\CanManager.o
 .ARM.extab.text._ZSt4fabsf
                0x08006b1c        0x0 Core\Src\Joystick.o
 .ARM.extab.text._ZN8Joystick4initEv
                0x08006b1c        0xc Core\Src\Joystick.o
 .ARM.extab.text._ZN8Joystick9sendToCanEv
                0x08006b28        0xc Core\Src\Joystick.o
 .ARM.extab.text._ZN8Joystick7processEv
                0x08006b34        0xc Core\Src\Joystick.o
 .ARM.extab.text._ZSt3powIihEN9__gnu_cxx11__promote_2IT_T0_NS0_9__promoteIS2_XsrSt12__is_integerIS2_E7__valueEE6__typeENS4_IS3_XsrS5_IS3_E7__valueEE6__typeEE6__typeES2_S3_
                0x08006b40        0x0 Core\Src\Joystick.o
 .ARM.extab.text._ZN11ModeManager4initEv
                0x08006b40        0xc Core\Src\ModeManager.o
 .ARM.extab.text._ZN11ModeManager12statusUpdateENS_7RC_MODEENS_10DRIVE_MODEE
                0x08006b4c        0xc Core\Src\ModeManager.o
 .ARM.extab.text._ZN11ModeManager14startIdleTimerEv
                0x08006b58        0xc Core\Src\ModeManager.o
 .ARM.extab.text._ZN11ModeManager13stopIdleTimerEv
                0x08006b64        0xc Core\Src\ModeManager.o
 .ARM.extab.text.SystemClock_Config
                0x08006b70        0xc Core\Src\main.o
 .ARM.extab     0x08006b7c       0x18 d:/programs/atollic truestudio/truestudio for stm32 9.3.0/armtools/bin/../lib/gcc/arm-atollic-eabi/6.3.1/armv7-m\libgcc.a(pr-support.o)

.ARM            0x08006b94      0x1b8
                0x08006b94                __exidx_start = .
 *(.ARM.exidx*)
 .ARM.exidx.text.HAL_TIM_PeriodElapsedCallback
                0x08006c4c        0x8 Core\Src\Callbacks.o
 .ARM.exidx.text.HAL_CAN_RxFifo1MsgPendingCallback
                0x08006c54        0x8 Core\Src\Callbacks.o
 .ARM.exidx.text._ZN10CanManager4initEv
                0x08006c5c        0x8 Core\Src\CanManager.o
 .ARM.exidx.text._ZN10CanManager7processEv
                0x08006c64        0x8 Core\Src\CanManager.o
 .ARM.exidx.text._ZN10CanManager20convertStatusData_RxEPh
                0x08006c6c        0x8 Core\Src\CanManager.o
 .ARM.exidx.text._ZN10CanManager18getRCmodeStatus_RxEh
                0x08006c74        0x8 Core\Src\CanManager.o
 .ARM.exidx.text._ZN10CanManager21getDriveModestatus_RxEh
                0x08006c7c        0x0 Core\Src\CanManager.o
                                  0x8 (size before relaxing)
 .ARM.exidx.text._ZN10CanManager11setVelocityEPhN11ModeManager10MSG_ORIGINE
                0x08006c7c        0x8 Core\Src\CanManager.o
 .ARM.exidx.text._ZN10CanManager7setTurnEPhN11ModeManager10MSG_ORIGINE
                0x08006c84        0x8 Core\Src\CanManager.o
 .ARM.exidx.text._ZN10CanManager10getData_RxEmPhh
                0x08006c8c        0x8 Core\Src\CanManager.o
 .ARM.exidx.text._ZN10CanManager7sendMsgENS_9SEND_MODEEPh
                0x08006c94        0x8 Core\Src\CanManager.o
 .ARM.exidx.text._ZN10CanManager21convertFloatToUint16tEf
                0x08006c9c        0x8 Core\Src\CanManager.o
 .ARM.exidx.text._ZN10CanManager17convertToFrame_TxEhtNS_9SEND_MODEE
                0x08006ca4        0x0 Core\Src\CanManager.o
                                  0x8 (size before relaxing)
 .ARM.exidx.text._ZN10CanManager23encode_frame_big_endianEPhh
                0x08006ca4        0x0 Core\Src\CanManager.o
                                  0x8 (size before relaxing)
 .ARM.exidx.text._ZN10CanManager26convertVelocityTurnData_TxEfhNS_9SEND_MODEE
                0x08006ca4        0x8 Core\Src\CanManager.o
 .ARM.exidx.text._ZN10CanManager12sendVelocityEfh
                0x08006cac        0x8 Core\Src\CanManager.o
 .ARM.exidx.text._ZN10CanManager8sendTurnEfh
                0x08006cb4        0x8 Core\Src\CanManager.o
 .ARM.exidx.text._ZN10CanManager13stopAllMotorsEv
                0x08006cbc        0x8 Core\Src\CanManager.o
 .ARM.exidx.text._ZN10CanManager12hal_can_sendEthPh
                0x08006cc4        0x8 Core\Src\CanManager.o
 .ARM.exidx.text._ZN10CanManager19hal_can_filter_initEv
                0x08006ccc        0x8 Core\Src\CanManager.o
 .ARM.exidx.text._ZN10CanManagerC2Ev
                0x08006cd4        0x8 Core\Src\CanManager.o
 .ARM.exidx.text._ZN10CanManagerD2Ev
                0x08006cdc        0x0 Core\Src\CanManager.o
                                  0x8 (size before relaxing)
 .ARM.exidx.text._ZN10CanManagerD0Ev
                0x08006cdc        0x0 Core\Src\CanManager.o
                                  0x8 (size before relaxing)
 .ARM.exidx.text._ZSt3powIiiEN9__gnu_cxx11__promote_2IT_T0_NS0_9__promoteIS2_XsrSt12__is_integerIS2_E7__valueEE6__typeENS4_IS3_XsrS5_IS3_E7__valueEE6__typeEE6__typeES2_S3_
                0x08006cdc        0x0 Core\Src\CanManager.o
                                  0x8 (size before relaxing)
 .ARM.exidx.text._Z41__static_initialization_and_destruction_0ii
                0x08006cdc        0x0 Core\Src\CanManager.o
                                  0x8 (size before relaxing)
 .ARM.exidx.text._GLOBAL__sub_I_canManager
                0x08006cdc        0x0 Core\Src\CanManager.o
                                  0x8 (size before relaxing)
 .ARM.exidx.text._ZSt4fabsf
                0x08006cdc        0x0 Core\Src\Joystick.o
                                  0x8 (size before relaxing)
 .ARM.exidx.text._ZN8Joystick4initEv
                0x08006cdc        0x8 Core\Src\Joystick.o
 .ARM.exidx.text._ZN8Joystick12get_adc_dataEPNS_13joystick_dataEPm
                0x08006ce4        0x8 Core\Src\Joystick.o
 .ARM.exidx.text._ZN8Joystick20get_hal_adc_raw_dataEv
                0x08006cec        0x0 Core\Src\Joystick.o
                                  0x8 (size before relaxing)
 .ARM.exidx.text._ZN8Joystick18convert_adc_valuesEv
                0x08006cec        0x0 Core\Src\Joystick.o
                                  0x8 (size before relaxing)
 .ARM.exidx.text._ZN8Joystick20is_joy_near_neautralENS_9ax_paramsE
                0x08006cec        0x0 Core\Src\Joystick.o
                                  0x8 (size before relaxing)
 .ARM.exidx.text._ZN8Joystick23calcualate_axis_voltageENS_9ax_paramsE
                0x08006cec        0x0 Core\Src\Joystick.o
                                  0x8 (size before relaxing)
 .ARM.exidx.text._ZN8Joystick18calculate_joy_dataEv
                0x08006cec        0x0 Core\Src\Joystick.o
                                  0x8 (size before relaxing)
 .ARM.exidx.text._ZN8Joystick9sendToCanEv
                0x08006cec        0x8 Core\Src\Joystick.o
 .ARM.exidx.text._ZN8Joystick7processEv
                0x08006cf4        0x8 Core\Src\Joystick.o
 .ARM.exidx.text._ZN8JoystickC2Ev
                0x08006cfc        0x8 Core\Src\Joystick.o
 .ARM.exidx.text._ZN8JoystickD2Ev
                0x08006d04        0x0 Core\Src\Joystick.o
                                  0x8 (size before relaxing)
 .ARM.exidx.text._ZN8JoystickD0Ev
                0x08006d04        0x0 Core\Src\Joystick.o
                                  0x8 (size before relaxing)
 .ARM.exidx.text._ZSt3powIihEN9__gnu_cxx11__promote_2IT_T0_NS0_9__promoteIS2_XsrSt12__is_integerIS2_E7__valueEE6__typeENS4_IS3_XsrS5_IS3_E7__valueEE6__typeEE6__typeES2_S3_
                0x08006d04        0x0 Core\Src\Joystick.o
                                  0x8 (size before relaxing)
 .ARM.exidx.text._Z41__static_initialization_and_destruction_0ii
                0x08006d04        0x0 Core\Src\Joystick.o
                                  0x8 (size before relaxing)
 .ARM.exidx.text._GLOBAL__sub_I_joystick
                0x08006d04        0x0 Core\Src\Joystick.o
                                  0x8 (size before relaxing)
 .ARM.exidx.text._ZN11ModeManager4initEv
                0x08006d04        0x8 Core\Src\ModeManager.o
 .ARM.exidx.text._ZN11ModeManager18velocityPermissionENS_10MSG_ORIGINE
                0x08006d0c        0x8 Core\Src\ModeManager.o
 .ARM.exidx.text._ZN11ModeManager14turnPermissionENS_10MSG_ORIGINE
                0x08006d14        0x0 Core\Src\ModeManager.o
                                  0x8 (size before relaxing)
 .ARM.exidx.text._ZN11ModeManager12statusUpdateENS_7RC_MODEENS_10DRIVE_MODEE
                0x08006d14        0x8 Core\Src\ModeManager.o
 .ARM.exidx.text._ZN11ModeManager14startIdleTimerEv
                0x08006d1c        0x8 Core\Src\ModeManager.o
 .ARM.exidx.text._ZN11ModeManager13stopIdleTimerEv
                0x08006d24        0x8 Core\Src\ModeManager.o
 .ARM.exidx.text._ZN11ModeManager14resetIdleTimerEv
                0x08006d2c        0x8 Core\Src\ModeManager.o
 .ARM.exidx.text._ZN11ModeManager12getDriveModeEv
                0x08006d34        0x0 Core\Src\ModeManager.o
                                  0x8 (size before relaxing)
 .ARM.exidx.text._ZN11ModeManager9getRCmodeEv
                0x08006d34        0x0 Core\Src\ModeManager.o
                                  0x8 (size before relaxing)
 .ARM.exidx.text._ZN11ModeManager14isJoystickModeEv
                0x08006d34        0x0 Core\Src\ModeManager.o
                                  0x8 (size before relaxing)
 .ARM.exidx.text._ZN11ModeManagerC2Ev
                0x08006d34        0x0 Core\Src\ModeManager.o
                                  0x8 (size before relaxing)
 .ARM.exidx.text._ZN11ModeManagerD2Ev
                0x08006d34        0x0 Core\Src\ModeManager.o
                                  0x8 (size before relaxing)
 .ARM.exidx.text._ZN11ModeManagerD0Ev
                0x08006d34        0x0 Core\Src\ModeManager.o
                                  0x8 (size before relaxing)
 .ARM.exidx.text._Z41__static_initialization_and_destruction_0ii
                0x08006d34        0x0 Core\Src\ModeManager.o
                                  0x8 (size before relaxing)
 .ARM.exidx.text._GLOBAL__sub_I_modeManager
                0x08006d34        0x0 Core\Src\ModeManager.o
                                  0x8 (size before relaxing)
 .ARM.exidx.text.main
                0x08006d34        0x8 Core\Src\main.o
 .ARM.exidx.text.SystemClock_Config
                0x08006d3c        0x8 Core\Src\main.o
 .ARM.exidx.text.Error_Handler
                0x08006d44        0x8 Core\Src\main.o
 .ARM.exidx     0x08006b94       0x80 d:/programs/atollic truestudio/truestudio for stm32 9.3.0/armtools/bin/../lib/gcc/arm-atollic-eabi/6.3.1/armv7-m\libgcc.a(unwind-arm.o)
                                 0xd8 (size before relaxing)
 .ARM.exidx     0x08006c14       0x38 d:/programs/atollic truestudio/truestudio for stm32 9.3.0/armtools/bin/../lib/gcc/arm-atollic-eabi/6.3.1/armv7-m\libgcc.a(pr-support.o)
                                 0x48 (size before relaxing)
                0x08006d4c                __exidx_end = .

.rel.dyn        0x08006d4c        0x0
 .rel.iplt      0x08006d4c        0x0 d:/programs/atollic truestudio/truestudio for stm32 9.3.0/armtools/bin/../lib/gcc/arm-atollic-eabi/6.3.1/armv7-m/crtbegin.o

.preinit_array  0x08006d4c        0x0
                0x08006d4c                PROVIDE (__preinit_array_start, .)
 *(.preinit_array*)
                0x08006d4c                PROVIDE (__preinit_array_end, .)

.init_array     0x08006d4c       0x10
                0x08006d4c                PROVIDE (__init_array_start, .)
 *(SORT(.init_array.*))
 *(.init_array*)
 .init_array    0x08006d4c        0x4 d:/programs/atollic truestudio/truestudio for stm32 9.3.0/armtools/bin/../lib/gcc/arm-atollic-eabi/6.3.1/armv7-m/crtbegin.o
 .init_array    0x08006d50        0x4 Core\Src\CanManager.o
 .init_array    0x08006d54        0x4 Core\Src\Joystick.o
 .init_array    0x08006d58        0x4 Core\Src\ModeManager.o
                0x08006d5c                PROVIDE (__init_array_end, .)

.fini_array     0x08006d5c        0x4
                [!provide]                PROVIDE (__fini_array_start, .)
 *(SORT(.fini_array.*))
 *(.fini_array*)
 .fini_array    0x08006d5c        0x4 d:/programs/atollic truestudio/truestudio for stm32 9.3.0/armtools/bin/../lib/gcc/arm-atollic-eabi/6.3.1/armv7-m/crtbegin.o
                [!provide]                PROVIDE (__fini_array_end, .)
                0x08006d60                _sidata = LOADADDR (.data)

.data           0x20000000       0x78 load address 0x08006d60
                0x20000000                . = ALIGN (0x4)
                0x20000000                _sdata = .
 *(.data)
 .data          0x20000000        0x4 d:/programs/atollic truestudio/truestudio for stm32 9.3.0/armtools/bin/../lib/gcc/arm-atollic-eabi/6.3.1/armv7-m/crtbegin.o
                0x20000000                __dso_handle
 *(.data*)
 .data.SystemCoreClock
                0x20000004        0x4 Core\Src\system_stm32f1xx.o
                0x20000004                SystemCoreClock
 .data.uwTickFreq
                0x20000008        0x1 Drivers\STM32F1xx_HAL_Driver\Src\stm32f1xx_hal.o
                0x20000008                uwTickFreq
 *fill*         0x20000009        0x3 
 .data.uwTickPrio
                0x2000000c        0x4 Drivers\STM32F1xx_HAL_Driver\Src\stm32f1xx_hal.o
                0x2000000c                uwTickPrio
 .data.__fdlib_version
                0x20000010        0x1 d:/programs/atollic truestudio/truestudio for stm32 9.3.0/armtools/bin/../lib/gcc/arm-atollic-eabi/6.3.1/../../../../arm-atollic-eabi/lib/armv7-m\libm.a(lib_a-s_lib_ver.o)
                0x20000010                __fdlib_version
 *fill*         0x20000011        0x3 
 .data._impure_ptr
                0x20000014        0x4 d:/programs/atollic truestudio/truestudio for stm32 9.3.0/armtools/bin/../lib/gcc/arm-atollic-eabi/6.3.1/../../../../arm-atollic-eabi/lib/armv7-m\libc_nano.a(lib_a-impure.o)
                0x20000014                _impure_ptr
 .data.impure_data
                0x20000018       0x60 d:/programs/atollic truestudio/truestudio for stm32 9.3.0/armtools/bin/../lib/gcc/arm-atollic-eabi/6.3.1/../../../../arm-atollic-eabi/lib/armv7-m\libc_nano.a(lib_a-impure.o)
                0x20000078                . = ALIGN (0x4)
                0x20000078                _edata = .

.igot.plt       0x20000078        0x0 load address 0x08006dd8
 .igot.plt      0x20000078        0x0 d:/programs/atollic truestudio/truestudio for stm32 9.3.0/armtools/bin/../lib/gcc/arm-atollic-eabi/6.3.1/armv7-m/crtbegin.o
                0x20000078                . = ALIGN (0x4)

.bss            0x20000078      0x320 load address 0x08006dd8
                0x20000078                _sbss = .
                0x20000078                __bss_start__ = _sbss
 *(.bss)
 .bss           0x20000078       0x1c d:/programs/atollic truestudio/truestudio for stm32 9.3.0/armtools/bin/../lib/gcc/arm-atollic-eabi/6.3.1/armv7-m/crtbegin.o
 .bss           0x20000094       0x50 Core\Src\CanManager.o
                0x20000094                canManager
 .bss           0x200000e4       0xb4 Core\Src\Joystick.o
                0x200000e4                joystick
 .bss           0x20000198        0x8 Core\Src\ModeManager.o
                0x20000198                modeManager
 *(.bss*)
 .bss.heap_end.5887
                0x200001a0        0x4 Core\Src\syscalls.o
 .bss.__malloc_free_list
                0x200001a4        0x4 d:/programs/atollic truestudio/truestudio for stm32 9.3.0/armtools/bin/../lib/gcc/arm-atollic-eabi/6.3.1/../../../../arm-atollic-eabi/lib/armv7-m\libc_nano.a(lib_a-nano-mallocr.o)
                0x200001a4                __malloc_free_list
 .bss.__malloc_sbrk_start
                0x200001a8        0x4 d:/programs/atollic truestudio/truestudio for stm32 9.3.0/armtools/bin/../lib/gcc/arm-atollic-eabi/6.3.1/../../../../arm-atollic-eabi/lib/armv7-m\libc_nano.a(lib_a-nano-mallocr.o)
                0x200001a8                __malloc_sbrk_start
 *(COMMON)
 COMMON         0x200001ac       0x74 Core\Src\adc.o
                0x200001ac                hadc1
                0x200001dc                hdma_adc1
 COMMON         0x20000220       0x28 Core\Src\can.o
                0x20000220                hcan
 COMMON         0x20000248       0x80 Core\Src\tim.o
                0x20000248                htim4
                0x20000288                htim3
 COMMON         0x200002c8       0xc8 Core\Src\usart.o
                0x200002c8                hdma_usart1_tx
                0x2000030c                hdma_usart1_rx
                0x20000350                huart1
 COMMON         0x20000390        0x4 Drivers\STM32F1xx_HAL_Driver\Src\stm32f1xx_hal.o
                0x20000390                uwTick
 COMMON         0x20000394        0x4 d:/programs/atollic truestudio/truestudio for stm32 9.3.0/armtools/bin/../lib/gcc/arm-atollic-eabi/6.3.1/../../../../arm-atollic-eabi/lib/armv7-m\libc_nano.a(lib_a-reent.o)
                0x20000394                errno
                0x20000398                . = ALIGN (0x4)
                0x20000398                _ebss = .
                0x20000398                __bss_end__ = _ebss

._user_heap_stack
                0x20000398      0x500 load address 0x08006dd8
                0x20000398                . = ALIGN (0x4)
                0x20000398                PROVIDE (end, .)
                [!provide]                PROVIDE (_end, .)
                0x20000498                . = (. + _Min_Heap_Size)
 *fill*         0x20000398      0x100 
                0x20000898                . = (. + _Min_Stack_Size)
 *fill*         0x20000498      0x400 
                0x20000898                . = ALIGN (0x4)

/DISCARD/
 libc.a(*)
 libm.a(*)
 libgcc.a(*)

.ARM.attributes
                0x00000000       0x29
 *(.ARM.attributes)
 .ARM.attributes
                0x00000000       0x1d d:/programs/atollic truestudio/truestudio for stm32 9.3.0/armtools/bin/../lib/gcc/arm-atollic-eabi/6.3.1/armv7-m/crti.o
 .ARM.attributes
                0x0000001d       0x2d d:/programs/atollic truestudio/truestudio for stm32 9.3.0/armtools/bin/../lib/gcc/arm-atollic-eabi/6.3.1/armv7-m/crtbegin.o
 .ARM.attributes
                0x0000004a       0x33 Core\Src\Callbacks.o
 .ARM.attributes
                0x0000007d       0x33 Core\Src\CanManager.o
 .ARM.attributes
                0x000000b0       0x33 Core\Src\Joystick.o
 .ARM.attributes
                0x000000e3       0x33 Core\Src\ModeManager.o
 .ARM.attributes
                0x00000116       0x33 Core\Src\adc.o
 .ARM.attributes
                0x00000149       0x33 Core\Src\can.o
 .ARM.attributes
                0x0000017c       0x33 Core\Src\dma.o
 .ARM.attributes
                0x000001af       0x33 Core\Src\gpio.o
 .ARM.attributes
                0x000001e2       0x33 Core\Src\main.o
 .ARM.attributes
                0x00000215       0x33 Core\Src\stm32f1xx_hal_msp.o
 .ARM.attributes
                0x00000248       0x33 Core\Src\stm32f1xx_it.o
 .ARM.attributes
                0x0000027b       0x33 Core\Src\syscalls.o
 .ARM.attributes
                0x000002ae       0x33 Core\Src\system_stm32f1xx.o
 .ARM.attributes
                0x000002e1       0x33 Core\Src\tim.o
 .ARM.attributes
                0x00000314       0x33 Core\Src\usart.o
 .ARM.attributes
                0x00000347       0x33 Drivers\STM32F1xx_HAL_Driver\Src\stm32f1xx_hal.o
 .ARM.attributes
                0x0000037a       0x33 Drivers\STM32F1xx_HAL_Driver\Src\stm32f1xx_hal_adc.o
 .ARM.attributes
                0x000003ad       0x33 Drivers\STM32F1xx_HAL_Driver\Src\stm32f1xx_hal_can.o
 .ARM.attributes
                0x000003e0       0x33 Drivers\STM32F1xx_HAL_Driver\Src\stm32f1xx_hal_cortex.o
 .ARM.attributes
                0x00000413       0x33 Drivers\STM32F1xx_HAL_Driver\Src\stm32f1xx_hal_dma.o
 .ARM.attributes
                0x00000446       0x33 Drivers\STM32F1xx_HAL_Driver\Src\stm32f1xx_hal_gpio.o
 .ARM.attributes
                0x00000479       0x33 Drivers\STM32F1xx_HAL_Driver\Src\stm32f1xx_hal_rcc.o
 .ARM.attributes
                0x000004ac       0x33 Drivers\STM32F1xx_HAL_Driver\Src\stm32f1xx_hal_rcc_ex.o
 .ARM.attributes
                0x000004df       0x33 Drivers\STM32F1xx_HAL_Driver\Src\stm32f1xx_hal_tim.o
 .ARM.attributes
                0x00000512       0x33 Drivers\STM32F1xx_HAL_Driver\Src\stm32f1xx_hal_tim_ex.o
 .ARM.attributes
                0x00000545       0x33 Drivers\STM32F1xx_HAL_Driver\Src\stm32f1xx_hal_uart.o
 .ARM.attributes
                0x00000578       0x21 startup\startup_stm32f103xe.o
 .ARM.attributes
                0x00000599       0x2d d:/programs/atollic truestudio/truestudio for stm32 9.3.0/armtools/bin/../lib/gcc/arm-atollic-eabi/6.3.1/../../../../arm-atollic-eabi/lib/armv7-m\libstdc++_nano.a(del_op.o)
 .ARM.attributes
                0x000005c6       0x2d d:/programs/atollic truestudio/truestudio for stm32 9.3.0/armtools/bin/../lib/gcc/arm-atollic-eabi/6.3.1/../../../../arm-atollic-eabi/lib/armv7-m\libstdc++_nano.a(atexit_arm.o)
 .ARM.attributes
                0x000005f3       0x2d d:/programs/atollic truestudio/truestudio for stm32 9.3.0/armtools/bin/../lib/gcc/arm-atollic-eabi/6.3.1/../../../../arm-atollic-eabi/lib/armv7-m\libstdc++_nano.a(class_type_info.o)
 .ARM.attributes
                0x00000620       0x2d d:/programs/atollic truestudio/truestudio for stm32 9.3.0/armtools/bin/../lib/gcc/arm-atollic-eabi/6.3.1/../../../../arm-atollic-eabi/lib/armv7-m\libstdc++_nano.a(tinfo.o)
 .ARM.attributes
                0x0000064d       0x2d d:/programs/atollic truestudio/truestudio for stm32 9.3.0/armtools/bin/../lib/gcc/arm-atollic-eabi/6.3.1/../../../../arm-atollic-eabi/lib/armv7-m\libstdc++_nano.a(si_class_type_info.o)
 .ARM.attributes
                0x0000067a       0x2d d:/programs/atollic truestudio/truestudio for stm32 9.3.0/armtools/bin/../lib/gcc/arm-atollic-eabi/6.3.1/../../../../arm-atollic-eabi/lib/armv7-m\libstdc++_nano.a(del_ops.o)
 .ARM.attributes
                0x000006a7       0x2d d:/programs/atollic truestudio/truestudio for stm32 9.3.0/armtools/bin/../lib/gcc/arm-atollic-eabi/6.3.1/../../../../arm-atollic-eabi/lib/armv7-m\libm.a(lib_a-w_pow.o)
 .ARM.attributes
                0x000006d4       0x2d d:/programs/atollic truestudio/truestudio for stm32 9.3.0/armtools/bin/../lib/gcc/arm-atollic-eabi/6.3.1/../../../../arm-atollic-eabi/lib/armv7-m\libm.a(lib_a-e_pow.o)
 .ARM.attributes
                0x00000701       0x2d d:/programs/atollic truestudio/truestudio for stm32 9.3.0/armtools/bin/../lib/gcc/arm-atollic-eabi/6.3.1/../../../../arm-atollic-eabi/lib/armv7-m\libm.a(lib_a-e_sqrt.o)
 .ARM.attributes
                0x0000072e       0x2d d:/programs/atollic truestudio/truestudio for stm32 9.3.0/armtools/bin/../lib/gcc/arm-atollic-eabi/6.3.1/../../../../arm-atollic-eabi/lib/armv7-m\libm.a(lib_a-s_fabs.o)
 .ARM.attributes
                0x0000075b       0x2d d:/programs/atollic truestudio/truestudio for stm32 9.3.0/armtools/bin/../lib/gcc/arm-atollic-eabi/6.3.1/../../../../arm-atollic-eabi/lib/armv7-m\libm.a(lib_a-s_finite.o)
 .ARM.attributes
                0x00000788       0x2d d:/programs/atollic truestudio/truestudio for stm32 9.3.0/armtools/bin/../lib/gcc/arm-atollic-eabi/6.3.1/../../../../arm-atollic-eabi/lib/armv7-m\libm.a(lib_a-s_lib_ver.o)
 .ARM.attributes
                0x000007b5       0x2d d:/programs/atollic truestudio/truestudio for stm32 9.3.0/armtools/bin/../lib/gcc/arm-atollic-eabi/6.3.1/../../../../arm-atollic-eabi/lib/armv7-m\libm.a(lib_a-s_matherr.o)
 .ARM.attributes
                0x000007e2       0x2d d:/programs/atollic truestudio/truestudio for stm32 9.3.0/armtools/bin/../lib/gcc/arm-atollic-eabi/6.3.1/../../../../arm-atollic-eabi/lib/armv7-m\libm.a(lib_a-s_nan.o)
 .ARM.attributes
                0x0000080f       0x2d d:/programs/atollic truestudio/truestudio for stm32 9.3.0/armtools/bin/../lib/gcc/arm-atollic-eabi/6.3.1/../../../../arm-atollic-eabi/lib/armv7-m\libm.a(lib_a-s_rint.o)
 .ARM.attributes
                0x0000083c       0x2d d:/programs/atollic truestudio/truestudio for stm32 9.3.0/armtools/bin/../lib/gcc/arm-atollic-eabi/6.3.1/../../../../arm-atollic-eabi/lib/armv7-m\libm.a(lib_a-s_scalbn.o)
 .ARM.attributes
                0x00000869       0x2d d:/programs/atollic truestudio/truestudio for stm32 9.3.0/armtools/bin/../lib/gcc/arm-atollic-eabi/6.3.1/../../../../arm-atollic-eabi/lib/armv7-m\libm.a(lib_a-s_copysign.o)
 .ARM.attributes
                0x00000896       0x2d d:/programs/atollic truestudio/truestudio for stm32 9.3.0/armtools/bin/../lib/gcc/arm-atollic-eabi/6.3.1/../../../../arm-atollic-eabi/lib/armv7-m\libc_nano.a(lib_a-calloc.o)
 .ARM.attributes
                0x000008c3       0x2d d:/programs/atollic truestudio/truestudio for stm32 9.3.0/armtools/bin/../lib/gcc/arm-atollic-eabi/6.3.1/../../../../arm-atollic-eabi/lib/armv7-m\libc_nano.a(lib_a-cxa_atexit.o)
 .ARM.attributes