CanManager.cpp:12:6:void CanManager::init()	16	static
CanManager.cpp:16:6:void CanManager::process()	16	static
CanManager.cpp:23:7:float CanManager::getSign_Rx(uint8_t*)	24	static
CanManager.cpp:29:7:float CanManager::convertVelocityTurnData_Rx(uint8_t*)	32	static
CanManager.cpp:34:6:void CanManager::convertStatusData_Rx(uint8_t*)	32	static
CanManager.cpp:41:22:ModeManager::RC_MODE CanManager::getRCmodeStatus_Rx(uint8_t)	16	static
CanManager.cpp:48:25:ModeManager::DRIVE_MODE CanManager::getDriveModestatus_Rx(uint8_t)	16	static
CanManager.cpp:54:10:uint16_t CanManager::uint8_To_uint16(uint8_t*, uint8_t)	24	static
CanManager.cpp:58:6:void CanManager::setVelocity(float, ModeManager::MSG_ORIGIN)	24	static
CanManager.cpp:62:6:void CanManager::setTurn(float, ModeManager::MSG_ORIGIN)	24	static
CanManager.cpp:66:6:void CanManager::getData_Rx(uint32_t, uint8_t*, uint8_t)	24	static
CanManager.cpp:76:6:void CanManager::sendMsg(CanManager::SEND_MODE, uint8_t*)	24	static
CanManager.cpp:85:9:uint8_t CanManager::getSign_Tx(float)	16	static
CanManager.cpp:90:10:uint16_t CanManager::convertFloatToUint16t(float, float)	32	static
CanManager.cpp:96:11:uint8_t* CanManager::convertToFrame_Tx(uint8_t, uint16_t, CanManager::SEND_MODE)	24	static
CanManager.cpp:108:10:uint8_t* CanManager::encode_frame_big_endian(uint8_t*, uint8_t)	32	static
CanManager.cpp:115:6:void CanManager::convertVelocityTurnData_Tx(float, CanManager::SEND_MODE)	32	static
CanManager.cpp:121:6:void CanManager::sendVelocity(float)	16	static
CanManager.cpp:124:6:void CanManager::sendTurn(float)	16	static
CanManager.cpp:128:6:void CanManager::stopAllMotors()	16	static
CanManager.cpp:134:6:void CanManager::hal_can_send(uint16_t, uint8_t, uint8_t*)	56	static
CanManager.cpp:147:6:void CanManager::hal_can_filter_init()	16	static
CanManager.cpp:158:1:CanManager::CanManager()	16	static
CanManager.cpp:162:1:CanManager::~CanManager()	16	static
CanManager.cpp:162:1:virtual CanManager::~CanManager()	16	static
CanManager.cpp:164:1:void __static_initialization_and_destruction_0(int, int)	16	static
CanManager.cpp:164:1:cpp)	8	static
