CanManager.cpp:13:6:void CanManager::init()	16	static
CanManager.cpp:17:6:void CanManager::process()	16	static
CanManager.cpp:24:7:float CanManager::getSign_Rx(uint8_t*)	24	static
CanManager.cpp:30:7:float CanManager::convertVelocityTurnData_Rx(uint8_t*)	32	static
CanManager.cpp:35:6:void CanManager::convertStatusData_Rx(uint8_t*)	32	static
CanManager.cpp:42:22:ModeManager::RC_MODE CanManager::getRCmodeStatus_Rx(uint8_t)	16	static
CanManager.cpp:49:25:ModeManager::DRIVE_MODE CanManager::getDriveModestatus_Rx(uint8_t)	16	static
CanManager.cpp:55:10:uint16_t CanManager::uint8_To_uint16(uint8_t*, uint8_t)	24	static
CanManager.cpp:59:6:void CanManager::setVelocity(float, ModeManager::MSG_ORIGIN)	24	static
CanManager.cpp:63:6:void CanManager::setTurn(float, ModeManager::MSG_ORIGIN)	24	static
CanManager.cpp:67:6:void CanManager::getData_Rx(uint32_t, uint8_t*, uint8_t)	24	static
CanManager.cpp:77:6:void CanManager::sendMsg(CanManager::SEND_MODE, uint8_t*)	24	static
CanManager.cpp:86:9:uint8_t CanManager::getSign_Tx(float)	16	static
CanManager.cpp:91:10:uint16_t CanManager::convertFloatToUint16t(float, float)	40	static
CanManager.cpp:103:11:uint8_t* CanManager::convertToFrame_Tx(uint8_t, uint16_t, CanManager::SEND_MODE)	24	static
CanManager.cpp:115:10:uint8_t* CanManager::encode_frame_big_endian(uint8_t*, uint8_t)	32	static
CanManager.cpp:122:6:void CanManager::convertVelocityTurnData_Tx(float, CanManager::SEND_MODE)	32	static
CanManager.cpp:128:6:void CanManager::sendVelocity(float)	16	static
CanManager.cpp:131:6:void CanManager::sendTurn(float)	16	static
CanManager.cpp:135:6:void CanManager::stopAllMotors()	16	static
CanManager.cpp:141:6:void CanManager::hal_can_send(uint16_t, uint8_t, uint8_t*)	56	static
CanManager.cpp:154:6:void CanManager::hal_can_filter_init()	16	static
CanManager.cpp:165:1:CanManager::CanManager()	16	static
CanManager.cpp:169:1:CanManager::~CanManager()	16	static
CanManager.cpp:169:1:virtual CanManager::~CanManager()	16	static
cmath:438:5:typename __gnu_cxx::__promote_2<_Tp, _Up>::__type std::pow(_Tp, _Up) [with _Tp = int; _Up = int]	24	static
CanManager.cpp:171:1:void __static_initialization_and_destruction_0(int, int)	16	static
CanManager.cpp:171:1:cpp)	8	static
