CanManager.cpp:13:6:void CanManager::init()	16	static
CanManager.cpp:29:6:void CanManager::joystickSendProcess()	32	static
CanManager.cpp:53:6:void CanManager::rewriteFrameProcess(uint32_t, uint8_t*)	24	static
CanManager.cpp:61:6:void CanManager::convertStatusData_Rx(uint8_t*)	32	static
CanManager.cpp:68:22:ModeManager::RC_MODE CanManager::getRCmodeStatus_Rx(uint8_t)	16	static
CanManager.cpp:75:25:ModeManager::DRIVE_MODE CanManager::getDriveModestatus_Rx(uint8_t)	16	static
CanManager.cpp:80:6:void CanManager::setVelocity(uint8_t*, ModeManager::MSG_ORIGIN)	24	static
CanManager.cpp:87:6:void CanManager::setTurn(uint8_t*, ModeManager::MSG_ORIGIN)	24	static
CanManager.cpp:95:6:void CanManager::fill_frame(uint8_t*)	24	static
CanManager.cpp:103:6:void CanManager::sendMsg(CanManager::SEND_MODE)	16	static
CanManager.cpp:120:6:void CanManager::clearTxBuff()	24	static
CanManager.cpp:126:9:uint8_t CanManager::getSign_Tx(float)	16	static
CanManager.cpp:131:10:uint16_t CanManager::convertFloatToUint16t(float)	24	static
CanManager.cpp:139:6:void CanManager::convertToFrame_Tx(uint8_t, uint16_t)	16	static
CanManager.cpp:147:6:void CanManager::encode_frame_big_endian(uint8_t)	24	static
CanManager.cpp:160:6:void CanManager::stopAllMotors()	24	static
CanManager.cpp:169:6:void CanManager::hal_can_send(uint16_t, uint8_t)	16	static
CanManager.cpp:176:6:void CanManager::hal_can_filter_init()	16	static
CanManager.cpp:190:1:CanManager::CanManager()	16	static
CanManager.cpp:194:1:CanManager::~CanManager()	16	static
CanManager.cpp:194:1:virtual CanManager::~CanManager()	16	static
CanManager.cpp:196:1:void __static_initialization_and_destruction_0(int, int)	16	static
CanManager.cpp:196:1:cpp)	8	static
