CanManager.cpp:13:6:void CanManager::init()	16	static
CanManager.cpp:26:6:void CanManager::joystickSendProcess()	32	static
CanManager.cpp:50:6:void CanManager::rewriteFrameProcess(uint32_t, uint8_t*)	24	static
CanManager.cpp:58:6:void CanManager::convertStatusData_Rx(uint8_t*)	32	static
CanManager.cpp:65:22:ModeManager::RC_MODE CanManager::getRCmodeStatus_Rx(uint8_t)	16	static
CanManager.cpp:72:25:ModeManager::DRIVE_MODE CanManager::getDriveModestatus_Rx(uint8_t)	16	static
CanManager.cpp:77:6:void CanManager::setVelocity(uint8_t*, ModeManager::MSG_ORIGIN)	24	static
CanManager.cpp:84:6:void CanManager::setTurn(uint8_t*, ModeManager::MSG_ORIGIN)	24	static
CanManager.cpp:92:6:void CanManager::fill_frame(uint8_t*)	24	static
CanManager.cpp:100:6:void CanManager::sendMsg(CanManager::SEND_MODE)	16	static
CanManager.cpp:117:6:void CanManager::clearTxBuff()	24	static
CanManager.cpp:123:9:uint8_t CanManager::getSign_Tx(float)	16	static
CanManager.cpp:128:10:uint16_t CanManager::convertFloatToUint16t(float)	32	static
CanManager.cpp:136:6:void CanManager::convertToFrame_Tx(uint8_t, uint16_t)	16	static
CanManager.cpp:144:6:void CanManager::encode_frame_big_endian(uint8_t)	24	static
CanManager.cpp:157:6:void CanManager::stopAllMotors()	24	static
CanManager.cpp:166:6:void CanManager::hal_can_send(uint16_t, uint8_t)	16	static
CanManager.cpp:173:6:void CanManager::hal_can_filter_init()	16	static
CanManager.cpp:187:1:CanManager::CanManager()	16	static
CanManager.cpp:191:1:CanManager::~CanManager()	16	static
CanManager.cpp:191:1:virtual CanManager::~CanManager()	16	static
cmath:438:5:typename __gnu_cxx::__promote_2<_Tp, _Up>::__type std::pow(_Tp, _Up) [with _Tp = int; _Up = int]	24	static
CanManager.cpp:193:1:void __static_initialization_and_destruction_0(int, int)	16	static
CanManager.cpp:193:1:cpp)	8	static
