CanManager.cpp:15:7:float CanManager::getSign_Rx(uint8_t*)	24	static
CanManager.cpp:21:7:float CanManager::convertVelocityTurnData_Rx(uint8_t*)	32	static
CanManager.cpp:26:6:void CanManager::convertStatusData_Rx(uint8_t*)	32	static
CanManager.cpp:32:22:ModeManager::RC_MODE CanManager::getRCmodeStatus_Rx(uint8_t)	16	static
CanManager.cpp:39:25:ModeManager::DRIVE_MODE CanManager::getDriveModestatus_Rx(uint8_t)	16	static
CanManager.cpp:45:10:uint16_t CanManager::uint8_To_uint16(uint8_t*, uint8_t)	24	static
CanManager.cpp:49:6:void CanManager::setVelocity(float, ModeManager::MSG_ORIGIN)	32	static
CanManager.cpp:53:6:void CanManager::setTurn(float, ModeManager::MSG_ORIGIN)	32	static
CanManager.cpp:58:6:void CanManager::getData_Rx(uint32_t, uint8_t*, uint8_t)	24	static
CanManager.cpp:68:6:void CanManager::sendMsg(CanManager::SEND_MODE, uint8_t*)	24	static
CanManager.cpp:77:9:uint8_t CanManager::getSign_Tx(float)	16	static
CanManager.cpp:82:10:uint16_t CanManager::convertFloatToUint16t(float, float)	32	static
CanManager.cpp:88:11:uint8_t* CanManager::convertToFrame_Tx(uint8_t, uint16_t, CanManager::SEND_MODE)	24	static
CanManager.cpp:100:10:uint8_t* CanManager::encode_frame_big_endian(uint8_t*, uint8_t)	32	static
CanManager.cpp:107:6:void CanManager::convertVelocityTurnData_Tx(float, CanManager::SEND_MODE)	32	static
CanManager.cpp:113:6:void CanManager::sendVelocity(float)	16	static
CanManager.cpp:116:6:void CanManager::sendTurn(float)	16	static
CanManager.cpp:120:6:void CanManager::stopAllMotors()	16	static
CanManager.cpp:126:6:void CanManager::hal_can_send(uint16_t, uint8_t, uint8_t*)	24	static
CanManager.cpp:137:6:void CanManager::hal_can_filter_init()	16	static
CanManager.cpp:148:1:CanManager::CanManager()	16	static
CanManager.cpp:153:1:CanManager::~CanManager()	16	static
CanManager.cpp:153:1:virtual CanManager::~CanManager()	16	static
CanManager.cpp:155:1:void __static_initialization_and_destruction_0(int, int)	16	static
CanManager.cpp:155:1:cpp)	8	static
