CanManager.cpp:13:6:void CanManager::init()	16	static
CanManager.cpp:17:6:void CanManager::process()	16	static
CanManager.cpp:24:6:void CanManager::convertStatusData_Rx(uint8_t*)	32	static
CanManager.cpp:31:22:ModeManager::RC_MODE CanManager::getRCmodeStatus_Rx(uint8_t)	16	static
CanManager.cpp:38:25:ModeManager::DRIVE_MODE CanManager::getDriveModestatus_Rx(uint8_t)	16	static
CanManager.cpp:43:6:void CanManager::setVelocity(uint8_t*, ModeManager::MSG_ORIGIN)	24	static
CanManager.cpp:47:6:void CanManager::setTurn(uint8_t*, ModeManager::MSG_ORIGIN)	24	static
CanManager.cpp:51:6:void CanManager::getData_Rx(uint32_t, uint8_t*, uint8_t)	24	static
CanManager.cpp:61:6:void CanManager::sendMsg(CanManager::SEND_MODE, uint8_t*)	24	static
CanManager.cpp:70:10:uint16_t CanManager::convertFloatToUint16t(float)	32	static
CanManager.cpp:78:11:uint8_t* CanManager::convertToFrame_Tx(uint8_t, uint16_t, CanManager::SEND_MODE)	24	static
CanManager.cpp:90:10:uint8_t* CanManager::encode_frame_big_endian(uint8_t*, uint8_t)	32	static
CanManager.cpp:97:6:void CanManager::convertVelocityTurnData_Tx(float, uint8_t, CanManager::SEND_MODE)	32	static
CanManager.cpp:102:6:void CanManager::sendVelocity(float, uint8_t)	24	static
CanManager.cpp:105:6:void CanManager::sendTurn(float, uint8_t)	24	static
CanManager.cpp:109:6:void CanManager::stopAllMotors()	16	static
CanManager.cpp:114:6:void CanManager::hal_can_send(uint16_t, uint8_t, uint8_t*)	56	static
CanManager.cpp:127:6:void CanManager::hal_can_filter_init()	16	static
CanManager.cpp:138:1:CanManager::CanManager()	16	static
CanManager.cpp:142:1:CanManager::~CanManager()	16	static
CanManager.cpp:142:1:virtual CanManager::~CanManager()	16	static
cmath:438:5:typename __gnu_cxx::__promote_2<_Tp, _Up>::__type std::pow(_Tp, _Up) [with _Tp = int; _Up = int]	24	static
CanManager.cpp:144:1:void __static_initialization_and_destruction_0(int, int)	16	static
CanManager.cpp:144:1:cpp)	8	static
