ModeManager.cpp:12:9:uint8_t ModeManager::velocityPermission(ModeManager::MSG_ORIGIN)	16	static
ModeManager.cpp:27:9:uint8_t ModeManager::turnPermission(ModeManager::MSG_ORIGIN)	16	static
ModeManager.cpp:43:6:void ModeManager::statusUpdate(ModeManager::RC_MODE, ModeManager::DRIVE_MODE)	16	static
ModeManager.cpp:52:6:void ModeManager::startIdleTimer()	16	static
ModeManager.cpp:56:6:void ModeManager::stopIdleTimer()	16	static
ModeManager.cpp:60:6:void ModeManager::resetIdleTimer()	16	static
ModeManager.cpp:64:25:ModeManager::DRIVE_MODE ModeManager::getDriveMode()	16	static
ModeManager.cpp:67:22:ModeManager::RC_MODE ModeManager::getRCmode()	16	static
ModeManager.cpp:72:9:uint8_t ModeManager::isJoystickMode()	16	static
ModeManager.cpp:78:1:ModeManager::ModeManager()	16	static
ModeManager.cpp:83:1:ModeManager::~ModeManager()	16	static
ModeManager.cpp:83:1:virtual ModeManager::~ModeManager()	16	static
ModeManager.cpp:85:1:void __static_initialization_and_destruction_0(int, int)	16	static
ModeManager.cpp:85:1:cpp)	8	static
